<?xml version="1.0" encoding="utf-8"?>
<TestRun id="35fab6f3-46e2-48f1-a520-8626a1d076e2" name="LEEYS@LEEIISSS187 2026-09-09 13:48:59" runUser="LEEIISSS187\LEEYS" xmlns="http://microsoft.com/schemas/VisualStudio/TeamTest/2010">
  <Times creation="2026-09-09T13:48:59.7632400+08:00" queuing="2026-09-09T13:48:59.7632404+08:00" start="2026-09-09T13:48:58.9021405+08:00" finish="2026-09-09T13:48:59.9190855+08:00" />
  <TestSettings name="default" id="cb6fb7cd-9c8d-4026-bfd1-61afdc2863b6">
    <Deployment runDeploymentRoot="LEEYS_LEEIISSS187_2026-09-09_13_48_59" />
  </TestSettings>
  <Results>
    <UnitTestResult executionId="73e16720-b9b6-4eb3-b32e-bb5ead7c04ab" testId="413f7685-cd82-561d-ada6-4d017bedaeee" testName="PlatformSelfCheck.Tests.InputAndSelfCheckReliabilityTests.BrokenFixtureIsUnobservedWithActionableIssueAndOtherTypesContinue(content: &quot;{\&quot;cad_model_spec\&quot;:{\&quot;features\&quot;:[{\&quot;parameters\&quot;&quot;···)" computerName="LEEIISSS187" duration="00:00:00.0278485" startTime="2026-09-09T13:48:59.5461616+08:00" endTime="2026-09-09T13:48:59.5684485+08:00" testType="13cdc9d9-ddb5-4fa4-a97d-d965ccfc6d4b" outcome="Passed" testListId="8c84fa94-04c1-424b-9868-57a2d4851a1d" relativeResultsDirectory="73e16720-b9b6-4eb3-b32e-bb5ead7c04ab" />
    <UnitTestResult executionId="ab22e982-f2a5-4e79-abef-890436650d1b" testId="16bc95f6-2599-abbf-109e-21eb44f7e0fb" testName="PlatformSelfCheck.Tests.InputAndSelfCheckReliabilityTests.BrokenFixtureIsUnobservedWithActionableIssueAndOtherTypesContinue(content: null)" computerName="LEEIISSS187" duration="00:00:00.0328803" startTime="2026-09-09T13:48:59.6226229+08:00" endTime="2026-09-09T13:48:59.6556696+08:00" testType="13cdc9d9-ddb5-4fa4-a97d-d965ccfc6d4b" outcome="Passed" testListId="8c84fa94-04c1-424b-9868-57a2d4851a1d" relativeResultsDirectory="ab22e982-f2a5-4e79-abef-890436650d1b" />
    <UnitTestResult executionId="66c9da29-5097-4c2f-9fb7-3c8e5424611f" testId="71d21e2d-5801-aafc-fcd7-4a3b55b7a9d9" testName="PlatformSelfCheck.Tests.WorkflowReliabilityTests.StepRetryLimitTightensPolicyAndMatchesResultsAndAudit(stepLimit: 2, policyLimit: -1, effectiveLimit: 0)" computerName="LEEIISSS187" duration="00:00:00.0002784" startTime="2026-09-09T13:48:59.8744016+08:00" endTime="2026-09-09T13:48:59.8744794+08:00" testType="13cdc9d9-ddb5-4fa4-a97d-d965ccfc6d4b" outcome="Passed" testListId="8c84fa94-04c1-424b-9868-57a2d4851a1d" relativeResultsDirectory="66c9da29-5097-4c2f-9fb7-3c8e5424611f" />
    <UnitTestResult executionId="48008f4e-58fa-4211-a309-019e399cf3ec" testId="683f2b9c-f6f8-e8b2-8c12-85fda425485d" testName="PlatformSelfCheck.Tests.InputAndSelfCheckReliabilityTests.ExplicitInvalidModelNeverFallsBackOrInvokesWorker(json: &quot;{\&quot;sketches\&quot;:[null]}&quot;)" computerName="LEEIISSS187" duration="00:00:00.0011666" startTime="2026-09-09T13:48:59.7429307+08:00" endTime="2026-09-09T13:48:59.7429495+08:00" testType="13cdc9d9-ddb5-4fa4-a97d-d965ccfc6d4b" outcome="Passed" testListId="8c84fa94-04c1-424b-9868-57a2d4851a1d" relativeResultsDirectory="48008f4e-58fa-4211-a309-019e399cf3ec" />
    <UnitTestResult executionId="2b2de180-82f2-42a8-97ea-88aff22cdee2" testId="1ed9d6c2-57cc-c2f8-a247-ef7f79b00a3e" testName="PlatformSelfCheck.Tests.WorkflowReliabilityTests.FinalApprovalWithoutRemainingStepsIncludesSubmissionDecisionAndCompletionAudit" computerName="LEEIISSS187" duration="00:00:00.0005739" startTime="2026-09-09T13:48:59.8654408+08:00" endTime="2026-09-09T13:48:59.8659483+08:00" testType="13cdc9d9-ddb5-4fa4-a97d-d965ccfc6d4b" outcome="Passed" testListId="8c84fa94-04c1-424b-9868-57a2d4851a1d" relativeResultsDirectory="2b2de180-82f2-42a8-97ea-88aff22cdee2" />
    <UnitTestResult executionId="4a81d116-705b-4da9-8184-28b707d85e87" testId="8386ca33-6c28-8c03-2106-4a58f241aff3" testName="PlatformSelfCheck.Tests.InputAndSelfCheckReliabilityTests.BrokenFixtureIsUnobservedWithActionableIssueAndOtherTypesContinue(content: &quot;{}&quot;)" computerName="LEEIISSS187" duration="00:00:00.1501741" startTime="2026-09-09T13:48:59.3843655+08:00" endTime="2026-09-09T13:48:59.5397932+08:00" testType="13cdc9d9-ddb5-4fa4-a97d-d965ccfc6d4b" outcome="Passed" testListId="8c84fa94-04c1-424b-9868-57a2d4851a1d" relativeResultsDirectory="4a81d116-705b-4da9-8184-28b707d85e87" />
    <UnitTestResult executionId="af6b945d-b6f5-405f-867d-ef01124e7a7a" testId="16892e8b-9af1-790d-219d-83692f693cbf" testName="PlatformSelfCheck.Tests.WorkflowReliabilityTests.TwoApprovalBoundariesRetainAllStepAttemptsAndOrderedAudit(secondDecision: Approve)" computerName="LEEIISSS187" duration="00:00:00.0102079" startTime="2026-09-09T13:48:59.8490681+08:00" endTime="2026-09-09T13:48:59.8593289+08:00" testType="13cdc9d9-ddb5-4fa4-a97d-d965ccfc6d4b" outcome="Passed" testListId="8c84fa94-04c1-424b-9868-57a2d4851a1d" relativeResultsDirectory="af6b945d-b6f5-405f-867d-ef01124e7a7a" />
    <UnitTestResult executionId="30515bbb-4a6f-4ebf-81d5-e261bf1f85d7" testId="a5e84209-e1e4-032b-145d-df2e86fda246" testName="PlatformSelfCheck.Tests.InputAndSelfCheckReliabilityTests.StructuredInputSelfCheckCoversRejectionAndModelPreservation" computerName="LEEIISSS187" duration="00:00:00.0082513" startTime="2026-09-09T13:48:59.8318460+08:00" endTime="2026-09-09T13:48:59.8400736+08:00" testType="13cdc9d9-ddb5-4fa4-a97d-d965ccfc6d4b" outcome="Passed" testListId="8c84fa94-04c1-424b-9868-57a2d4851a1d" relativeResultsDirectory="30515bbb-4a6f-4ebf-81d5-e261bf1f85d7" />
    <UnitTestResult executionId="2f618523-d7b4-4be7-bb56-f12efdad024e" testId="fa20af49-6f2b-aa44-7487-ad54a1ae5132" testName="PlatformSelfCheck.Tests.InputAndSelfCheckReliabilityTests.SelfCheckOutputOptionPreservesDefaultAndResolvesExplicitPath" computerName="LEEIISSS187" duration="00:00:00.0012925" startTime="2026-09-09T13:48:59.7149736+08:00" endTime="2026-09-09T13:48:59.7159901+08:00" testType="13cdc9d9-ddb5-4fa4-a97d-d965ccfc6d4b" outcome="Passed" testListId="8c84fa94-04c1-424b-9868-57a2d4851a1d" relativeResultsDirectory="2f618523-d7b4-4be7-bb56-f12efdad024e" />
    <UnitTestResult executionId="2a7ccbc7-bf41-4c77-adad-871426361746" testId="f94b18d6-1cf8-49bb-1528-4dba75912ab6" testName="PlatformSelfCheck.Tests.WorkflowReliabilityTests.StepRetryLimitTightensPolicyAndMatchesResultsAndAudit(stepLimit: 7, policyLimit: 2, effectiveLimit: 2)" computerName="LEEIISSS187" duration="00:00:00.0000344" startTime="2026-09-09T13:48:59.8747448+08:00" endTime="2026-09-09T13:48:59.8747598+08:00" testType="13cdc9d9-ddb5-4fa4-a97d-d965ccfc6d4b" outcome="Passed" testListId="8c84fa94-04c1-424b-9868-57a2d4851a1d" relativeResultsDirectory="2a7ccbc7-bf41-4c77-adad-871426361746" />
    <UnitTestResult executionId="8e9777f7-1503-4c18-b214-05cd31576fbe" testId="3ed53525-92bb-0217-f08a-704ac87bcb7f" testName="PlatformSelfCheck.Tests.InputAndSelfCheckReliabilityTests.InvalidParameterUpdateCannotBeSilentlyDiscarded(json: &quot; &quot;)" computerName="LEEIISSS187" duration="00:00:00.0001231" startTime="2026-09-09T13:48:59.7666824+08:00" endTime="2026-09-09T13:48:59.7667123+08:00" testType="13cdc9d9-ddb5-4fa4-a97d-d965ccfc6d4b" outcome="Passed" testListId="8c84fa94-04c1-424b-9868-57a2d4851a1d" relativeResultsDirectory="8e9777f7-1503-4c18-b214-05cd31576fbe" />
    <UnitTestResult executionId="b9dd6124-0fe1-4268-9203-22560b326511" testId="a2ed01bd-88a5-f515-4b65-7b0f623f88a3" testName="PlatformSelfCheck.Tests.WorkflowReliabilityTests.StepRetryLimitTightensPolicyAndMatchesResultsAndAudit(stepLimit: 1, policyLimit: 2, effectiveLimit: 1)" computerName="LEEIISSS187" duration="00:00:00.0061253" startTime="2026-09-09T13:48:59.8686780+08:00" endTime="2026-09-09T13:48:59.8743196+08:00" testType="13cdc9d9-ddb5-4fa4-a97d-d965ccfc6d4b" outcome="Passed" testListId="8c84fa94-04c1-424b-9868-57a2d4851a1d" relativeResultsDirectory="b9dd6124-0fe1-4268-9203-22560b326511" />
    <UnitTestResult executionId="eef52790-d0c5-4d4f-a61e-cac6e29854ca" testId="f9b36918-d61a-6d48-0d32-1ae3ddacd729" testName="PlatformSelfCheck.Tests.InputAndSelfCheckReliabilityTests.BrokenFixtureIsUnobservedWithActionableIssueAndOtherTypesContinue(content: &quot;{\&quot;cad_model_spec\&quot;:{}}&quot;)" computerName="LEEIISSS187" duration="00:00:00.0264804" startTime="2026-09-09T13:48:59.5689071+08:00" endTime="2026-09-09T13:48:59.5951987+08:00" testType="13cdc9d9-ddb5-4fa4-a97d-d965ccfc6d4b" outcome="Passed" testListId="8c84fa94-04c1-424b-9868-57a2d4851a1d" relativeResultsDirectory="eef52790-d0c5-4d4f-a61e-cac6e29854ca" />
    <UnitTestResult executionId="fb1f1824-606d-4d82-b839-0a9f51233eb1" testId="3e56b159-1932-a99e-c0a3-359d38de67dc" testName="PlatformSelfCheck.Tests.InputAndSelfCheckReliabilityTests.SelfCheckRejectsIncompleteOrUnknownOptions(option: &quot;--output&quot;)" computerName="LEEIISSS187" duration="00:00:00.0000982" startTime="2026-09-09T13:48:59.7669171+08:00" endTime="2026-09-09T13:48:59.7669322+08:00" testType="13cdc9d9-ddb5-4fa4-a97d-d965ccfc6d4b" outcome="Passed" testListId="8c84fa94-04c1-424b-9868-57a2d4851a1d" relativeResultsDirectory="fb1f1824-606d-4d82-b839-0a9f51233eb1" />
    <UnitTestResult executionId="875dcb2f-435c-488b-aa56-6ef54eb2b053" testId="48578bb1-7351-2aa8-1e58-f98c0cb45e92" testName="PlatformSelfCheck.Tests.InputAndSelfCheckReliabilityTests.ExplicitInvalidModelNeverFallsBackOrInvokesWorker(json: &quot;[]&quot;)" computerName="LEEIISSS187" duration="00:00:00.0013388" startTime="2026-09-09T13:48:59.7429898+08:00" endTime="2026-09-09T13:48:59.7430061+08:00" testType="13cdc9d9-ddb5-4fa4-a97d-d965ccfc6d4b" outcome="Passed" testListId="8c84fa94-04c1-424b-9868-57a2d4851a1d" relativeResultsDirectory="875dcb2f-435c-488b-aa56-6ef54eb2b053" />
    <UnitTestResult executionId="29760f9b-3b23-487f-a5cb-1a324a990076" testId="296ad1dd-0e64-2893-7f5e-12aa5afcdaae" testName="PlatformSelfCheck.Tests.InputAndSelfCheckReliabilityTests.MainWorkflowValidatesArtifactsUnderRequestedOutputDirectory" computerName="LEEIISSS187" duration="00:00:00.0270809" startTime="2026-09-09T13:48:59.7669700+08:00" endTime="2026-09-09T13:48:59.7931613+08:00" testType="13cdc9d9-ddb5-4fa4-a97d-d965ccfc6d4b" outcome="Passed" testListId="8c84fa94-04c1-424b-9868-57a2d4851a1d" relativeResultsDirectory="29760f9b-3b23-487f-a5cb-1a324a990076" />
    <UnitTestResult executionId="03523034-a891-48cd-bb8d-16f804056747" testId="2a064964-d0a5-1daa-75b8-8abbd2280b28" testName="PlatformSelfCheck.Tests.WorkflowReliabilityTests.ReliabilitySelfCheckExecutesAllThreeBehaviorScenarios" computerName="LEEIISSS187" duration="00:00:00.0052230" startTime="2026-09-09T13:48:59.8601311+08:00" endTime="2026-09-09T13:48:59.8653603+08:00" testType="13cdc9d9-ddb5-4fa4-a97d-d965ccfc6d4b" outcome="Passed" testListId="8c84fa94-04c1-424b-9868-57a2d4851a1d" relativeResultsDirectory="03523034-a891-48cd-bb8d-16f804056747" />
    <UnitTestResult executionId="23e59ff6-2d79-480a-91e0-076422d113ae" testId="2035ab77-5cd1-dfb5-b4fe-89c211eab6fa" testName="PlatformSelfCheck.Tests.InputAndSelfCheckReliabilityTests.InvalidFixtureParametersDoNotDereferenceMissingDefinition" computerName="LEEIISSS187" duration="00:00:00.0319690" startTime="2026-09-09T13:48:59.7432092+08:00" endTime="2026-09-09T13:48:59.7648023+08:00" testType="13cdc9d9-ddb5-4fa4-a97d-d965ccfc6d4b" outcome="Passed" testListId="8c84fa94-04c1-424b-9868-57a2d4851a1d" relativeResultsDirectory="23e59ff6-2d79-480a-91e0-076422d113ae" />
    <UnitTestResult executionId="5bca70a7-bfae-4d0b-98b0-559df56f1d58" testId="b7b2b163-8efc-7f27-5085-c236dd684d4c" testName="PlatformSelfCheck.Tests.InputAndSelfCheckReliabilityTests.BrokenFixtureIsUnobservedWithActionableIssueAndOtherTypesContinue(content: &quot;{\&quot;cad_model_spec\&quot;:{\&quot;features\&quot;:[null]}}&quot;)" computerName="LEEIISSS187" duration="00:00:00.0263676" startTime="2026-09-09T13:48:59.6871083+08:00" endTime="2026-09-09T13:48:59.7136369+08:00" testType="13cdc9d9-ddb5-4fa4-a97d-d965ccfc6d4b" outcome="Passed" testListId="8c84fa94-04c1-424b-9868-57a2d4851a1d" relativeResultsDirectory="5bca70a7-bfae-4d0b-98b0-559df56f1d58" />
    <UnitTestResult executionId="6aa9c1a9-afdb-4ad1-a629-209edf75e5f7" testId="40c09089-e7f0-11fa-a06b-70eb89f91952" testName="PlatformSelfCheck.Tests.InputAndSelfCheckReliabilityTests.BrokenFixtureIsUnobservedWithActionableIssueAndOtherTypesContinue(content: &quot;{&quot;)" computerName="LEEIISSS187" duration="00:00:00.0310808" startTime="2026-09-09T13:48:59.6557756+08:00" endTime="2026-09-09T13:48:59.6870073+08:00" testType="13cdc9d9-ddb5-4fa4-a97d-d965ccfc6d4b" outcome="Passed" testListId="8c84fa94-04c1-424b-9868-57a2d4851a1d" relativeResultsDirectory="6aa9c1a9-afdb-4ad1-a629-209edf75e5f7" />
    <UnitTestResult executionId="5250daab-aab9-42b0-8a18-996ea604c12e" testId="178de23d-b2e9-9501-5060-9bac03154f56" testName="PlatformSelfCheck.Tests.InputAndSelfCheckReliabilityTests.InvalidParameterUpdateCannotBeSilentlyDiscarded(json: &quot;null&quot;)" computerName="LEEIISSS187" duration="00:00:00.0000180" startTime="2026-09-09T13:48:59.7667619+08:00" endTime="2026-09-09T13:48:59.7667800+08:00" testType="13cdc9d9-ddb5-4fa4-a97d-d965ccfc6d4b" outcome="Passed" testListId="8c84fa94-04c1-424b-9868-57a2d4851a1d" relativeResultsDirectory="5250daab-aab9-42b0-8a18-996ea604c12e" />
    <UnitTestResult executionId="4d077d4c-c886-438d-8906-58ec179adfd1" testId="0b4e358e-aeb2-ac51-a0d3-b475b43e83fb" testName="PlatformSelfCheck.Tests.WorkflowReliabilityTests.TwoApprovalBoundariesRetainAllStepAttemptsAndOrderedAudit(secondDecision: RequestRevision)" computerName="LEEIISSS187" duration="00:00:00.0000631" startTime="2026-09-09T13:48:59.8600269+08:00" endTime="2026-09-09T13:48:59.8600742+08:00" testType="13cdc9d9-ddb5-4fa4-a97d-d965ccfc6d4b" outcome="Passed" testListId="8c84fa94-04c1-424b-9868-57a2d4851a1d" relativeResultsDirectory="4d077d4c-c886-438d-8906-58ec179adfd1" />
    <UnitTestResult executionId="6ec6d0cd-cfa5-4513-846a-439d5b59d8be" testId="276e37c6-e26e-4e16-aac7-02373aa7bfb4" testName="PlatformSelfCheck.Tests.InputAndSelfCheckReliabilityTests.InvalidParameterUpdateCannotBeSilentlyDiscarded(json: &quot;[]&quot;)" computerName="LEEIISSS187" duration="00:00:00.0004854" startTime="2026-09-09T13:48:59.7649634+08:00" endTime="2026-09-09T13:48:59.7653265+08:00" testType="13cdc9d9-ddb5-4fa4-a97d-d965ccfc6d4b" outcome="Passed" testListId="8c84fa94-04c1-424b-9868-57a2d4851a1d" relativeResultsDirectory="6ec6d0cd-cfa5-4513-846a-439d5b59d8be" />
    <UnitTestResult executionId="5a89c97c-2efd-48ea-8747-0525ce1a78a5" testId="8ff1e917-2d12-b473-0535-30b418e404fb" testName="PlatformSelfCheck.Tests.WorkflowReliabilityTests.StepLimitCannotOverrideNonRetryablePolicy(issue: &quot;non_retryable invalid input&quot;)" computerName="LEEIISSS187" duration="00:00:00.0037470" startTime="2026-09-09T13:48:59.8450595+08:00" endTime="2026-09-09T13:48:59.8488406+08:00" testType="13cdc9d9-ddb5-4fa4-a97d-d965ccfc6d4b" outcome="Passed" testListId="8c84fa94-04c1-424b-9868-57a2d4851a1d" relativeResultsDirectory="5a89c97c-2efd-48ea-8747-0525ce1a78a5" />
    <UnitTestResult executionId="bb84f17e-a830-45a5-9c3a-f63b13623d0d" testId="8d0745b6-5883-96df-a9cb-8695a8cb4800" testName="PlatformSelfCheck.Tests.InputAndSelfCheckReliabilityTests.InvalidParameterUpdateCannotBeSilentlyDiscarded(json: &quot;{&quot;)" computerName="LEEIISSS187" duration="00:00:00.0000597" startTime="2026-09-09T13:48:59.7668157+08:00" endTime="2026-09-09T13:48:59.7668325+08:00" testType="13cdc9d9-ddb5-4fa4-a97d-d965ccfc6d4b" outcome="Passed" testListId="8c84fa94-04c1-424b-9868-57a2d4851a1d" relativeResultsDirectory="bb84f17e-a830-45a5-9c3a-f63b13623d0d" />
    <UnitTestResult executionId="e53a22e7-7cd1-4f65-b52d-0cffb2174944" testId="398b33db-da9c-af61-8c33-d299a9f2939a" testName="PlatformSelfCheck.Tests.InputAndSelfCheckReliabilityTests.CompleteHoleCheckUsesOnlySelectedOutputAndDoesNotClaimXunitRan" computerName="LEEIISSS187" duration="00:00:00.0337484" startTime="2026-09-09T13:48:59.7932780+08:00" endTime="2026-09-09T13:48:59.8271963+08:00" testType="13cdc9d9-ddb5-4fa4-a97d-d965ccfc6d4b" outcome="Passed" testListId="8c84fa94-04c1-424b-9868-57a2d4851a1d" relativeResultsDirectory="e53a22e7-7cd1-4f65-b52d-0cffb2174944" />
    <UnitTestResult executionId="c9f8024b-6e3d-4fa2-835b-b91db156afcc" testId="58be637b-b90c-a47f-81f2-23c3f3a7ea85" testName="PlatformSelfCheck.Tests.InputAndSelfCheckReliabilityTests.ExplicitInvalidModelNeverFallsBackOrInvokesWorker(json: &quot;{\&quot;features\&quot;:[{\&quot;parameters\&quot;:{\&quot;x\&quot;:\&quot;1\&quot;,\&quot;X\&quot;:&quot;···)" computerName="LEEIISSS187" duration="00:00:00.0017210" startTime="2026-09-09T13:48:59.7427207+08:00" endTime="2026-09-09T13:48:59.7427593+08:00" testType="13cdc9d9-ddb5-4fa4-a97d-d965ccfc6d4b" outcome="Passed" testListId="8c84fa94-04c1-424b-9868-57a2d4851a1d" relativeResultsDirectory="c9f8024b-6e3d-4fa2-835b-b91db156afcc" />
    <UnitTestResult executionId="9b577021-836f-446c-948a-50ed73472c60" testId="ca25dee1-0fc5-9225-3ab1-4107160befe9" testName="PlatformSelfCheck.Tests.InputAndSelfCheckReliabilityTests.ExplicitInvalidModelNeverFallsBackOrInvokesWorker(json: &quot;&quot;)" computerName="LEEIISSS187" duration="00:00:00.0088576" startTime="2026-09-09T13:48:59.7160751+08:00" endTime="2026-09-09T13:48:59.7249318+08:00" testType="13cdc9d9-ddb5-4fa4-a97d-d965ccfc6d4b" outcome="Passed" testListId="8c84fa94-04c1-424b-9868-57a2d4851a1d" relativeResultsDirectory="9b577021-836f-446c-948a-50ed73472c60" />
    <UnitTestResult executionId="9df9984f-d077-4067-ab0c-c135335b2664" testId="c299e09c-dd9f-7c0e-9de3-6f12c2b45f80" testName="PlatformSelfCheck.Tests.WorkflowReliabilityTests.StepRetryLimitTightensPolicyAndMatchesResultsAndAudit(stepLimit: null, policyLimit: 2, effectiveLimit: 2)" computerName="LEEIISSS187" duration="00:00:00.0000217" startTime="2026-09-09T13:48:59.8747848+08:00" endTime="2026-09-09T13:48:59.8747992+08:00" testType="13cdc9d9-ddb5-4fa4-a97d-d965ccfc6d4b" outcome="Passed" testListId="8c84fa94-04c1-424b-9868-57a2d4851a1d" relativeResultsDirectory="9df9984f-d077-4067-ab0c-c135335b2664" />
    <UnitTestResult executionId="4a24aba4-b15e-4dd0-9b68-b5342c395df8" testId="ac6400b3-6355-7553-49d2-fefb6bd874d8" testName="PlatformSelfCheck.Tests.WorkflowReliabilityTests.PreCancelledSubmissionDoesNotTakeApprovalAndNormalSubmissionStillRunsOnce" computerName="LEEIISSS187" duration="00:00:00.0018427" startTime="2026-09-09T13:48:59.8748380+08:00" endTime="2026-09-09T13:48:59.8765933+08:00" testType="13cdc9d9-ddb5-4fa4-a97d-d965ccfc6d4b" outcome="Passed" testListId="8c84fa94-04c1-424b-9868-57a2d4851a1d" relativeResultsDirectory="4a24aba4-b15e-4dd0-9b68-b5342c395df8" />
    <UnitTestResult executionId="79b57362-dc75-4ae8-8ea6-1eb207f9c42d" testId="509f06b2-a47e-e205-246b-12a55b384d84" testName="PlatformSelfCheck.Tests.InputAndSelfCheckReliabilityTests.UpdateRequiresExplicitModelAndUpdateOperation" computerName="LEEIISSS187" duration="00:00:00.0023229" startTime="2026-09-09T13:48:59.8406276+08:00" endTime="2026-09-09T13:48:59.8424407+08:00" testType="13cdc9d9-ddb5-4fa4-a97d-d965ccfc6d4b" outcome="Passed" testListId="8c84fa94-04c1-424b-9868-57a2d4851a1d" relativeResultsDirectory="79b57362-dc75-4ae8-8ea6-1eb207f9c42d" />
    <UnitTestResult executionId="41eed878-6b95-4e79-8d5c-1fb16f9c4a1c" testId="35ffc7f2-700f-6e76-5f40-cef845c06378" testName="PlatformSelfCheck.Tests.InputAndSelfCheckReliabilityTests.ValidStructuredModelWinsOverLegacyHint" computerName="LEEIISSS187" duration="00:00:00.0044901" startTime="2026-09-09T13:48:59.8273175+08:00" endTime="2026-09-09T13:48:59.8317455+08:00" testType="13cdc9d9-ddb5-4fa4-a97d-d965ccfc6d4b" outcome="Passed" testListId="8c84fa94-04c1-424b-9868-57a2d4851a1d" relativeResultsDirectory="41eed878-6b95-4e79-8d5c-1fb16f9c4a1c" />
    <UnitTestResult executionId="bd54f0c6-0e53-49e1-a186-e2d153d70dd2" testId="9566270c-4518-7da6-bf25-20f1cdb6f238" testName="PlatformSelfCheck.Tests.WorkflowReliabilityTests.StepRetryLimitTightensPolicyAndMatchesResultsAndAudit(stepLimit: -1, policyLimit: 2, effectiveLimit: 0)" computerName="LEEIISSS187" duration="00:00:00.0000179" startTime="2026-09-09T13:48:59.8746977+08:00" endTime="2026-09-09T13:48:59.8747159+08:00" testType="13cdc9d9-ddb5-4fa4-a97d-d965ccfc6d4b" outcome="Passed" testListId="8c84fa94-04c1-424b-9868-57a2d4851a1d" relativeResultsDirectory="bd54f0c6-0e53-49e1-a186-e2d153d70dd2" />
    <UnitTestResult executionId="7dd03e74-eabf-4428-8d51-9ea1525b65eb" testId="99c7f7ba-2025-5f9d-cc75-7947bb8b30b1" testName="PlatformSelfCheck.Tests.WorkflowReliabilityTests.StepRetryLimitTightensPolicyAndMatchesResultsAndAudit(stepLimit: 0, policyLimit: 2, effectiveLimit: 0)" computerName="LEEIISSS187" duration="00:00:00.0000743" startTime="2026-09-09T13:48:59.8745106+08:00" endTime="2026-09-09T13:48:59.8746408+08:00" testType="13cdc9d9-ddb5-4fa4-a97d-d965ccfc6d4b" outcome="Passed" testListId="8c84fa94-04c1-424b-9868-57a2d4851a1d" relativeResultsDirectory="7dd03e74-eabf-4428-8d51-9ea1525b65eb" />
    <UnitTestResult executionId="7f789652-9ba5-4936-a8e3-7503965ccd9b" testId="8f2f6888-5f08-d0a7-9ed0-67571f6218f7" testName="PlatformSelfCheck.Tests.InputAndSelfCheckReliabilityTests.BrokenFixtureIsUnobservedWithActionableIssueAndOtherTypesContinue(content: &quot;{\&quot;cad_model_spec\&quot;:null}&quot;)" computerName="LEEIISSS187" duration="00:00:00.0270640" startTime="2026-09-09T13:48:59.5953130+08:00" endTime="2026-09-09T13:48:59.6225187+08:00" testType="13cdc9d9-ddb5-4fa4-a97d-d965ccfc6d4b" outcome="Passed" testListId="8c84fa94-04c1-424b-9868-57a2d4851a1d" relativeResultsDirectory="7f789652-9ba5-4936-a8e3-7503965ccd9b" />
    <UnitTestResult executionId="9b6d58e0-f45d-4afb-a20b-3e58bbf8df0c" testId="28359f26-5a9a-5c35-88da-be8149750284" testName="PlatformSelfCheck.Tests.InputAndSelfCheckReliabilityTests.ExplicitInvalidModelNeverFallsBackOrInvokesWorker(json: &quot;{\&quot;features\&quot;:[null]}&quot;)" computerName="LEEIISSS187" duration="00:00:00.0007978" startTime="2026-09-09T13:48:59.7430342+08:00" endTime="2026-09-09T13:48:59.7430500+08:00" testType="13cdc9d9-ddb5-4fa4-a97d-d965ccfc6d4b" outcome="Passed" testListId="8c84fa94-04c1-424b-9868-57a2d4851a1d" relativeResultsDirectory="9b6d58e0-f45d-4afb-a20b-3e58bbf8df0c" />
    <UnitTestResult executionId="c718cc74-6f61-41f6-a72b-96fd3a50b452" testId="db285d96-416e-dd07-51b0-c273f11ae986" testName="PlatformSelfCheck.Tests.WorkflowReliabilityTests.TwoApprovalBoundariesRetainAllStepAttemptsAndOrderedAudit(secondDecision: Reject)" computerName="LEEIISSS187" duration="00:00:00.0006581" startTime="2026-09-09T13:48:59.8594277+08:00" endTime="2026-09-09T13:48:59.8599895+08:00" testType="13cdc9d9-ddb5-4fa4-a97d-d965ccfc6d4b" outcome="Passed" testListId="8c84fa94-04c1-424b-9868-57a2d4851a1d" relativeResultsDirectory="c718cc74-6f61-41f6-a72b-96fd3a50b452" />
    <UnitTestResult executionId="d63954f9-7772-45bf-b9c8-4164ce9ba962" testId="58783c75-45ee-4297-6faa-dd65fc288f9e" testName="PlatformSelfCheck.Tests.WorkflowReliabilityTests.StepLimitCannotOverrideNonRetryablePolicy(issue: &quot;critical unsafe geometry&quot;)" computerName="LEEIISSS187" duration="00:00:00.0001735" startTime="2026-09-09T13:48:59.8489106+08:00" endTime="2026-09-09T13:48:59.8490206+08:00" testType="13cdc9d9-ddb5-4fa4-a97d-d965ccfc6d4b" outcome="Passed" testListId="8c84fa94-04c1-424b-9868-57a2d4851a1d" relativeResultsDirectory="d63954f9-7772-45bf-b9c8-4164ce9ba962" />
    <UnitTestResult executionId="16f232f5-a48f-46b6-9ce8-c93eff68cab7" testId="9b8664cc-8e6f-2bc5-32c4-7acd2bf9b1f6" testName="PlatformSelfCheck.Tests.InputAndSelfCheckReliabilityTests.ExplicitInvalidModelNeverFallsBackOrInvokesWorker(json: &quot;null&quot;)" computerName="LEEIISSS187" duration="00:00:00.0007806" startTime="2026-09-09T13:48:59.7431143+08:00" endTime="2026-09-09T13:48:59.7431288+08:00" testType="13cdc9d9-ddb5-4fa4-a97d-d965ccfc6d4b" outcome="Passed" testListId="8c84fa94-04c1-424b-9868-57a2d4851a1d" relativeResultsDirectory="16f232f5-a48f-46b6-9ce8-c93eff68cab7" />
    <UnitTestResult executionId="e9f3cd27-3417-4b39-832f-6b8ab46eb6f9" testId="58bfea07-e7c6-cf51-dc22-b053023eb639" testName="PlatformSelfCheck.Tests.InputAndSelfCheckReliabilityTests.SelfCheckRejectsIncompleteOrUnknownOptions(option: &quot;--unknown&quot;)" computerName="LEEIISSS187" duration="00:00:00.0001635" startTime="2026-09-09T13:48:59.7668746+08:00" endTime="2026-09-09T13:48:59.7668911+08:00" testType="13cdc9d9-ddb5-4fa4-a97d-d965ccfc6d4b" outcome="Passed" testListId="8c84fa94-04c1-424b-9868-57a2d4851a1d" relativeResultsDirectory="e9f3cd27-3417-4b39-832f-6b8ab46eb6f9" />
    <UnitTestResult executionId="47dc9b14-65f2-425f-ad19-6bd6aa69207c" testId="015138af-4f66-e540-842d-1dd9529e9179" testName="PlatformSelfCheck.Tests.InputAndSelfCheckReliabilityTests.ExplicitInvalidModelNeverFallsBackOrInvokesWorker(json: &quot;{\&quot;features\&quot;:42}&quot;)" computerName="LEEIISSS187" duration="00:00:00.0008345" startTime="2026-09-09T13:48:59.7430743+08:00" endTime="2026-09-09T13:48:59.7430884+08:00" testType="13cdc9d9-ddb5-4fa4-a97d-d965ccfc6d4b" outcome="Passed" testListId="8c84fa94-04c1-424b-9868-57a2d4851a1d" relativeResultsDirectory="47dc9b14-65f2-425f-ad19-6bd6aa69207c" />
    <UnitTestResult executionId="e169f811-89b5-4de6-aee0-47e4a84a054e" testId="1df919d4-0ff3-1b5a-7e3e-9121643efe52" testName="PlatformSelfCheck.Tests.WorkflowReliabilityTests.ConcurrentDuplicateSubmissionCannotExecuteDownstreamTwice" computerName="LEEIISSS187" duration="00:00:00.0017829" startTime="2026-09-09T13:48:59.8659908+08:00" endTime="2026-09-09T13:48:59.8679669+08:00" testType="13cdc9d9-ddb5-4fa4-a97d-d965ccfc6d4b" outcome="Passed" testListId="8c84fa94-04c1-424b-9868-57a2d4851a1d" relativeResultsDirectory="e169f811-89b5-4de6-aee0-47e4a84a054e" />
    <UnitTestResult executionId="9a0a70c3-18d4-4b69-8580-3b35d352a2bd" testId="8fefa62e-de69-2f5a-1d42-a21e52185d92" testName="PlatformSelfCheck.Tests.InputAndSelfCheckReliabilityTests.ExplicitInvalidModelNeverFallsBackOrInvokesWorker(json: &quot;{&quot;)" computerName="LEEIISSS187" duration="00:00:00.0006660" startTime="2026-09-09T13:48:59.7431526+08:00" endTime="2026-09-09T13:48:59.7431663+08:00" testType="13cdc9d9-ddb5-4fa4-a97d-d965ccfc6d4b" outcome="Passed" testListId="8c84fa94-04c1-424b-9868-57a2d4851a1d" relativeResultsDirectory="9a0a70c3-18d4-4b69-8580-3b35d352a2bd" />
  </Results>
  <TestDefinitions>
    <UnitTest name="PlatformSelfCheck.Tests.InputAndSelfCheckReliabilityTests.InvalidFixtureParametersDoNotDereferenceMissingDefinition" storage="d:\07_workspace\codex\autocadbyai\ai_mechanical_engineering_agent_platform\tests\platformselfcheck.tests\bin\debug\net10.0\platformselfcheck.tests.dll" id="2035ab77-5cd1-dfb5-b4fe-89c211eab6fa">
      <Execution id="23e59ff6-2d79-480a-91e0-076422d113ae" />
      <TestMethod codeBase="D:\07_WorkSpace\Codex\AutoCADByAI\AI_Mechanical_Engineering_Agent_Platform\tests\PlatformSelfCheck.Tests\bin\Debug\net10.0\PlatformSelfCheck.Tests.dll" adapterTypeName="executor://xunit/VsTestRunner3/netcore/" className="PlatformSelfCheck.Tests.InputAndSelfCheckReliabilityTests" name="InvalidFixtureParametersDoNotDereferenceMissingDefinition" />
    </UnitTest>
    <UnitTest name="PlatformSelfCheck.Tests.InputAndSelfCheckReliabilityTests.BrokenFixtureIsUnobservedWithActionableIssueAndOtherTypesContinue(content: &quot;{}&quot;)" storage="d:\07_workspace\codex\autocadbyai\ai_mechanical_engineering_agent_platform\tests\platformselfcheck.tests\bin\debug\net10.0\platformselfcheck.tests.dll" id="8386ca33-6c28-8c03-2106-4a58f241aff3">
      <Execution id="4a81d116-705b-4da9-8184-28b707d85e87" />
      <TestMethod codeBase="D:\07_WorkSpace\Codex\AutoCADByAI\AI_Mechanical_Engineering_Agent_Platform\tests\PlatformSelfCheck.Tests\bin\Debug\net10.0\PlatformSelfCheck.Tests.dll" adapterTypeName="executor://xunit/VsTestRunner3/netcore/" className="PlatformSelfCheck.Tests.InputAndSelfCheckReliabilityTests" name="BrokenFixtureIsUnobservedWithActionableIssueAndOtherTypesContinue" />
    </UnitTest>
    <UnitTest name="PlatformSelfCheck.Tests.WorkflowReliabilityTests.TwoApprovalBoundariesRetainAllStepAttemptsAndOrderedAudit(secondDecision: Reject)" storage="d:\07_workspace\codex\autocadbyai\ai_mechanical_engineering_agent_platform\tests\platformselfcheck.tests\bin\debug\net10.0\platformselfcheck.tests.dll" id="db285d96-416e-dd07-51b0-c273f11ae986">
      <Execution id="c718cc74-6f61-41f6-a72b-96fd3a50b452" />
      <TestMethod codeBase="D:\07_WorkSpace\Codex\AutoCADByAI\AI_Mechanical_Engineering_Agent_Platform\tests\PlatformSelfCheck.Tests\bin\Debug\net10.0\PlatformSelfCheck.Tests.dll" adapterTypeName="executor://xunit/VsTestRunner3/netcore/" className="PlatformSelfCheck.Tests.WorkflowReliabilityTests" name="TwoApprovalBoundariesRetainAllStepAttemptsAndOrderedAudit" />
    </UnitTest>
    <UnitTest name="PlatformSelfCheck.Tests.WorkflowReliabilityTests.StepLimitCannotOverrideNonRetryablePolicy(issue: &quot;non_retryable invalid input&quot;)" storage="d:\07_workspace\codex\autocadbyai\ai_mechanical_engineering_agent_platform\tests\platformselfcheck.tests\bin\debug\net10.0\platformselfcheck.tests.dll" id="8ff1e917-2d12-b473-0535-30b418e404fb">
      <Execution id="5a89c97c-2efd-48ea-8747-0525ce1a78a5" />
      <TestMethod codeBase="D:\07_WorkSpace\Codex\AutoCADByAI\AI_Mechanical_Engineering_Agent_Platform\tests\PlatformSelfCheck.Tests\bin\Debug\net10.0\PlatformSelfCheck.Tests.dll" adapterTypeName="executor://xunit/VsTestRunner3/netcore/" className="PlatformSelfCheck.Tests.WorkflowReliabilityTests" name="StepLimitCannotOverrideNonRetryablePolicy" />
    </UnitTest>
    <UnitTest name="PlatformSelfCheck.Tests.WorkflowReliabilityTests.TwoApprovalBoundariesRetainAllStepAttemptsAndOrderedAudit(secondDecision: RequestRevision)" storage="d:\07_workspace\codex\autocadbyai\ai_mechanical_engineering_agent_platform\tests\platformselfcheck.tests\bin\debug\net10.0\platformselfcheck.tests.dll" id="0b4e358e-aeb2-ac51-a0d3-b475b43e83fb">
      <Execution id="4d077d4c-c886-438d-8906-58ec179adfd1" />
      <TestMethod codeBase="D:\07_WorkSpace\Codex\AutoCADByAI\AI_Mechanical_Engineering_Agent_Platform\tests\PlatformSelfCheck.Tests\bin\Debug\net10.0\PlatformSelfCheck.Tests.dll" adapterTypeName="executor://xunit/VsTestRunner3/netcore/" className="PlatformSelfCheck.Tests.WorkflowReliabilityTests" name="TwoApprovalBoundariesRetainAllStepAttemptsAndOrderedAudit" />
    </UnitTest>
    <UnitTest name="PlatformSelfCheck.Tests.InputAndSelfCheckReliabilityTests.InvalidParameterUpdateCannotBeSilentlyDiscarded(json: &quot;[]&quot;)" storage="d:\07_workspace\codex\autocadbyai\ai_mechanical_engineering_agent_platform\tests\platformselfcheck.tests\bin\debug\net10.0\platformselfcheck.tests.dll" id="276e37c6-e26e-4e16-aac7-02373aa7bfb4">
      <Execution id="6ec6d0cd-cfa5-4513-846a-439d5b59d8be" />
      <TestMethod codeBase="D:\07_WorkSpace\Codex\AutoCADByAI\AI_Mechanical_Engineering_Agent_Platform\tests\PlatformSelfCheck.Tests\bin\Debug\net10.0\PlatformSelfCheck.Tests.dll" adapterTypeName="executor://xunit/VsTestRunner3/netcore/" className="PlatformSelfCheck.Tests.InputAndSelfCheckReliabilityTests" name="InvalidParameterUpdateCannotBeSilentlyDiscarded" />
    </UnitTest>
    <UnitTest name="PlatformSelfCheck.Tests.InputAndSelfCheckReliabilityTests.BrokenFixtureIsUnobservedWithActionableIssueAndOtherTypesContinue(content: &quot;{\&quot;cad_model_spec\&quot;:{}}&quot;)" storage="d:\07_workspace\codex\autocadbyai\ai_mechanical_engineering_agent_platform\tests\platformselfcheck.tests\bin\debug\net10.0\platformselfcheck.tests.dll" id="f9b36918-d61a-6d48-0d32-1ae3ddacd729">
      <Execution id="eef52790-d0c5-4d4f-a61e-cac6e29854ca" />
      <TestMethod codeBase="D:\07_WorkSpace\Codex\AutoCADByAI\AI_Mechanical_Engineering_Agent_Platform\tests\PlatformSelfCheck.Tests\bin\Debug\net10.0\PlatformSelfCheck.Tests.dll" adapterTypeName="executor://xunit/VsTestRunner3/netcore/" className="PlatformSelfCheck.Tests.InputAndSelfCheckReliabilityTests" name="BrokenFixtureIsUnobservedWithActionableIssueAndOtherTypesContinue" />
    </UnitTest>
    <UnitTest name="PlatformSelfCheck.Tests.InputAndSelfCheckReliabilityTests.BrokenFixtureIsUnobservedWithActionableIssueAndOtherTypesContinue(content: &quot;{\&quot;cad_model_spec\&quot;:null}&quot;)" storage="d:\07_workspace\codex\autocadbyai\ai_mechanical_engineering_agent_platform\tests\platformselfcheck.tests\bin\debug\net10.0\platformselfcheck.tests.dll" id="8f2f6888-5f08-d0a7-9ed0-67571f6218f7">
      <Execution id="7f789652-9ba5-4936-a8e3-7503965ccd9b" />
      <TestMethod codeBase="D:\07_WorkSpace\Codex\AutoCADByAI\AI_Mechanical_Engineering_Agent_Platform\tests\PlatformSelfCheck.Tests\bin\Debug\net10.0\PlatformSelfCheck.Tests.dll" adapterTypeName="executor://xunit/VsTestRunner3/netcore/" className="PlatformSelfCheck.Tests.InputAndSelfCheckReliabilityTests" name="BrokenFixtureIsUnobservedWithActionableIssueAndOtherTypesContinue" />
    </UnitTest>
    <UnitTest name="PlatformSelfCheck.Tests.InputAndSelfCheckReliabilityTests.BrokenFixtureIsUnobservedWithActionableIssueAndOtherTypesContinue(content: &quot;{&quot;)" storage="d:\07_workspace\codex\autocadbyai\ai_mechanical_engineering_agent_platform\tests\platformselfcheck.tests\bin\debug\net10.0\platformselfcheck.tests.dll" id="40c09089-e7f0-11fa-a06b-70eb89f91952">
      <Execution id="6aa9c1a9-afdb-4ad1-a629-209edf75e5f7" />
      <TestMethod codeBase="D:\07_WorkSpace\Codex\AutoCADByAI\AI_Mechanical_Engineering_Agent_Platform\tests\PlatformSelfCheck.Tests\bin\Debug\net10.0\PlatformSelfCheck.Tests.dll" adapterTypeName="executor://xunit/VsTestRunner3/netcore/" className="PlatformSelfCheck.Tests.InputAndSelfCheckReliabilityTests" name="BrokenFixtureIsUnobservedWithActionableIssueAndOtherTypesContinue" />
    </UnitTest>
    <UnitTest name="PlatformSelfCheck.Tests.InputAndSelfCheckReliabilityTests.ExplicitInvalidModelNeverFallsBackOrInvokesWorker(json: &quot;{&quot;)" storage="d:\07_workspace\codex\autocadbyai\ai_mechanical_engineering_agent_platform\tests\platformselfcheck.tests\bin\debug\net10.0\platformselfcheck.tests.dll" id="8fefa62e-de69-2f5a-1d42-a21e52185d92">
      <Execution id="9a0a70c3-18d4-4b69-8580-3b35d352a2bd" />
      <TestMethod codeBase="D:\07_WorkSpace\Codex\AutoCADByAI\AI_Mechanical_Engineering_Agent_Platform\tests\PlatformSelfCheck.Tests\bin\Debug\net10.0\PlatformSelfCheck.Tests.dll" adapterTypeName="executor://xunit/VsTestRunner3/netcore/" className="PlatformSelfCheck.Tests.InputAndSelfCheckReliabilityTests" name="ExplicitInvalidModelNeverFallsBackOrInvokesWorker" />
    </UnitTest>
    <UnitTest name="PlatformSelfCheck.Tests.InputAndSelfCheckReliabilityTests.ExplicitInvalidModelNeverFallsBackOrInvokesWorker(json: &quot;[]&quot;)" storage="d:\07_workspace\codex\autocadbyai\ai_mechanical_engineering_agent_platform\tests\platformselfcheck.tests\bin\debug\net10.0\platformselfcheck.tests.dll" id="48578bb1-7351-2aa8-1e58-f98c0cb45e92">
      <Execution id="875dcb2f-435c-488b-aa56-6ef54eb2b053" />
      <TestMethod codeBase="D:\07_WorkSpace\Codex\AutoCADByAI\AI_Mechanical_Engineering_Agent_Platform\tests\PlatformSelfCheck.Tests\bin\Debug\net10.0\PlatformSelfCheck.Tests.dll" adapterTypeName="executor://xunit/VsTestRunner3/netcore/" className="PlatformSelfCheck.Tests.InputAndSelfCheckReliabilityTests" name="ExplicitInvalidModelNeverFallsBackOrInvokesWorker" />
    </UnitTest>
    <UnitTest name="PlatformSelfCheck.Tests.InputAndSelfCheckReliabilityTests.BrokenFixtureIsUnobservedWithActionableIssueAndOtherTypesContinue(content: &quot;{\&quot;cad_model_spec\&quot;:{\&quot;features\&quot;:[null]}}&quot;)" storage="d:\07_workspace\codex\autocadbyai\ai_mechanical_engineering_agent_platform\tests\platformselfcheck.tests\bin\debug\net10.0\platformselfcheck.tests.dll" id="b7b2b163-8efc-7f27-5085-c236dd684d4c">
      <Execution id="5bca70a7-bfae-4d0b-98b0-559df56f1d58" />
      <TestMethod codeBase="D:\07_WorkSpace\Codex\AutoCADByAI\AI_Mechanical_Engineering_Agent_Platform\tests\PlatformSelfCheck.Tests\bin\Debug\net10.0\PlatformSelfCheck.Tests.dll" adapterTypeName="executor://xunit/VsTestRunner3/netcore/" className="PlatformSelfCheck.Tests.InputAndSelfCheckReliabilityTests" name="BrokenFixtureIsUnobservedWithActionableIssueAndOtherTypesContinue" />
    </UnitTest>
    <UnitTest name="PlatformSelfCheck.Tests.InputAndSelfCheckReliabilityTests.ExplicitInvalidModelNeverFallsBackOrInvokesWorker(json: &quot;{\&quot;features\&quot;:42}&quot;)" storage="d:\07_workspace\codex\autocadbyai\ai_mechanical_engineering_agent_platform\tests\platformselfcheck.tests\bin\debug\net10.0\platformselfcheck.tests.dll" id="015138af-4f66-e540-842d-1dd9529e9179">
      <Execution id="47dc9b14-65f2-425f-ad19-6bd6aa69207c" />
      <TestMethod codeBase="D:\07_WorkSpace\Codex\AutoCADByAI\AI_Mechanical_Engineering_Agent_Platform\tests\PlatformSelfCheck.Tests\bin\Debug\net10.0\PlatformSelfCheck.Tests.dll" adapterTypeName="executor://xunit/VsTestRunner3/netcore/" className="PlatformSelfCheck.Tests.InputAndSelfCheckReliabilityTests" name="ExplicitInvalidModelNeverFallsBackOrInvokesWorker" />
    </UnitTest>
    <UnitTest name="PlatformSelfCheck.Tests.WorkflowReliabilityTests.PreCancelledSubmissionDoesNotTakeApprovalAndNormalSubmissionStillRunsOnce" storage="d:\07_workspace\codex\autocadbyai\ai_mechanical_engineering_agent_platform\tests\platformselfcheck.tests\bin\debug\net10.0\platformselfcheck.tests.dll" id="ac6400b3-6355-7553-49d2-fefb6bd874d8">
      <Execution id="4a24aba4-b15e-4dd0-9b68-b5342c395df8" />
      <TestMethod codeBase="D:\07_WorkSpace\Codex\AutoCADByAI\AI_Mechanical_Engineering_Agent_Platform\tests\PlatformSelfCheck.Tests\bin\Debug\net10.0\PlatformSelfCheck.Tests.dll" adapterTypeName="executor://xunit/VsTestRunner3/netcore/" className="PlatformSelfCheck.Tests.WorkflowReliabilityTests" name="PreCancelledSubmissionDoesNotTakeApprovalAndNormalSubmissionStillRunsOnce" />
    </UnitTest>
    <UnitTest name="PlatformSelfCheck.Tests.InputAndSelfCheckReliabilityTests.SelfCheckOutputOptionPreservesDefaultAndResolvesExplicitPath" storage="d:\07_workspace\codex\autocadbyai\ai_mechanical_engineering_agent_platform\tests\platformselfcheck.tests\bin\debug\net10.0\platformselfcheck.tests.dll" id="fa20af49-6f2b-aa44-7487-ad54a1ae5132">
      <Execution id="2f618523-d7b4-4be7-bb56-f12efdad024e" />
      <TestMethod codeBase="D:\07_WorkSpace\Codex\AutoCADByAI\AI_Mechanical_Engineering_Agent_Platform\tests\PlatformSelfCheck.Tests\bin\Debug\net10.0\PlatformSelfCheck.Tests.dll" adapterTypeName="executor://xunit/VsTestRunner3/netcore/" className="PlatformSelfCheck.Tests.InputAndSelfCheckReliabilityTests" name="SelfCheckOutputOptionPreservesDefaultAndResolvesExplicitPath" />
    </UnitTest>
    <UnitTest name="PlatformSelfCheck.Tests.WorkflowReliabilityTests.StepRetryLimitTightensPolicyAndMatchesResultsAndAudit(stepLimit: -1, policyLimit: 2, effectiveLimit: 0)" storage="d:\07_workspace\codex\autocadbyai\ai_mechanical_engineering_agent_platform\tests\platformselfcheck.tests\bin\debug\net10.0\platformselfcheck.tests.dll" id="9566270c-4518-7da6-bf25-20f1cdb6f238">
      <Execution id="bd54f0c6-0e53-49e1-a186-e2d153d70dd2" />
      <TestMethod codeBase="D:\07_WorkSpace\Codex\AutoCADByAI\AI_Mechanical_Engineering_Agent_Platform\tests\PlatformSelfCheck.Tests\bin\Debug\net10.0\PlatformSelfCheck.Tests.dll" adapterTypeName="executor://xunit/VsTestRunner3/netcore/" className="PlatformSelfCheck.Tests.WorkflowReliabilityTests" name="StepRetryLimitTightensPolicyAndMatchesResultsAndAudit" />
    </UnitTest>
    <UnitTest name="PlatformSelfCheck.Tests.InputAndSelfCheckReliabilityTests.ExplicitInvalidModelNeverFallsBackOrInvokesWorker(json: &quot;{\&quot;features\&quot;:[{\&quot;parameters\&quot;:{\&quot;x\&quot;:\&quot;1\&quot;,\&quot;X\&quot;:&quot;···)" storage="d:\07_workspace\codex\autocadbyai\ai_mechanical_engineering_agent_platform\tests\platformselfcheck.tests\bin\debug\net10.0\platformselfcheck.tests.dll" id="58be637b-b90c-a47f-81f2-23c3f3a7ea85">
      <Execution id="c9f8024b-6e3d-4fa2-835b-b91db156afcc" />
      <TestMethod codeBase="D:\07_WorkSpace\Codex\AutoCADByAI\AI_Mechanical_Engineering_Agent_Platform\tests\PlatformSelfCheck.Tests\bin\Debug\net10.0\PlatformSelfCheck.Tests.dll" adapterTypeName="executor://xunit/VsTestRunner3/netcore/" className="PlatformSelfCheck.Tests.InputAndSelfCheckReliabilityTests" name="ExplicitInvalidModelNeverFallsBackOrInvokesWorker" />
    </UnitTest>
    <UnitTest name="PlatformSelfCheck.Tests.InputAndSelfCheckReliabilityTests.InvalidParameterUpdateCannotBeSilentlyDiscarded(json: &quot;{&quot;)" storage="d:\07_workspace\codex\autocadbyai\ai_mechanical_engineering_agent_platform\tests\platformselfcheck.tests\bin\debug\net10.0\platformselfcheck.tests.dll" id="8d0745b6-5883-96df-a9cb-8695a8cb4800">
      <Execution id="bb84f17e-a830-45a5-9c3a-f63b13623d0d" />
      <TestMethod codeBase="D:\07_WorkSpace\Codex\AutoCADByAI\AI_Mechanical_Engineering_Agent_Platform\tests\PlatformSelfCheck.Tests\bin\Debug\net10.0\PlatformSelfCheck.Tests.dll" adapterTypeName="executor://xunit/VsTestRunner3/netcore/" className="PlatformSelfCheck.Tests.InputAndSelfCheckReliabilityTests" name="InvalidParameterUpdateCannotBeSilentlyDiscarded" />
    </UnitTest>
    <UnitTest name="PlatformSelfCheck.Tests.WorkflowReliabilityTests.StepRetryLimitTightensPolicyAndMatchesResultsAndAudit(stepLimit: 7, policyLimit: 2, effectiveLimit: 2)" storage="d:\07_workspace\codex\autocadbyai\ai_mechanical_engineering_agent_platform\tests\platformselfcheck.tests\bin\debug\net10.0\platformselfcheck.tests.dll" id="f94b18d6-1cf8-49bb-1528-4dba75912ab6">
      <Execution id="2a7ccbc7-bf41-4c77-adad-871426361746" />
      <TestMethod codeBase="D:\07_WorkSpace\Codex\AutoCADByAI\AI_Mechanical_Engineering_Agent_Platform\tests\PlatformSelfCheck.Tests\bin\Debug\net10.0\PlatformSelfCheck.Tests.dll" adapterTypeName="executor://xunit/VsTestRunner3/netcore/" className="PlatformSelfCheck.Tests.WorkflowReliabilityTests" name="StepRetryLimitTightensPolicyAndMatchesResultsAndAudit" />
    </UnitTest>
    <UnitTest name="PlatformSelfCheck.Tests.InputAndSelfCheckReliabilityTests.ExplicitInvalidModelNeverFallsBackOrInvokesWorker(json: &quot;{\&quot;sketches\&quot;:[null]}&quot;)" storage="d:\07_workspace\codex\autocadbyai\ai_mechanical_engineering_agent_platform\tests\platformselfcheck.tests\bin\debug\net10.0\platformselfcheck.tests.dll" id="683f2b9c-f6f8-e8b2-8c12-85fda425485d">
      <Execution id="48008f4e-58fa-4211-a309-019e399cf3ec" />
      <TestMethod codeBase="D:\07_WorkSpace\Codex\AutoCADByAI\AI_Mechanical_Engineering_Agent_Platform\tests\PlatformSelfCheck.Tests\bin\Debug\net10.0\PlatformSelfCheck.Tests.dll" adapterTypeName="executor://xunit/VsTestRunner3/netcore/" className="PlatformSelfCheck.Tests.InputAndSelfCheckReliabilityTests" name="ExplicitInvalidModelNeverFallsBackOrInvokesWorker" />
    </UnitTest>
    <UnitTest name="PlatformSelfCheck.Tests.WorkflowReliabilityTests.FinalApprovalWithoutRemainingStepsIncludesSubmissionDecisionAndCompletionAudit" storage="d:\07_workspace\codex\autocadbyai\ai_mechanical_engineering_agent_platform\tests\platformselfcheck.tests\bin\debug\net10.0\platformselfcheck.tests.dll" id="1ed9d6c2-57cc-c2f8-a247-ef7f79b00a3e">
      <Execution id="2b2de180-82f2-42a8-97ea-88aff22cdee2" />
      <TestMethod codeBase="D:\07_WorkSpace\Codex\AutoCADByAI\AI_Mechanical_Engineering_Agent_Platform\tests\PlatformSelfCheck.Tests\bin\Debug\net10.0\PlatformSelfCheck.Tests.dll" adapterTypeName="executor://xunit/VsTestRunner3/netcore/" className="PlatformSelfCheck.Tests.WorkflowReliabilityTests" name="FinalApprovalWithoutRemainingStepsIncludesSubmissionDecisionAndCompletionAudit" />
    </UnitTest>
    <UnitTest name="PlatformSelfCheck.Tests.InputAndSelfCheckReliabilityTests.UpdateRequiresExplicitModelAndUpdateOperation" storage="d:\07_workspace\codex\autocadbyai\ai_mechanical_engineering_agent_platform\tests\platformselfcheck.tests\bin\debug\net10.0\platformselfcheck.tests.dll" id="509f06b2-a47e-e205-246b-12a55b384d84">
      <Execution id="79b57362-dc75-4ae8-8ea6-1eb207f9c42d" />
      <TestMethod codeBase="D:\07_WorkSpace\Codex\AutoCADByAI\AI_Mechanical_Engineering_Agent_Platform\tests\PlatformSelfCheck.Tests\bin\Debug\net10.0\PlatformSelfCheck.Tests.dll" adapterTypeName="executor://xunit/VsTestRunner3/netcore/" className="PlatformSelfCheck.Tests.InputAndSelfCheckReliabilityTests" name="UpdateRequiresExplicitModelAndUpdateOperation" />
    </UnitTest>
    <UnitTest name="PlatformSelfCheck.Tests.InputAndSelfCheckReliabilityTests.BrokenFixtureIsUnobservedWithActionableIssueAndOtherTypesContinue(content: &quot;{\&quot;cad_model_spec\&quot;:{\&quot;features\&quot;:[{\&quot;parameters\&quot;&quot;···)" storage="d:\07_workspace\codex\autocadbyai\ai_mechanical_engineering_agent_platform\tests\platformselfcheck.tests\bin\debug\net10.0\platformselfcheck.tests.dll" id="413f7685-cd82-561d-ada6-4d017bedaeee">
      <Execution id="73e16720-b9b6-4eb3-b32e-bb5ead7c04ab" />
      <TestMethod codeBase="D:\07_WorkSpace\Codex\AutoCADByAI\AI_Mechanical_Engineering_Agent_Platform\tests\PlatformSelfCheck.Tests\bin\Debug\net10.0\PlatformSelfCheck.Tests.dll" adapterTypeName="executor://xunit/VsTestRunner3/netcore/" className="PlatformSelfCheck.Tests.InputAndSelfCheckReliabilityTests" name="BrokenFixtureIsUnobservedWithActionableIssueAndOtherTypesContinue" />
    </UnitTest>
    <UnitTest name="PlatformSelfCheck.Tests.InputAndSelfCheckReliabilityTests.CompleteHoleCheckUsesOnlySelectedOutputAndDoesNotClaimXunitRan" storage="d:\07_workspace\codex\autocadbyai\ai_mechanical_engineering_agent_platform\tests\platformselfcheck.tests\bin\debug\net10.0\platformselfcheck.tests.dll" id="398b33db-da9c-af61-8c33-d299a9f2939a">
      <Execution id="e53a22e7-7cd1-4f65-b52d-0cffb2174944" />
      <TestMethod codeBase="D:\07_WorkSpace\Codex\AutoCADByAI\AI_Mechanical_Engineering_Agent_Platform\tests\PlatformSelfCheck.Tests\bin\Debug\net10.0\PlatformSelfCheck.Tests.dll" adapterTypeName="executor://xunit/VsTestRunner3/netcore/" className="PlatformSelfCheck.Tests.InputAndSelfCheckReliabilityTests" name="CompleteHoleCheckUsesOnlySelectedOutputAndDoesNotClaimXunitRan" />
    </UnitTest>
    <UnitTest name="PlatformSelfCheck.Tests.InputAndSelfCheckReliabilityTests.InvalidParameterUpdateCannotBeSilentlyDiscarded(json: &quot; &quot;)" storage="d:\07_workspace\codex\autocadbyai\ai_mechanical_engineering_agent_platform\tests\platformselfcheck.tests\bin\debug\net10.0\platformselfcheck.tests.dll" id="3ed53525-92bb-0217-f08a-704ac87bcb7f">
      <Execution id="8e9777f7-1503-4c18-b214-05cd31576fbe" />
      <TestMethod codeBase="D:\07_WorkSpace\Codex\AutoCADByAI\AI_Mechanical_Engineering_Agent_Platform\tests\PlatformSelfCheck.Tests\bin\Debug\net10.0\PlatformSelfCheck.Tests.dll" adapterTypeName="executor://xunit/VsTestRunner3/netcore/" className="PlatformSelfCheck.Tests.InputAndSelfCheckReliabilityTests" name="InvalidParameterUpdateCannotBeSilentlyDiscarded" />
    </UnitTest>
    <UnitTest name="PlatformSelfCheck.Tests.InputAndSelfCheckReliabilityTests.BrokenFixtureIsUnobservedWithActionableIssueAndOtherTypesContinue(content: null)" storage="d:\07_workspace\codex\autocadbyai\ai_mechanical_engineering_agent_platform\tests\platformselfcheck.tests\bin\debug\net10.0\platformselfcheck.tests.dll" id="16bc95f6-2599-abbf-109e-21eb44f7e0fb">
      <Execution id="ab22e982-f2a5-4e79-abef-890436650d1b" />
      <TestMethod codeBase="D:\07_WorkSpace\Codex\AutoCADByAI\AI_Mechanical_Engineering_Agent_Platform\tests\PlatformSelfCheck.Tests\bin\Debug\net10.0\PlatformSelfCheck.Tests.dll" adapterTypeName="executor://xunit/VsTestRunner3/netcore/" className="PlatformSelfCheck.Tests.InputAndSelfCheckReliabilityTests" name="BrokenFixtureIsUnobservedWithActionableIssueAndOtherTypesContinue" />
    </UnitTest>
    <UnitTest name="PlatformSelfCheck.Tests.InputAndSelfCheckReliabilityTests.ValidStructuredModelWinsOverLegacyHint" storage="d:\07_workspace\codex\autocadbyai\ai_mechanical_engineering_agent_platform\tests\platformselfcheck.tests\bin\debug\net10.0\platformselfcheck.tests.dll" id="35ffc7f2-700f-6e76-5f40-cef845c06378">
      <Execution id="41eed878-6b95-4e79-8d5c-1fb16f9c4a1c" />
      <TestMethod codeBase="D:\07_WorkSpace\Codex\AutoCADByAI\AI_Mechanical_Engineering_Agent_Platform\tests\PlatformSelfCheck.Tests\bin\Debug\net10.0\PlatformSelfCheck.Tests.dll" adapterTypeName="executor://xunit/VsTestRunner3/netcore/" className="PlatformSelfCheck.Tests.InputAndSelfCheckReliabilityTests" name="ValidStructuredModelWinsOverLegacyHint" />
    </UnitTest>
    <UnitTest name="PlatformSelfCheck.Tests.InputAndSelfCheckReliabilityTests.ExplicitInvalidModelNeverFallsBackOrInvokesWorker(json: &quot;null&quot;)" storage="d:\07_workspace\codex\autocadbyai\ai_mechanical_engineering_agent_platform\tests\platformselfcheck.tests\bin\debug\net10.0\platformselfcheck.tests.dll" id="9b8664cc-8e6f-2bc5-32c4-7acd2bf9b1f6">
      <Execution id="16f232f5-a48f-46b6-9ce8-c93eff68cab7" />
      <TestMethod codeBase="D:\07_WorkSpace\Codex\AutoCADByAI\AI_Mechanical_Engineering_Agent_Platform\tests\PlatformSelfCheck.Tests\bin\Debug\net10.0\PlatformSelfCheck.Tests.dll" adapterTypeName="executor://xunit/VsTestRunner3/netcore/" className="PlatformSelfCheck.Tests.InputAndSelfCheckReliabilityTests" name="ExplicitInvalidModelNeverFallsBackOrInvokesWorker" />
    </UnitTest>
    <UnitTest name="PlatformSelfCheck.Tests.InputAndSelfCheckReliabilityTests.SelfCheckRejectsIncompleteOrUnknownOptions(option: &quot;--unknown&quot;)" storage="d:\07_workspace\codex\autocadbyai\ai_mechanical_engineering_agent_platform\tests\platformselfcheck.tests\bin\debug\net10.0\platformselfcheck.tests.dll" id="58bfea07-e7c6-cf51-dc22-b053023eb639">
      <Execution id="e9f3cd27-3417-4b39-832f-6b8ab46eb6f9" />
      <TestMethod codeBase="D:\07_WorkSpace\Codex\AutoCADByAI\AI_Mechanical_Engineering_Agent_Platform\tests\PlatformSelfCheck.Tests\bin\Debug\net10.0\PlatformSelfCheck.Tests.dll" adapterTypeName="executor://xunit/VsTestRunner3/netcore/" className="PlatformSelfCheck.Tests.InputAndSelfCheckReliabilityTests" name="SelfCheckRejectsIncompleteOrUnknownOptions" />
    </UnitTest>
    <UnitTest name="PlatformSelfCheck.Tests.WorkflowReliabilityTests.StepRetryLimitTightensPolicyAndMatchesResultsAndAudit(stepLimit: null, policyLimit: 2, effectiveLimit: 2)" storage="d:\07_workspace\codex\autocadbyai\ai_mechanical_engineering_agent_platform\tests\platformselfcheck.tests\bin\debug\net10.0\platformselfcheck.tests.dll" id="c299e09c-dd9f-7c0e-9de3-6f12c2b45f80">
      <Execution id="9df9984f-d077-4067-ab0c-c135335b2664" />
      <TestMethod codeBase="D:\07_WorkSpace\Codex\AutoCADByAI\AI_Mechanical_Engineering_Agent_Platform\tests\PlatformSelfCheck.Tests\bin\Debug\net10.0\PlatformSelfCheck.Tests.dll" adapterTypeName="executor://xunit/VsTestRunner3/netcore/" className="PlatformSelfCheck.Tests.WorkflowReliabilityTests" name="StepRetryLimitTightensPolicyAndMatchesResultsAndAudit" />
    </UnitTest>
    <UnitTest name="PlatformSelfCheck.Tests.InputAndSelfCheckReliabilityTests.ExplicitInvalidModelNeverFallsBackOrInvokesWorker(json: &quot;{\&quot;features\&quot;:[null]}&quot;)" storage="d:\07_workspace\codex\autocadbyai\ai_mechanical_engineering_agent_platform\tests\platformselfcheck.tests\bin\debug\net10.0\platformselfcheck.tests.dll" id="28359f26-5a9a-5c35-88da-be8149750284">
      <Execution id="9b6d58e0-f45d-4afb-a20b-3e58bbf8df0c" />
      <TestMethod codeBase="D:\07_WorkSpace\Codex\AutoCADByAI\AI_Mechanical_Engineering_Agent_Platform\tests\PlatformSelfCheck.Tests\bin\Debug\net10.0\PlatformSelfCheck.Tests.dll" adapterTypeName="executor://xunit/VsTestRunner3/netcore/" className="PlatformSelfCheck.Tests.InputAndSelfCheckReliabilityTests" name="ExplicitInvalidModelNeverFallsBackOrInvokesWorker" />
    </UnitTest>
    <UnitTest name="PlatformSelfCheck.Tests.WorkflowReliabilityTests.StepRetryLimitTightensPolicyAndMatchesResultsAndAudit(stepLimit: 1, policyLimit: 2, effectiveLimit: 1)" storage="d:\07_workspace\codex\autocadbyai\ai_mechanical_engineering_agent_platform\tests\platformselfcheck.tests\bin\debug\net10.0\platformselfcheck.tests.dll" id="a2ed01bd-88a5-f515-4b65-7b0f623f88a3">
      <Execution id="b9dd6124-0fe1-4268-9203-22560b326511" />
      <TestMethod codeBase="D:\07_WorkSpace\Codex\AutoCADByAI\AI_Mechanical_Engineering_Agent_Platform\tests\PlatformSelfCheck.Tests\bin\Debug\net10.0\PlatformSelfCheck.Tests.dll" adapterTypeName="executor://xunit/VsTestRunner3/netcore/" className="PlatformSelfCheck.Tests.WorkflowReliabilityTests" name="StepRetryLimitTightensPolicyAndMatchesResultsAndAudit" />
    </UnitTest>
    <UnitTest name="PlatformSelfCheck.Tests.InputAndSelfCheckReliabilityTests.StructuredInputSelfCheckCoversRejectionAndModelPreservation" storage="d:\07_workspace\codex\autocadbyai\ai_mechanical_engineering_agent_platform\tests\platformselfcheck.tests\bin\debug\net10.0\platformselfcheck.tests.dll" id="a5e84209-e1e4-032b-145d-df2e86fda246">
      <Execution id="30515bbb-4a6f-4ebf-81d5-e261bf1f85d7" />
      <TestMethod codeBase="D:\07_WorkSpace\Codex\AutoCADByAI\AI_Mechanical_Engineering_Agent_Platform\tests\PlatformSelfCheck.Tests\bin\Debug\net10.0\PlatformSelfCheck.Tests.dll" adapterTypeName="executor://xunit/VsTestRunner3/netcore/" className="PlatformSelfCheck.Tests.InputAndSelfCheckReliabilityTests" name="StructuredInputSelfCheckCoversRejectionAndModelPreservation" />
    </UnitTest>
    <UnitTest name="PlatformSelfCheck.Tests.InputAndSelfCheckReliabilityTests.ExplicitInvalidModelNeverFallsBackOrInvokesWorker(json: &quot;&quot;)" storage="d:\07_workspace\codex\autocadbyai\ai_mechanical_engineering_agent_platform\tests\platformselfcheck.tests\bin\debug\net10.0\platformselfcheck.tests.dll" id="ca25dee1-0fc5-9225-3ab1-4107160befe9">
      <Execution id="9b577021-836f-446c-948a-50ed73472c60" />
      <TestMethod codeBase="D:\07_WorkSpace\Codex\AutoCADByAI\AI_Mechanical_Engineering_Agent_Platform\tests\PlatformSelfCheck.Tests\bin\Debug\net10.0\PlatformSelfCheck.Tests.dll" adapterTypeName="executor://xunit/VsTestRunner3/netcore/" className="PlatformSelfCheck.Tests.InputAndSelfCheckReliabilityTests" name="ExplicitInvalidModelNeverFallsBackOrInvokesWorker" />
    </UnitTest>
    <UnitTest name="PlatformSelfCheck.Tests.InputAndSelfCheckReliabilityTests.InvalidParameterUpdateCannotBeSilentlyDiscarded(json: &quot;null&quot;)" storage="d:\07_workspace\codex\autocadbyai\ai_mechanical_engineering_agent_platform\tests\platformselfcheck.tests\bin\debug\net10.0\platformselfcheck.tests.dll" id="178de23d-b2e9-9501-5060-9bac03154f56">
      <Execution id="5250daab-aab9-42b0-8a18-996ea604c12e" />
      <TestMethod codeBase="D:\07_WorkSpace\Codex\AutoCADByAI\AI_Mechanical_Engineering_Agent_Platform\tests\PlatformSelfCheck.Tests\bin\Debug\net10.0\PlatformSelfCheck.Tests.dll" adapterTypeName="executor://xunit/VsTestRunner3/netcore/" className="PlatformSelfCheck.Tests.InputAndSelfCheckReliabilityTests" name="InvalidParameterUpdateCannotBeSilentlyDiscarded" />
    </UnitTest>
    <UnitTest name="PlatformSelfCheck.Tests.InputAndSelfCheckReliabilityTests.MainWorkflowValidatesArtifactsUnderRequestedOutputDirectory" storage="d:\07_workspace\codex\autocadbyai\ai_mechanical_engineering_agent_platform\tests\platformselfcheck.tests\bin\debug\net10.0\platformselfcheck.tests.dll" id="296ad1dd-0e64-2893-7f5e-12aa5afcdaae">
      <Execution id="29760f9b-3b23-487f-a5cb-1a324a990076" />
      <TestMethod codeBase="D:\07_WorkSpace\Codex\AutoCADByAI\AI_Mechanical_Engineering_Agent_Platform\tests\PlatformSelfCheck.Tests\bin\Debug\net10.0\PlatformSelfCheck.Tests.dll" adapterTypeName="executor://xunit/VsTestRunner3/netcore/" className="PlatformSelfCheck.Tests.InputAndSelfCheckReliabilityTests" name="MainWorkflowValidatesArtifactsUnderRequestedOutputDirectory" />
    </UnitTest>
    <UnitTest name="PlatformSelfCheck.Tests.WorkflowReliabilityTests.StepRetryLimitTightensPolicyAndMatchesResultsAndAudit(stepLimit: 0, policyLimit: 2, effectiveLimit: 0)" storage="d:\07_workspace\codex\autocadbyai\ai_mechanical_engineering_agent_platform\tests\platformselfcheck.tests\bin\debug\net10.0\platformselfcheck.tests.dll" id="99c7f7ba-2025-5f9d-cc75-7947bb8b30b1">
      <Execution id="7dd03e74-eabf-4428-8d51-9ea1525b65eb" />
      <TestMethod codeBase="D:\07_WorkSpace\Codex\AutoCADByAI\AI_Mechanical_Engineering_Agent_Platform\tests\PlatformSelfCheck.Tests\bin\Debug\net10.0\PlatformSelfCheck.Tests.dll" adapterTypeName="executor://xunit/VsTestRunner3/netcore/" className="PlatformSelfCheck.Tests.WorkflowReliabilityTests" name="StepRetryLimitTightensPolicyAndMatchesResultsAndAudit" />
    </UnitTest>
    <UnitTest name="PlatformSelfCheck.Tests.WorkflowReliabilityTests.ReliabilitySelfCheckExecutesAllThreeBehaviorScenarios" storage="d:\07_workspace\codex\autocadbyai\ai_mechanical_engineering_agent_platform\tests\platformselfcheck.tests\bin\debug\net10.0\platformselfcheck.tests.dll" id="2a064964-d0a5-1daa-75b8-8abbd2280b28">
      <Execution id="03523034-a891-48cd-bb8d-16f804056747" />
      <TestMethod codeBase="D:\07_WorkSpace\Codex\AutoCADByAI\AI_Mechanical_Engineering_Agent_Platform\tests\PlatformSelfCheck.Tests\bin\Debug\net10.0\PlatformSelfCheck.Tests.dll" adapterTypeName="executor://xunit/VsTestRunner3/netcore/" className="PlatformSelfCheck.Tests.WorkflowReliabilityTests" name="ReliabilitySelfCheckExecutesAllThreeBehaviorScenarios" />
    </UnitTest>
    <UnitTest name="PlatformSelfCheck.Tests.WorkflowReliabilityTests.StepLimitCannotOverrideNonRetryablePolicy(issue: &quot;critical unsafe geometry&quot;)" storage="d:\07_workspace\codex\autocadbyai\ai_mechanical_engineering_agent_platform\tests\platformselfcheck.tests\bin\debug\net10.0\platformselfcheck.tests.dll" id="58783c75-45ee-4297-6faa-dd65fc288f9e">
      <Execution id="d63954f9-7772-45bf-b9c8-4164ce9ba962" />
      <TestMethod codeBase="D:\07_WorkSpace\Codex\AutoCADByAI\AI_Mechanical_Engineering_Agent_Platform\tests\PlatformSelfCheck.Tests\bin\Debug\net10.0\PlatformSelfCheck.Tests.dll" adapterTypeName="executor://xunit/VsTestRunner3/netcore/" className="PlatformSelfCheck.Tests.WorkflowReliabilityTests" name="StepLimitCannotOverrideNonRetryablePolicy" />
    </UnitTest>
    <UnitTest name="PlatformSelfCheck.Tests.InputAndSelfCheckReliabilityTests.SelfCheckRejectsIncompleteOrUnknownOptions(option: &quot;--output&quot;)" storage="d:\07_workspace\codex\autocadbyai\ai_mechanical_engineering_agent_platform\tests\platformselfcheck.tests\bin\debug\net10.0\platformselfcheck.tests.dll" id="3e56b159-1932-a99e-c0a3-359d38de67dc">
      <Execution id="fb1f1824-606d-4d82-b839-0a9f51233eb1" />
      <TestMethod codeBase="D:\07_WorkSpace\Codex\AutoCADByAI\AI_Mechanical_Engineering_Agent_Platform\tests\PlatformSelfCheck.Tests\bin\Debug\net10.0\PlatformSelfCheck.Tests.dll" adapterTypeName="executor://xunit/VsTestRunner3/netcore/" className="PlatformSelfCheck.Tests.InputAndSelfCheckReliabilityTests" name="SelfCheckRejectsIncompleteOrUnknownOptions" />
    </UnitTest>
    <UnitTest name="PlatformSelfCheck.Tests.WorkflowReliabilityTests.StepRetryLimitTightensPolicyAndMatchesResultsAndAudit(stepLimit: 2, policyLimit: -1, effectiveLimit: 0)" storage="d:\07_workspace\codex\autocadbyai\ai_mechanical_engineering_agent_platform\tests\platformselfcheck.tests\bin\debug\net10.0\platformselfcheck.tests.dll" id="71d21e2d-5801-aafc-fcd7-4a3b55b7a9d9">
      <Execution id="66c9da29-5097-4c2f-9fb7-3c8e5424611f" />
      <TestMethod codeBase="D:\07_WorkSpace\Codex\AutoCADByAI\AI_Mechanical_Engineering_Agent_Platform\tests\PlatformSelfCheck.Tests\bin\Debug\net10.0\PlatformSelfCheck.Tests.dll" adapterTypeName="executor://xunit/VsTestRunner3/netcore/" className="PlatformSelfCheck.Tests.WorkflowReliabilityTests" name="StepRetryLimitTightensPolicyAndMatchesResultsAndAudit" />
    </UnitTest>
    <UnitTest name="PlatformSelfCheck.Tests.WorkflowReliabilityTests.TwoApprovalBoundariesRetainAllStepAttemptsAndOrderedAudit(secondDecision: Approve)" storage="d:\07_workspace\codex\autocadbyai\ai_mechanical_engineering_agent_platform\tests\platformselfcheck.tests\bin\debug\net10.0\platformselfcheck.tests.dll" id="16892e8b-9af1-790d-219d-83692f693cbf">
      <Execution id="af6b945d-b6f5-405f-867d-ef01124e7a7a" />
      <TestMethod codeBase="D:\07_WorkSpace\Codex\AutoCADByAI\AI_Mechanical_Engineering_Agent_Platform\tests\PlatformSelfCheck.Tests\bin\Debug\net10.0\PlatformSelfCheck.Tests.dll" adapterTypeName="executor://xunit/VsTestRunner3/netcore/" className="PlatformSelfCheck.Tests.WorkflowReliabilityTests" name="TwoApprovalBoundariesRetainAllStepAttemptsAndOrderedAudit" />
    </UnitTest>
    <UnitTest name="PlatformSelfCheck.Tests.WorkflowReliabilityTests.ConcurrentDuplicateSubmissionCannotExecuteDownstreamTwice" storage="d:\07_workspace\codex\autocadbyai\ai_mechanical_engineering_agent_platform\tests\platformselfcheck.tests\bin\debug\net10.0\platformselfcheck.tests.dll" id="1df919d4-0ff3-1b5a-7e3e-9121643efe52">
      <Execution id="e169f811-89b5-4de6-aee0-47e4a84a054e" />
      <TestMethod codeBase="D:\07_WorkSpace\Codex\AutoCADByAI\AI_Mechanical_Engineering_Agent_Platform\tests\PlatformSelfCheck.Tests\bin\Debug\net10.0\PlatformSelfCheck.Tests.dll" adapterTypeName="executor://xunit/VsTestRunner3/netcore/" className="PlatformSelfCheck.Tests.WorkflowReliabilityTests" name="ConcurrentDuplicateSubmissionCannotExecuteDownstreamTwice" />
    </UnitTest>
  </TestDefinitions>
  <TestEntries>
    <TestEntry testId="413f7685-cd82-561d-ada6-4d017bedaeee" executionId="73e16720-b9b6-4eb3-b32e-bb5ead7c04ab" testListId="8c84fa94-04c1-424b-9868-57a2d4851a1d" />
    <TestEntry testId="16bc95f6-2599-abbf-109e-21eb44f7e0fb" executionId="ab22e982-f2a5-4e79-abef-890436650d1b" testListId="8c84fa94-04c1-424b-9868-57a2d4851a1d" />
    <TestEntry testId="71d21e2d-5801-aafc-fcd7-4a3b55b7a9d9" executionId="66c9da29-5097-4c2f-9fb7-3c8e5424611f" testListId="8c84fa94-04c1-424b-9868-57a2d4851a1d" />
    <TestEntry testId="683f2b9c-f6f8-e8b2-8c12-85fda425485d" executionId="48008f4e-58fa-4211-a309-019e399cf3ec" testListId="8c84fa94-04c1-424b-9868-57a2d4851a1d" />
    <TestEntry testId="1ed9d6c2-57cc-c2f8-a247-ef7f79b00a3e" executionId="2b2de180-82f2-42a8-97ea-88aff22cdee2" testListId="8c84fa94-04c1-424b-9868-57a2d4851a1d" />
    <TestEntry testId="8386ca33-6c28-8c03-2106-4a58f241aff3" executionId="4a81d116-705b-4da9-8184-28b707d85e87" testListId="8c84fa94-04c1-424b-9868-57a2d4851a1d" />
    <TestEntry testId="16892e8b-9af1-790d-219d-83692f693cbf" executionId="af6b945d-b6f5-405f-867d-ef01124e7a7a" testListId="8c84fa94-04c1-424b-9868-57a2d4851a1d" />
    <TestEntry testId="a5e84209-e1e4-032b-145d-df2e86fda246" executionId="30515bbb-4a6f-4ebf-81d5-e261bf1f85d7" testListId="8c84fa94-04c1-424b-9868-57a2d4851a1d" />
    <TestEntry testId="fa20af49-6f2b-aa44-7487-ad54a1ae5132" executionId="2f618523-d7b4-4be7-bb56-f12efdad024e" testListId="8c84fa94-04c1-424b-9868-57a2d4851a1d" />
    <TestEntry testId="f94b18d6-1cf8-49bb-1528-4dba75912ab6" executionId="2a7ccbc7-bf41-4c77-adad-871426361746" testListId="8c84fa94-04c1-424b-9868-57a2d4851a1d" />
    <TestEntry testId="3ed53525-92bb-0217-f08a-704ac87bcb7f" executionId="8e9777f7-1503-4c18-b214-05cd31576fbe" testListId="8c84fa94-04c1-424b-9868-57a2d4851a1d" />
    <TestEntry testId="a2ed01bd-88a5-f515-4b65-7b0f623f88a3" executionId="b9dd6124-0fe1-4268-9203-22560b326511" testListId="8c84fa94-04c1-424b-9868-57a2d4851a1d" />
    <TestEntry testId="f9b36918-d61a-6d48-0d32-1ae3ddacd729" executionId="eef52790-d0c5-4d4f-a61e-cac6e29854ca" testListId="8c84fa94-04c1-424b-9868-57a2d4851a1d" />
    <TestEntry testId="3e56b159-1932-a99e-c0a3-359d38de67dc" executionId="fb1f1824-606d-4d82-b839-0a9f51233eb1" testListId="8c84fa94-04c1-424b-9868-57a2d4851a1d" />
    <TestEntry testId="48578bb1-7351-2aa8-1e58-f98c0cb45e92" executionId="875dcb2f-435c-488b-aa56-6ef54eb2b053" testListId="8c84fa94-04c1-424b-9868-57a2d4851a1d" />
    <TestEntry testId="296ad1dd-0e64-2893-7f5e-12aa5afcdaae" executionId="29760f9b-3b23-487f-a5cb-1a324a990076" testListId="8c84fa94-04c1-424b-9868-57a2d4851a1d" />
    <TestEntry testId="2a064964-d0a5-1daa-75b8-8abbd2280b28" executionId="03523034-a891-48cd-bb8d-16f804056747" testListId="8c84fa94-04c1-424b-9868-57a2d4851a1d" />
    <TestEntry testId="2035ab77-5cd1-dfb5-b4fe-89c211eab6fa" executionId="23e59ff6-2d79-480a-91e0-076422d113ae" testListId="8c84fa94-04c1-424b-9868-57a2d4851a1d" />
    <TestEntry testId="b7b2b163-8efc-7f27-5085-c236dd684d4c" executionId="5bca70a7-bfae-4d0b-98b0-559df56f1d58" testListId="8c84fa94-04c1-424b-9868-57a2d4851a1d" />
    <TestEntry testId="40c09089-e7f0-11fa-a06b-70eb89f91952" executionId="6aa9c1a9-afdb-4ad1-a629-209edf75e5f7" testListId="8c84fa94-04c1-424b-9868-57a2d4851a1d" />
    <TestEntry testId="178de23d-b2e9-9501-5060-9bac03154f56" executionId="5250daab-aab9-42b0-8a18-996ea604c12e" testListId="8c84fa94-04c1-424b-9868-57a2d4851a1d" />
    <TestEntry testId="0b4e358e-aeb2-ac51-a0d3-b475b43e83fb" executionId="4d077d4c-c886-438d-8906-58ec179adfd1" testListId="8c84fa94-04c1-424b-9868-57a2d4851a1d" />
    <TestEntry testId="276e37c6-e26e-4e16-aac7-02373aa7bfb4" executionId="6ec6d0cd-cfa5-4513-846a-439d5b59d8be" testListId="8c84fa94-04c1-424b-9868-57a2d4851a1d" />
    <TestEntry testId="8ff1e917-2d12-b473-0535-30b418e404fb" executionId="5a89c97c-2efd-48ea-8747-0525ce1a78a5" testListId="8c84fa94-04c1-424b-9868-57a2d4851a1d" />
    <TestEntry testId="8d0745b6-5883-96df-a9cb-8695a8cb4800" executionId="bb84f17e-a830-45a5-9c3a-f63b13623d0d" testListId="8c84fa94-04c1-424b-9868-57a2d4851a1d" />
    <TestEntry testId="398b33db-da9c-af61-8c33-d299a9f2939a" executionId="e53a22e7-7cd1-4f65-b52d-0cffb2174944" testListId="8c84fa94-04c1-424b-9868-57a2d4851a1d" />
    <TestEntry testId="58be637b-b90c-a47f-81f2-23c3f3a7ea85" executionId="c9f8024b-6e3d-4fa2-835b-b91db156afcc" testListId="8c84fa94-04c1-424b-9868-57a2d4851a1d" />
    <TestEntry testId="ca25dee1-0fc5-9225-3ab1-4107160befe9" executionId="9b577021-836f-446c-948a-50ed73472c60" testListId="8c84fa94-04c1-424b-9868-57a2d4851a1d" />
    <TestEntry testId="c299e09c-dd9f-7c0e-9de3-6f12c2b45f80" executionId="9df9984f-d077-4067-ab0c-c135335b2664" testListId="8c84fa94-04c1-424b-9868-57a2d4851a1d" />
    <TestEntry testId="ac6400b3-6355-7553-49d2-fefb6bd874d8" executionId="4a24aba4-b15e-4dd0-9b68-b5342c395df8" testListId="8c84fa94-04c1-424b-9868-57a2d4851a1d" />
    <TestEntry testId="509f06b2-a47e-e205-246b-12a55b384d84" executionId="79b57362-dc75-4ae8-8ea6-1eb207f9c42d" testListId="8c84fa94-04c1-424b-9868-57a2d4851a1d" />
    <TestEntry testId="35ffc7f2-700f-6e76-5f40-cef845c06378" executionId="41eed878-6b95-4e79-8d5c-1fb16f9c4a1c" testListId="8c84fa94-04c1-424b-9868-57a2d4851a1d" />
    <TestEntry testId="9566270c-4518-7da6-bf25-20f1cdb6f238" executionId="bd54f0c6-0e53-49e1-a186-e2d153d70dd2" testListId="8c84fa94-04c1-424b-9868-57a2d4851a1d" />
    <TestEntry testId="99c7f7ba-2025-5f9d-cc75-7947bb8b30b1" executionId="7dd03e74-eabf-4428-8d51-9ea1525b65eb" testListId="8c84fa94-04c1-424b-9868-57a2d4851a1d" />
    <TestEntry testId="8f2f6888-5f08-d0a7-9ed0-67571f6218f7" executionId="7f789652-9ba5-4936-a8e3-7503965ccd9b" testListId="8c84fa94-04c1-424b-9868-57a2d4851a1d" />
    <TestEntry testId="28359f26-5a9a-5c35-88da-be8149750284" executionId="9b6d58e0-f45d-4afb-a20b-3e58bbf8df0c" testListId="8c84fa94-04c1-424b-9868-57a2d4851a1d" />
    <TestEntry testId="db285d96-416e-dd07-51b0-c273f11ae986" executionId="c718cc74-6f61-41f6-a72b-96fd3a50b452" testListId="8c84fa94-04c1-424b-9868-57a2d4851a1d" />
    <TestEntry testId="58783c75-45ee-4297-6faa-dd65fc288f9e" executionId="d63954f9-7772-45bf-b9c8-4164ce9ba962" testListId="8c84fa94-04c1-424b-9868-57a2d4851a1d" />
    <TestEntry testId="9b8664cc-8e6f-2bc5-32c4-7acd2bf9b1f6" executionId="16f232f5-a48f-46b6-9ce8-c93eff68cab7" testListId="8c84fa94-04c1-424b-9868-57a2d4851a1d" />
    <TestEntry testId="58bfea07-e7c6-cf51-dc22-b053023eb639" executionId="e9f3cd27-3417-4b39-832f-6b8ab46eb6f9" testListId="8c84fa94-04c1-424b-9868-57a2d4851a1d" />
    <TestEntry testId="015138af-4f66-e540-842d-1dd9529e9179" executionId="47dc9b14-65f2-425f-ad19-6bd6aa69207c" testListId="8c84fa94-04c1-424b-9868-57a2d4851a1d" />
    <TestEntry testId="1df919d4-0ff3-1b5a-7e3e-9121643efe52" executionId="e169f811-89b5-4de6-aee0-47e4a84a054e" testListId="8c84fa94-04c1-424b-9868-57a2d4851a1d" />
    <TestEntry testId="8fefa62e-de69-2f5a-1d42-a21e52185d92" executionId="9a0a70c3-18d4-4b69-8580-3b35d352a2bd" testListId="8c84fa94-04c1-424b-9868-57a2d4851a1d" />
  </TestEntries>
  <TestLists>
    <TestList name="列表中未列出的结果" id="8c84fa94-04c1-424b-9868-57a2d4851a1d" />
    <TestList name="所有已加载的结果" id="19431567-8539-422a-85d7-44ee4e166bda" />
  </TestLists>
  <ResultSummary outcome="Completed">
    <Counters total="43" executed="43" passed="43" failed="0" error="0" timeout="0" aborted="0" inconclusive="0" passedButRunAborted="0" notRunnable="0" notExecuted="0" disconnected="0" warning="0" completed="0" inProgress="0" pending="0" />
    <Output>
      <StdOut>[xUnit.net 00:00:00.00] xUnit.net VSTest Adapter v3.1.4+50e68bbb8b (64-bit .NET 10.0.11)&#xD;
[xUnit.net 00:00:00.06]   Discovering: PlatformSelfCheck.Tests&#xD;
[xUnit.net 00:00:00.13]   Discovered:  PlatformSelfCheck.Tests&#xD;
[xUnit.net 00:00:00.15]   Starting:    PlatformSelfCheck.Tests&#xD;
[xUnit.net 00:00:00.66]   Finished:    PlatformSelfCheck.Tests&#xD;
</StdOut>
    </Output>
  </ResultSummary>
</TestRun>