<?xml version="1.0" encoding="utf-8"?>
<TestRun id="fc997c14-7f97-4ade-9e6b-3efbe8b7a2ff" name="LEEYS@LEEIISSS187 2026-09-29 09:39:05" runUser="LEEIISSS187\LEEYS" xmlns="http://microsoft.com/schemas/VisualStudio/TeamTest/2010">
  <Times creation="2026-09-29T09:39:05.9560743+08:00" queuing="2026-09-29T09:39:05.9560746+08:00" start="2026-09-29T09:38:59.2146285+08:00" finish="2026-09-29T09:39:06.0393395+08:00" />
  <TestSettings name="default" id="29c9604f-e2b1-4f6c-afc8-02086e7f7828">
    <Deployment runDeploymentRoot="LEEYS_LEEIISSS187_2026-09-29_09_39_05" />
  </TestSettings>
  <Results>
    <UnitTestResult executionId="4db208e5-45f6-4c70-a178-fb7451e5a55b" testId="c1d648a2-c55a-bf00-c359-c44a8924332a" testName="PlatformSelfCheck.Tests.FeatureEvidenceRejectionSelfCheckTests.NoUsableNegativeObservationIsNullAndCannotPassTheCapabilityBaseline(failure: &quot;not_invoked&quot;)" computerName="LEEIISSS187" duration="00:00:00.0005232" startTime="2026-09-29T09:39:05.9466681+08:00" endTime="2026-09-29T09:39:05.9466920+08:00" testType="13cdc9d9-ddb5-4fa4-a97d-d965ccfc6d4b" outcome="Passed" testListId="8c84fa94-04c1-424b-9868-57a2d4851a1d" relativeResultsDirectory="4db208e5-45f6-4c70-a178-fb7451e5a55b" />
    <UnitTestResult executionId="7221e66c-b295-4474-b464-f427101fa278" testId="11c1cb4e-4694-f6ea-a369-d5f239c8d928" testName="PlatformSelfCheck.Tests.FeatureEvidenceRejectionSelfCheckTests.GlobalReportUsesBothNegativeObservationsAndSerializesUnknownAsNull" computerName="LEEIISSS187" duration="00:00:04.7700819" startTime="2026-09-29T09:39:01.1543169+08:00" endTime="2026-09-29T09:39:05.9303127+08:00" testType="13cdc9d9-ddb5-4fa4-a97d-d965ccfc6d4b" outcome="Passed" testListId="8c84fa94-04c1-424b-9868-57a2d4851a1d" relativeResultsDirectory="7221e66c-b295-4474-b464-f427101fa278" />
    <UnitTestResult executionId="4c608c9e-6015-4c8c-a137-570af07f8241" testId="efd0fa72-88f3-f614-636b-296211e3d792" testName="PlatformSelfCheck.Tests.FeatureEvidenceRejectionSelfCheckTests.BrokenRegistryRejectionIsFalseEvenWhenAnotherSampleIsUnobserved(failure: &quot;accepted&quot;)" computerName="LEEIISSS187" duration="00:00:00.0099875" startTime="2026-09-29T09:39:05.9787579+08:00" endTime="2026-09-29T09:39:05.9874456+08:00" testType="13cdc9d9-ddb5-4fa4-a97d-d965ccfc6d4b" outcome="Passed" testListId="8c84fa94-04c1-424b-9868-57a2d4851a1d" relativeResultsDirectory="4c608c9e-6015-4c8c-a137-570af07f8241" />
    <UnitTestResult executionId="81e10af7-3166-49cd-a8a7-3e4285c13a6a" testId="1094f476-633f-6404-6833-bbacc472b0a0" testName="PlatformSelfCheck.Tests.FeatureEvidenceRejectionSelfCheckTests.AllVerifiedRegistryStillObservesRealUnverifiedRejectionWithoutChangingProduction(type: &quot;fillet&quot;)" computerName="LEEIISSS187" duration="00:00:00.0084971" startTime="2026-09-29T09:39:05.9689417+08:00" endTime="2026-09-29T09:39:05.9773617+08:00" testType="13cdc9d9-ddb5-4fa4-a97d-d965ccfc6d4b" outcome="Passed" testListId="8c84fa94-04c1-424b-9868-57a2d4851a1d" relativeResultsDirectory="81e10af7-3166-49cd-a8a7-3e4285c13a6a" />
    <UnitTestResult executionId="624c082a-bc76-4d25-a7bb-53617e58bdbe" testId="5d13a30f-359b-772b-1ad6-ccab3ac9b248" testName="PlatformSelfCheck.Tests.FeatureEvidenceRejectionSelfCheckTests.NoUsableNegativeObservationIsNullAndCannotPassTheCapabilityBaseline(failure: &quot;empty&quot;)" computerName="LEEIISSS187" duration="00:00:00.0001677" startTime="2026-09-29T09:39:05.9468361+08:00" endTime="2026-09-29T09:39:05.9468582+08:00" testType="13cdc9d9-ddb5-4fa4-a97d-d965ccfc6d4b" outcome="Passed" testListId="8c84fa94-04c1-424b-9868-57a2d4851a1d" relativeResultsDirectory="624c082a-bc76-4d25-a7bb-53617e58bdbe" />
    <UnitTestResult executionId="84216447-a916-45e7-aa39-2c971a354f63" testId="613626c2-25b0-4f2e-e675-2e4abfe071e2" testName="PlatformSelfCheck.Tests.FeatureEvidenceRejectionSelfCheckTests.NoUsableNegativeObservationIsNullAndCannotPassTheCapabilityBaseline(failure: &quot;shared_evidence&quot;)" computerName="LEEIISSS187" duration="00:00:00.0002346" startTime="2026-09-29T09:39:05.9467751+08:00" endTime="2026-09-29T09:39:05.9467950+08:00" testType="13cdc9d9-ddb5-4fa4-a97d-d965ccfc6d4b" outcome="Passed" testListId="8c84fa94-04c1-424b-9868-57a2d4851a1d" relativeResultsDirectory="84216447-a916-45e7-aa39-2c971a354f63" />
    <UnitTestResult executionId="cc66c81f-505c-46ca-9ba4-8c43e87b0cdd" testId="e5c4bfc4-8550-1d31-9a91-3a9672b6f5a9" testName="PlatformSelfCheck.Tests.FeatureEvidenceRejectionSelfCheckTests.NoUsableNegativeObservationIsNullAndCannotPassTheCapabilityBaseline(failure: &quot;missing_target&quot;)" computerName="LEEIISSS187" duration="00:00:00.0142713" startTime="2026-09-29T09:39:05.9462311+08:00" endTime="2026-09-29T09:39:05.9463002+08:00" testType="13cdc9d9-ddb5-4fa4-a97d-d965ccfc6d4b" outcome="Passed" testListId="8c84fa94-04c1-424b-9868-57a2d4851a1d" relativeResultsDirectory="cc66c81f-505c-46ca-9ba4-8c43e87b0cdd" />
    <UnitTestResult executionId="aa61f0de-cc7a-444a-b100-3bb453712f7e" testId="cbd49b0c-237e-5f17-c286-7f62b473946b" testName="PlatformSelfCheck.Tests.FeatureEvidenceRejectionSelfCheckTests.AllVerifiedRegistryStillObservesRealUnverifiedRejectionWithoutChangingProduction(type: &quot;revolve_boss&quot;)" computerName="LEEIISSS187" duration="00:00:00.0153355" startTime="2026-09-29T09:39:05.9535470+08:00" endTime="2026-09-29T09:39:05.9688218+08:00" testType="13cdc9d9-ddb5-4fa4-a97d-d965ccfc6d4b" outcome="Passed" testListId="8c84fa94-04c1-424b-9868-57a2d4851a1d" relativeResultsDirectory="aa61f0de-cc7a-444a-b100-3bb453712f7e" />
    <UnitTestResult executionId="3840d91b-f0cb-4663-82e6-9c99f8762ef8" testId="1a621596-23ec-c602-48e9-0a46731393a8" testName="PlatformSelfCheck.Tests.FeatureEvidenceRejectionSelfCheckTests.NoUsableNegativeObservationIsNullAndCannotPassTheCapabilityBaseline(failure: &quot;no_registry&quot;)" computerName="LEEIISSS187" duration="00:00:00.0001733" startTime="2026-09-29T09:39:05.9468897+08:00" endTime="2026-09-29T09:39:05.9469061+08:00" testType="13cdc9d9-ddb5-4fa4-a97d-d965ccfc6d4b" outcome="Passed" testListId="8c84fa94-04c1-424b-9868-57a2d4851a1d" relativeResultsDirectory="3840d91b-f0cb-4663-82e6-9c99f8762ef8" />
    <UnitTestResult executionId="5d7c5ea8-f0aa-490b-b6ad-325158c109ec" testId="8bdd586e-fb46-ffd6-ecbc-64703bc80a07" testName="PlatformSelfCheck.Tests.FeatureEvidenceRejectionSelfCheckTests.BrokenRegistryRejectionIsFalseEvenWhenAnotherSampleIsUnobserved(failure: &quot;wrong_stage&quot;)" computerName="LEEIISSS187" duration="00:00:00.0079698" startTime="2026-09-29T09:39:05.9875611+08:00" endTime="2026-09-29T09:39:05.9954796+08:00" testType="13cdc9d9-ddb5-4fa4-a97d-d965ccfc6d4b" outcome="Passed" testListId="8c84fa94-04c1-424b-9868-57a2d4851a1d" relativeResultsDirectory="5d7c5ea8-f0aa-490b-b6ad-325158c109ec" />
    <UnitTestResult executionId="5a9088a9-b8d4-4b8d-bf52-7185d48aada9" testId="5dbfa485-289b-092a-38a4-6532927f1f39" testName="PlatformSelfCheck.Tests.FeatureEvidenceRejectionSelfCheckTests.NoUsableNegativeObservationIsNullAndCannotPassTheCapabilityBaseline(failure: &quot;invalid_parameters&quot;)" computerName="LEEIISSS187" duration="00:00:00.0004284" startTime="2026-09-29T09:39:05.9469343+08:00" endTime="2026-09-29T09:39:05.9473172+08:00" testType="13cdc9d9-ddb5-4fa4-a97d-d965ccfc6d4b" outcome="Passed" testListId="8c84fa94-04c1-424b-9868-57a2d4851a1d" relativeResultsDirectory="5a9088a9-b8d4-4b8d-bf52-7185d48aada9" />
    <UnitTestResult executionId="689f60cb-e7bf-4383-a039-c909337f8807" testId="2c1ac1f2-fd88-7fef-d821-09fa8bf7a8e5" testName="PlatformSelfCheck.Tests.FeatureEvidenceRejectionSelfCheckTests.ExceptionDuringNegativePreflightRestoresEvidenceAndDoesNotClaimSuccess" computerName="LEEIISSS187" duration="00:00:00.0059622" startTime="2026-09-29T09:39:05.9473794+08:00" endTime="2026-09-29T09:39:05.9534002+08:00" testType="13cdc9d9-ddb5-4fa4-a97d-d965ccfc6d4b" outcome="Passed" testListId="8c84fa94-04c1-424b-9868-57a2d4851a1d" relativeResultsDirectory="689f60cb-e7bf-4383-a039-c909337f8807" />
  </Results>
  <TestDefinitions>
    <UnitTest name="PlatformSelfCheck.Tests.FeatureEvidenceRejectionSelfCheckTests.GlobalReportUsesBothNegativeObservationsAndSerializesUnknownAsNull" storage="d:\07_workspace\codex\autocadbyai\ai_mechanical_engineering_agent_platform\tests\platformselfcheck.tests\bin\debug\net10.0\platformselfcheck.tests.dll" id="11c1cb4e-4694-f6ea-a369-d5f239c8d928">
      <Execution id="7221e66c-b295-4474-b464-f427101fa278" />
      <TestMethod codeBase="D:\07_WorkSpace\Codex\AutoCADByAI\AI_Mechanical_Engineering_Agent_Platform\tests\PlatformSelfCheck.Tests\bin\Debug\net10.0\PlatformSelfCheck.Tests.dll" adapterTypeName="executor://xunit/VsTestRunner3/netcore/" className="PlatformSelfCheck.Tests.FeatureEvidenceRejectionSelfCheckTests" name="GlobalReportUsesBothNegativeObservationsAndSerializesUnknownAsNull" />
    </UnitTest>
    <UnitTest name="PlatformSelfCheck.Tests.FeatureEvidenceRejectionSelfCheckTests.BrokenRegistryRejectionIsFalseEvenWhenAnotherSampleIsUnobserved(failure: &quot;accepted&quot;)" storage="d:\07_workspace\codex\autocadbyai\ai_mechanical_engineering_agent_platform\tests\platformselfcheck.tests\bin\debug\net10.0\platformselfcheck.tests.dll" id="efd0fa72-88f3-f614-636b-296211e3d792">
      <Execution id="4c608c9e-6015-4c8c-a137-570af07f8241" />
      <TestMethod codeBase="D:\07_WorkSpace\Codex\AutoCADByAI\AI_Mechanical_Engineering_Agent_Platform\tests\PlatformSelfCheck.Tests\bin\Debug\net10.0\PlatformSelfCheck.Tests.dll" adapterTypeName="executor://xunit/VsTestRunner3/netcore/" className="PlatformSelfCheck.Tests.FeatureEvidenceRejectionSelfCheckTests" name="BrokenRegistryRejectionIsFalseEvenWhenAnotherSampleIsUnobserved" />
    </UnitTest>
    <UnitTest name="PlatformSelfCheck.Tests.FeatureEvidenceRejectionSelfCheckTests.ExceptionDuringNegativePreflightRestoresEvidenceAndDoesNotClaimSuccess" storage="d:\07_workspace\codex\autocadbyai\ai_mechanical_engineering_agent_platform\tests\platformselfcheck.tests\bin\debug\net10.0\platformselfcheck.tests.dll" id="2c1ac1f2-fd88-7fef-d821-09fa8bf7a8e5">
      <Execution id="689f60cb-e7bf-4383-a039-c909337f8807" />
      <TestMethod codeBase="D:\07_WorkSpace\Codex\AutoCADByAI\AI_Mechanical_Engineering_Agent_Platform\tests\PlatformSelfCheck.Tests\bin\Debug\net10.0\PlatformSelfCheck.Tests.dll" adapterTypeName="executor://xunit/VsTestRunner3/netcore/" className="PlatformSelfCheck.Tests.FeatureEvidenceRejectionSelfCheckTests" name="ExceptionDuringNegativePreflightRestoresEvidenceAndDoesNotClaimSuccess" />
    </UnitTest>
    <UnitTest name="PlatformSelfCheck.Tests.FeatureEvidenceRejectionSelfCheckTests.AllVerifiedRegistryStillObservesRealUnverifiedRejectionWithoutChangingProduction(type: &quot;fillet&quot;)" storage="d:\07_workspace\codex\autocadbyai\ai_mechanical_engineering_agent_platform\tests\platformselfcheck.tests\bin\debug\net10.0\platformselfcheck.tests.dll" id="1094f476-633f-6404-6833-bbacc472b0a0">
      <Execution id="81e10af7-3166-49cd-a8a7-3e4285c13a6a" />
      <TestMethod codeBase="D:\07_WorkSpace\Codex\AutoCADByAI\AI_Mechanical_Engineering_Agent_Platform\tests\PlatformSelfCheck.Tests\bin\Debug\net10.0\PlatformSelfCheck.Tests.dll" adapterTypeName="executor://xunit/VsTestRunner3/netcore/" className="PlatformSelfCheck.Tests.FeatureEvidenceRejectionSelfCheckTests" name="AllVerifiedRegistryStillObservesRealUnverifiedRejectionWithoutChangingProduction" />
    </UnitTest>
    <UnitTest name="PlatformSelfCheck.Tests.FeatureEvidenceRejectionSelfCheckTests.NoUsableNegativeObservationIsNullAndCannotPassTheCapabilityBaseline(failure: &quot;no_registry&quot;)" storage="d:\07_workspace\codex\autocadbyai\ai_mechanical_engineering_agent_platform\tests\platformselfcheck.tests\bin\debug\net10.0\platformselfcheck.tests.dll" id="1a621596-23ec-c602-48e9-0a46731393a8">
      <Execution id="3840d91b-f0cb-4663-82e6-9c99f8762ef8" />
      <TestMethod codeBase="D:\07_WorkSpace\Codex\AutoCADByAI\AI_Mechanical_Engineering_Agent_Platform\tests\PlatformSelfCheck.Tests\bin\Debug\net10.0\PlatformSelfCheck.Tests.dll" adapterTypeName="executor://xunit/VsTestRunner3/netcore/" className="PlatformSelfCheck.Tests.FeatureEvidenceRejectionSelfCheckTests" name="NoUsableNegativeObservationIsNullAndCannotPassTheCapabilityBaseline" />
    </UnitTest>
    <UnitTest name="PlatformSelfCheck.Tests.FeatureEvidenceRejectionSelfCheckTests.NoUsableNegativeObservationIsNullAndCannotPassTheCapabilityBaseline(failure: &quot;empty&quot;)" storage="d:\07_workspace\codex\autocadbyai\ai_mechanical_engineering_agent_platform\tests\platformselfcheck.tests\bin\debug\net10.0\platformselfcheck.tests.dll" id="5d13a30f-359b-772b-1ad6-ccab3ac9b248">
      <Execution id="624c082a-bc76-4d25-a7bb-53617e58bdbe" />
      <TestMethod codeBase="D:\07_WorkSpace\Codex\AutoCADByAI\AI_Mechanical_Engineering_Agent_Platform\tests\PlatformSelfCheck.Tests\bin\Debug\net10.0\PlatformSelfCheck.Tests.dll" adapterTypeName="executor://xunit/VsTestRunner3/netcore/" className="PlatformSelfCheck.Tests.FeatureEvidenceRejectionSelfCheckTests" name="NoUsableNegativeObservationIsNullAndCannotPassTheCapabilityBaseline" />
    </UnitTest>
    <UnitTest name="PlatformSelfCheck.Tests.FeatureEvidenceRejectionSelfCheckTests.NoUsableNegativeObservationIsNullAndCannotPassTheCapabilityBaseline(failure: &quot;invalid_parameters&quot;)" storage="d:\07_workspace\codex\autocadbyai\ai_mechanical_engineering_agent_platform\tests\platformselfcheck.tests\bin\debug\net10.0\platformselfcheck.tests.dll" id="5dbfa485-289b-092a-38a4-6532927f1f39">
      <Execution id="5a9088a9-b8d4-4b8d-bf52-7185d48aada9" />
      <TestMethod codeBase="D:\07_WorkSpace\Codex\AutoCADByAI\AI_Mechanical_Engineering_Agent_Platform\tests\PlatformSelfCheck.Tests\bin\Debug\net10.0\PlatformSelfCheck.Tests.dll" adapterTypeName="executor://xunit/VsTestRunner3/netcore/" className="PlatformSelfCheck.Tests.FeatureEvidenceRejectionSelfCheckTests" name="NoUsableNegativeObservationIsNullAndCannotPassTheCapabilityBaseline" />
    </UnitTest>
    <UnitTest name="PlatformSelfCheck.Tests.FeatureEvidenceRejectionSelfCheckTests.NoUsableNegativeObservationIsNullAndCannotPassTheCapabilityBaseline(failure: &quot;shared_evidence&quot;)" storage="d:\07_workspace\codex\autocadbyai\ai_mechanical_engineering_agent_platform\tests\platformselfcheck.tests\bin\debug\net10.0\platformselfcheck.tests.dll" id="613626c2-25b0-4f2e-e675-2e4abfe071e2">
      <Execution id="84216447-a916-45e7-aa39-2c971a354f63" />
      <TestMethod codeBase="D:\07_WorkSpace\Codex\AutoCADByAI\AI_Mechanical_Engineering_Agent_Platform\tests\PlatformSelfCheck.Tests\bin\Debug\net10.0\PlatformSelfCheck.Tests.dll" adapterTypeName="executor://xunit/VsTestRunner3/netcore/" className="PlatformSelfCheck.Tests.FeatureEvidenceRejectionSelfCheckTests" name="NoUsableNegativeObservationIsNullAndCannotPassTheCapabilityBaseline" />
    </UnitTest>
    <UnitTest name="PlatformSelfCheck.Tests.FeatureEvidenceRejectionSelfCheckTests.NoUsableNegativeObservationIsNullAndCannotPassTheCapabilityBaseline(failure: &quot;not_invoked&quot;)" storage="d:\07_workspace\codex\autocadbyai\ai_mechanical_engineering_agent_platform\tests\platformselfcheck.tests\bin\debug\net10.0\platformselfcheck.tests.dll" id="c1d648a2-c55a-bf00-c359-c44a8924332a">
      <Execution id="4db208e5-45f6-4c70-a178-fb7451e5a55b" />
      <TestMethod codeBase="D:\07_WorkSpace\Codex\AutoCADByAI\AI_Mechanical_Engineering_Agent_Platform\tests\PlatformSelfCheck.Tests\bin\Debug\net10.0\PlatformSelfCheck.Tests.dll" adapterTypeName="executor://xunit/VsTestRunner3/netcore/" className="PlatformSelfCheck.Tests.FeatureEvidenceRejectionSelfCheckTests" name="NoUsableNegativeObservationIsNullAndCannotPassTheCapabilityBaseline" />
    </UnitTest>
    <UnitTest name="PlatformSelfCheck.Tests.FeatureEvidenceRejectionSelfCheckTests.NoUsableNegativeObservationIsNullAndCannotPassTheCapabilityBaseline(failure: &quot;missing_target&quot;)" storage="d:\07_workspace\codex\autocadbyai\ai_mechanical_engineering_agent_platform\tests\platformselfcheck.tests\bin\debug\net10.0\platformselfcheck.tests.dll" id="e5c4bfc4-8550-1d31-9a91-3a9672b6f5a9">
      <Execution id="cc66c81f-505c-46ca-9ba4-8c43e87b0cdd" />
      <TestMethod codeBase="D:\07_WorkSpace\Codex\AutoCADByAI\AI_Mechanical_Engineering_Agent_Platform\tests\PlatformSelfCheck.Tests\bin\Debug\net10.0\PlatformSelfCheck.Tests.dll" adapterTypeName="executor://xunit/VsTestRunner3/netcore/" className="PlatformSelfCheck.Tests.FeatureEvidenceRejectionSelfCheckTests" name="NoUsableNegativeObservationIsNullAndCannotPassTheCapabilityBaseline" />
    </UnitTest>
    <UnitTest name="PlatformSelfCheck.Tests.FeatureEvidenceRejectionSelfCheckTests.BrokenRegistryRejectionIsFalseEvenWhenAnotherSampleIsUnobserved(failure: &quot;wrong_stage&quot;)" storage="d:\07_workspace\codex\autocadbyai\ai_mechanical_engineering_agent_platform\tests\platformselfcheck.tests\bin\debug\net10.0\platformselfcheck.tests.dll" id="8bdd586e-fb46-ffd6-ecbc-64703bc80a07">
      <Execution id="5d7c5ea8-f0aa-490b-b6ad-325158c109ec" />
      <TestMethod codeBase="D:\07_WorkSpace\Codex\AutoCADByAI\AI_Mechanical_Engineering_Agent_Platform\tests\PlatformSelfCheck.Tests\bin\Debug\net10.0\PlatformSelfCheck.Tests.dll" adapterTypeName="executor://xunit/VsTestRunner3/netcore/" className="PlatformSelfCheck.Tests.FeatureEvidenceRejectionSelfCheckTests" name="BrokenRegistryRejectionIsFalseEvenWhenAnotherSampleIsUnobserved" />
    </UnitTest>
    <UnitTest name="PlatformSelfCheck.Tests.FeatureEvidenceRejectionSelfCheckTests.AllVerifiedRegistryStillObservesRealUnverifiedRejectionWithoutChangingProduction(type: &quot;revolve_boss&quot;)" storage="d:\07_workspace\codex\autocadbyai\ai_mechanical_engineering_agent_platform\tests\platformselfcheck.tests\bin\debug\net10.0\platformselfcheck.tests.dll" id="cbd49b0c-237e-5f17-c286-7f62b473946b">
      <Execution id="aa61f0de-cc7a-444a-b100-3bb453712f7e" />
      <TestMethod codeBase="D:\07_WorkSpace\Codex\AutoCADByAI\AI_Mechanical_Engineering_Agent_Platform\tests\PlatformSelfCheck.Tests\bin\Debug\net10.0\PlatformSelfCheck.Tests.dll" adapterTypeName="executor://xunit/VsTestRunner3/netcore/" className="PlatformSelfCheck.Tests.FeatureEvidenceRejectionSelfCheckTests" name="AllVerifiedRegistryStillObservesRealUnverifiedRejectionWithoutChangingProduction" />
    </UnitTest>
  </TestDefinitions>
  <TestEntries>
    <TestEntry testId="c1d648a2-c55a-bf00-c359-c44a8924332a" executionId="4db208e5-45f6-4c70-a178-fb7451e5a55b" testListId="8c84fa94-04c1-424b-9868-57a2d4851a1d" />
    <TestEntry testId="11c1cb4e-4694-f6ea-a369-d5f239c8d928" executionId="7221e66c-b295-4474-b464-f427101fa278" testListId="8c84fa94-04c1-424b-9868-57a2d4851a1d" />
    <TestEntry testId="efd0fa72-88f3-f614-636b-296211e3d792" executionId="4c608c9e-6015-4c8c-a137-570af07f8241" testListId="8c84fa94-04c1-424b-9868-57a2d4851a1d" />
    <TestEntry testId="1094f476-633f-6404-6833-bbacc472b0a0" executionId="81e10af7-3166-49cd-a8a7-3e4285c13a6a" testListId="8c84fa94-04c1-424b-9868-57a2d4851a1d" />
    <TestEntry testId="5d13a30f-359b-772b-1ad6-ccab3ac9b248" executionId="624c082a-bc76-4d25-a7bb-53617e58bdbe" testListId="8c84fa94-04c1-424b-9868-57a2d4851a1d" />
    <TestEntry testId="613626c2-25b0-4f2e-e675-2e4abfe071e2" executionId="84216447-a916-45e7-aa39-2c971a354f63" testListId="8c84fa94-04c1-424b-9868-57a2d4851a1d" />
    <TestEntry testId="e5c4bfc4-8550-1d31-9a91-3a9672b6f5a9" executionId="cc66c81f-505c-46ca-9ba4-8c43e87b0cdd" testListId="8c84fa94-04c1-424b-9868-57a2d4851a1d" />
    <TestEntry testId="cbd49b0c-237e-5f17-c286-7f62b473946b" executionId="aa61f0de-cc7a-444a-b100-3bb453712f7e" testListId="8c84fa94-04c1-424b-9868-57a2d4851a1d" />
    <TestEntry testId="1a621596-23ec-c602-48e9-0a46731393a8" executionId="3840d91b-f0cb-4663-82e6-9c99f8762ef8" testListId="8c84fa94-04c1-424b-9868-57a2d4851a1d" />
    <TestEntry testId="8bdd586e-fb46-ffd6-ecbc-64703bc80a07" executionId="5d7c5ea8-f0aa-490b-b6ad-325158c109ec" testListId="8c84fa94-04c1-424b-9868-57a2d4851a1d" />
    <TestEntry testId="5dbfa485-289b-092a-38a4-6532927f1f39" executionId="5a9088a9-b8d4-4b8d-bf52-7185d48aada9" testListId="8c84fa94-04c1-424b-9868-57a2d4851a1d" />
    <TestEntry testId="2c1ac1f2-fd88-7fef-d821-09fa8bf7a8e5" executionId="689f60cb-e7bf-4383-a039-c909337f8807" testListId="8c84fa94-04c1-424b-9868-57a2d4851a1d" />
  </TestEntries>
  <TestLists>
    <TestList name="列表中未列出的结果" id="8c84fa94-04c1-424b-9868-57a2d4851a1d" />
    <TestList name="所有已加载的结果" id="19431567-8539-422a-85d7-44ee4e166bda" />
  </TestLists>
  <ResultSummary outcome="Completed">
    <Counters total="12" executed="12" passed="12" failed="0" error="0" timeout="0" aborted="0" inconclusive="0" passedButRunAborted="0" notRunnable="0" notExecuted="0" disconnected="0" warning="0" completed="0" inProgress="0" pending="0" />
    <Output>
      <StdOut>[xUnit.net 00:00:00.00] xUnit.net VSTest Adapter v3.1.4+50e68bbb8b (64-bit .NET 10.0.11)&#xD;
[xUnit.net 00:00:00.76]   Discovering: PlatformSelfCheck.Tests&#xD;
[xUnit.net 00:00:00.86]   Discovered:  PlatformSelfCheck.Tests&#xD;
[xUnit.net 00:00:00.87]   Starting:    PlatformSelfCheck.Tests&#xD;
[xUnit.net 00:00:05.73]   Finished:    PlatformSelfCheck.Tests&#xD;
</StdOut>
    </Output>
  </ResultSummary>
</TestRun>