<?xml version="1.0" encoding="utf-8"?>
<TestRun id="53cc6562-f44d-4217-934f-9be01d0b850c" name="LEEYS@LEEIISSS187 2026-09-09 14:16:01" runUser="LEEIISSS187\LEEYS" xmlns="http://microsoft.com/schemas/VisualStudio/TeamTest/2010">
  <Times creation="2026-09-09T14:16:01.7964932+08:00" queuing="2026-09-09T14:16:01.7964933+08:00" start="2026-09-09T14:15:57.4015101+08:00" finish="2026-09-09T14:16:06.3521781+08:00" />
  <TestSettings name="default" id="8a2952a8-cf4c-4193-bff1-0741d2453ace">
    <Deployment runDeploymentRoot="LEEYS_LEEIISSS187_2026-09-09_14_16_01" />
  </TestSettings>
  <Results>
    <UnitTestResult executionId="96bb1f24-be2c-4e1d-a5ea-3a1488da694e" testId="58783c75-45ee-4297-6faa-dd65fc288f9e" testName="PlatformSelfCheck.Tests.WorkflowReliabilityTests.StepLimitCannotOverrideNonRetryablePolicy(issue: &quot;critical unsafe geometry&quot;)" computerName="LEEIISSS187" duration="00:00:00.0001290" startTime="2026-09-09T14:16:04.7429213+08:00" endTime="2026-09-09T14:16:04.7429511+08:00" testType="13cdc9d9-ddb5-4fa4-a97d-d965ccfc6d4b" outcome="Passed" testListId="8c84fa94-04c1-424b-9868-57a2d4851a1d" relativeResultsDirectory="96bb1f24-be2c-4e1d-a5ea-3a1488da694e" />
    <UnitTestResult executionId="689116ef-0ed5-4e51-b0fd-6e4dae8f5724" testId="2b27e8f0-a0f0-e71f-d969-865806655a0e" testName="PlatformSelfCheck.Tests.WorkflowApprovalIdentityTests.ResolutionPreservesOriginalEvidenceAndClaimedIdentity(decision: Reject)" computerName="LEEIISSS187" duration="00:00:00.0002791" startTime="2026-09-09T14:16:04.7298521+08:00" endTime="2026-09-09T14:16:04.7298895+08:00" testType="13cdc9d9-ddb5-4fa4-a97d-d965ccfc6d4b" outcome="Passed" testListId="8c84fa94-04c1-424b-9868-57a2d4851a1d" relativeResultsDirectory="689116ef-0ed5-4e51-b0fd-6e4dae8f5724" />
    <UnitTestResult executionId="88f85ce8-b4ff-436e-a75b-41a2cc0dd74a" testId="9930694c-eb72-326c-5c1b-e8aa5621242c" testName="PlatformSelfCheck.Tests.WorkflowApprovalIdentityTests.CancellationAfterClaimFailsWithoutRestoringConsumableApproval" computerName="LEEIISSS187" duration="00:00:00.0011960" startTime="2026-09-09T14:16:04.7406106+08:00" endTime="2026-09-09T14:16:04.7417918+08:00" testType="13cdc9d9-ddb5-4fa4-a97d-d965ccfc6d4b" outcome="Passed" testListId="8c84fa94-04c1-424b-9868-57a2d4851a1d" relativeResultsDirectory="88f85ce8-b4ff-436e-a75b-41a2cc0dd74a" />
    <UnitTestResult executionId="64c54813-88ce-4e12-8e6d-653825985254" testId="99c7f7ba-2025-5f9d-cc75-7947bb8b30b1" testName="PlatformSelfCheck.Tests.WorkflowReliabilityTests.StepRetryLimitTightensPolicyAndMatchesResultsAndAudit(stepLimit: 0, policyLimit: 2, effectiveLimit: 0)" computerName="LEEIISSS187" duration="00:00:00.0000144" startTime="2026-09-09T14:16:04.7515105+08:00" endTime="2026-09-09T14:16:04.7515461+08:00" testType="13cdc9d9-ddb5-4fa4-a97d-d965ccfc6d4b" outcome="Passed" testListId="8c84fa94-04c1-424b-9868-57a2d4851a1d" relativeResultsDirectory="64c54813-88ce-4e12-8e6d-653825985254" />
    <UnitTestResult executionId="e578dd3c-df35-477d-8948-d87d29d12942" testId="71d21e2d-5801-aafc-fcd7-4a3b55b7a9d9" testName="PlatformSelfCheck.Tests.WorkflowReliabilityTests.StepRetryLimitTightensPolicyAndMatchesResultsAndAudit(stepLimit: 2, policyLimit: -1, effectiveLimit: 0)" computerName="LEEIISSS187" duration="00:00:00.0002001" startTime="2026-09-09T14:16:04.7507766+08:00" endTime="2026-09-09T14:16:04.7509267+08:00" testType="13cdc9d9-ddb5-4fa4-a97d-d965ccfc6d4b" outcome="Passed" testListId="8c84fa94-04c1-424b-9868-57a2d4851a1d" relativeResultsDirectory="e578dd3c-df35-477d-8948-d87d29d12942" />
    <UnitTestResult executionId="2be93d01-8666-4997-adfb-6b30ac4a0db0" testId="cbfc4038-b640-c80f-b66f-a69b6e232c52" testName="PlatformSelfCheck.Tests.WorkflowApprovalIdentityTests.MissingOrMismatchedIdentityDoesNotConsumePendingApproval(requestId: &quot;&quot;, stepId: &quot;approval&quot;)" computerName="LEEIISSS187" duration="00:00:00.0000046" startTime="2026-09-09T14:16:04.7310990+08:00" endTime="2026-09-09T14:16:04.7311253+08:00" testType="13cdc9d9-ddb5-4fa4-a97d-d965ccfc6d4b" outcome="Passed" testListId="8c84fa94-04c1-424b-9868-57a2d4851a1d" relativeResultsDirectory="2be93d01-8666-4997-adfb-6b30ac4a0db0" />
    <UnitTestResult executionId="b9176d1a-7ee7-44f0-bd04-f1d271aa04e0" testId="d7682429-6cb5-8c85-3cf9-18d89d19b7e0" testName="PlatformSelfCheck.Tests.WorkflowApprovalIdentityTests.FatalOrNonRetryableIssuesCannotBecomeApprovable(issue: &quot;critical invalid geometry&quot;, fatalReview: False)" computerName="LEEIISSS187" duration="00:00:00.0000121" startTime="2026-09-09T14:16:04.7365639+08:00" endTime="2026-09-09T14:16:04.7365930+08:00" testType="13cdc9d9-ddb5-4fa4-a97d-d965ccfc6d4b" outcome="Passed" testListId="8c84fa94-04c1-424b-9868-57a2d4851a1d" relativeResultsDirectory="b9176d1a-7ee7-44f0-bd04-f1d271aa04e0" />
    <UnitTestResult executionId="afc7cbca-90c0-44c2-aa7d-65d567bbbcce" testId="a62333e2-2625-b0fe-1303-3f232a2c64c8" testName="PlatformSelfCheck.Tests.WorkflowQualityLoopTests.WorkflowEngineCancellationStillPropagates" computerName="LEEIISSS187" duration="00:00:00.0012810" startTime="2026-09-09T14:16:01.7871066+08:00" endTime="2026-09-09T14:16:01.7871357+08:00" testType="13cdc9d9-ddb5-4fa4-a97d-d965ccfc6d4b" outcome="Passed" testListId="8c84fa94-04c1-424b-9868-57a2d4851a1d" relativeResultsDirectory="afc7cbca-90c0-44c2-aa7d-65d567bbbcce" />
    <UnitTestResult executionId="1b07cb61-cc0f-494e-bb33-3469f8a2177c" testId="3448c8da-761d-7b78-e3ba-4077b0238ad9" testName="PlatformSelfCheck.Tests.ApprovalCadContinuationTests.ApprovalRunsCadOnceAndArtifactGateDeterminesTaskResult(brokenArtifact: True)" computerName="LEEIISSS187" duration="00:00:01.5279960" startTime="2026-09-09T14:16:04.7681503+08:00" endTime="2026-09-09T14:16:06.2958873+08:00" testType="13cdc9d9-ddb5-4fa4-a97d-d965ccfc6d4b" outcome="Passed" testListId="8c84fa94-04c1-424b-9868-57a2d4851a1d" relativeResultsDirectory="1b07cb61-cc0f-494e-bb33-3469f8a2177c" />
    <UnitTestResult executionId="aafb15b1-f68e-45a7-8fd2-e616c6edeebc" testId="bcbfe12b-427b-3861-e077-c7c82e930f85" testName="PlatformSelfCheck.Tests.InternalAgentRoutingTests.InternalAgentRouterConvertsInternalAgentExceptionToFailedOutput" computerName="LEEIISSS187" duration="00:00:00.0006152" startTime="2026-09-09T14:16:04.6642204+08:00" endTime="2026-09-09T14:16:04.6646006+08:00" testType="13cdc9d9-ddb5-4fa4-a97d-d965ccfc6d4b" outcome="Passed" testListId="8c84fa94-04c1-424b-9868-57a2d4851a1d" relativeResultsDirectory="aafb15b1-f68e-45a7-8fd2-e616c6edeebc" />
    <UnitTestResult executionId="a6395f69-4142-4816-b4fc-46520437e35e" testId="39f693c0-fdc3-ae62-2309-9638d2a5ba1e" testName="PlatformSelfCheck.Tests.WorkflowQualityLoopTests.WorkflowEngineRejectsHumanApprovalWithoutRunningDownstreamStep" computerName="LEEIISSS187" duration="00:00:00.0017077" startTime="2026-09-09T14:16:01.7874043+08:00" endTime="2026-09-09T14:16:01.7874267+08:00" testType="13cdc9d9-ddb5-4fa4-a97d-d965ccfc6d4b" outcome="Passed" testListId="8c84fa94-04c1-424b-9868-57a2d4851a1d" relativeResultsDirectory="a6395f69-4142-4816-b4fc-46520437e35e" />
    <UnitTestResult executionId="9e9ae0e9-6329-4017-ac78-d44545b5cad2" testId="9c5513be-092d-0dbd-a882-56360a8df84e" testName="PlatformSelfCheck.Tests.WorkflowApprovalIdentityTests.CancellationDuringResumedRetryDelayPreservesCompletedAndAttemptHistory" computerName="LEEIISSS187" duration="00:00:00.0013274" startTime="2026-09-09T14:16:04.7316361+08:00" endTime="2026-09-09T14:16:04.7320241+08:00" testType="13cdc9d9-ddb5-4fa4-a97d-d965ccfc6d4b" outcome="Passed" testListId="8c84fa94-04c1-424b-9868-57a2d4851a1d" relativeResultsDirectory="9e9ae0e9-6329-4017-ac78-d44545b5cad2" />
    <UnitTestResult executionId="aad3a855-bbe2-45e4-a7fc-c6f2155308fb" testId="a2570af4-7c4f-ecf0-ab7d-39a0011d3eb5" testName="PlatformSelfCheck.Tests.WorkflowQualityLoopTests.WorkflowEngineHumanApprovalStepGeneratesHumanApprovalRequest" computerName="LEEIISSS187" duration="00:00:00.0006981" startTime="2026-09-09T14:16:01.7874760+08:00" endTime="2026-09-09T14:16:01.7874968+08:00" testType="13cdc9d9-ddb5-4fa4-a97d-d965ccfc6d4b" outcome="Passed" testListId="8c84fa94-04c1-424b-9868-57a2d4851a1d" relativeResultsDirectory="aad3a855-bbe2-45e4-a7fc-c6f2155308fb" />
    <UnitTestResult executionId="26a7d765-4a4e-4266-b95d-047a84b8d79b" testId="ea375bee-2416-2656-b305-a747d8d0f6b6" testName="PlatformSelfCheck.Tests.WorkflowApprovalIdentityTests.FatalOrNonRetryableIssuesCannotBecomeApprovable(issue: &quot;non_retryable invalid input&quot;, fatalReview: False)" computerName="LEEIISSS187" duration="00:00:00.0002789" startTime="2026-09-09T14:16:04.7363237+08:00" endTime="2026-09-09T14:16:04.7365072+08:00" testType="13cdc9d9-ddb5-4fa4-a97d-d965ccfc6d4b" outcome="Passed" testListId="8c84fa94-04c1-424b-9868-57a2d4851a1d" relativeResultsDirectory="26a7d765-4a4e-4266-b95d-047a84b8d79b" />
    <UnitTestResult executionId="91fd4c84-83bb-434a-9701-8f50bd03221b" testId="8ff1e917-2d12-b473-0535-30b418e404fb" testName="PlatformSelfCheck.Tests.WorkflowReliabilityTests.StepLimitCannotOverrideNonRetryablePolicy(issue: &quot;non_retryable invalid input&quot;)" computerName="LEEIISSS187" duration="00:00:00.0006505" startTime="2026-09-09T14:16:04.7419234+08:00" endTime="2026-09-09T14:16:04.7425526+08:00" testType="13cdc9d9-ddb5-4fa4-a97d-d965ccfc6d4b" outcome="Passed" testListId="8c84fa94-04c1-424b-9868-57a2d4851a1d" relativeResultsDirectory="91fd4c84-83bb-434a-9701-8f50bd03221b" />
    <UnitTestResult executionId="42fdb619-aac2-4d6b-836d-241350ed399d" testId="1ed9d6c2-57cc-c2f8-a247-ef7f79b00a3e" testName="PlatformSelfCheck.Tests.WorkflowReliabilityTests.FinalApprovalWithoutRemainingStepsIncludesSubmissionDecisionAndCompletionAudit" computerName="LEEIISSS187" duration="00:00:00.0004848" startTime="2026-09-09T14:16:04.7465141+08:00" endTime="2026-09-09T14:16:04.7469812+08:00" testType="13cdc9d9-ddb5-4fa4-a97d-d965ccfc6d4b" outcome="Passed" testListId="8c84fa94-04c1-424b-9868-57a2d4851a1d" relativeResultsDirectory="42fdb619-aac2-4d6b-836d-241350ed399d" />
    <UnitTestResult executionId="7adee1fd-0686-4fc1-843a-d98b2a66c05b" testId="1df919d4-0ff3-1b5a-7e3e-9121643efe52" testName="PlatformSelfCheck.Tests.WorkflowReliabilityTests.ConcurrentDuplicateSubmissionCannotExecuteDownstreamTwice" computerName="LEEIISSS187" duration="00:00:00.0016510" startTime="2026-09-09T14:16:04.7470376+08:00" endTime="2026-09-09T14:16:04.7488143+08:00" testType="13cdc9d9-ddb5-4fa4-a97d-d965ccfc6d4b" outcome="Passed" testListId="8c84fa94-04c1-424b-9868-57a2d4851a1d" relativeResultsDirectory="7adee1fd-0686-4fc1-843a-d98b2a66c05b" />
    <UnitTestResult executionId="ec56fc25-38f3-40a7-945e-a0c70699deec" testId="01f02fde-e992-b448-fe04-6847c1adec72" testName="PlatformSelfCheck.Tests.WorkflowApprovalIdentityTests.ResolutionPreservesOriginalEvidenceAndClaimedIdentity(decision: RequestRevision)" computerName="LEEIISSS187" duration="00:00:00.0000356" startTime="2026-09-09T14:16:04.7299553+08:00" endTime="2026-09-09T14:16:04.7299818+08:00" testType="13cdc9d9-ddb5-4fa4-a97d-d965ccfc6d4b" outcome="Passed" testListId="8c84fa94-04c1-424b-9868-57a2d4851a1d" relativeResultsDirectory="ec56fc25-38f3-40a7-945e-a0c70699deec" />
    <UnitTestResult executionId="aec64672-5943-466f-aee6-fc41c5f3bf85" testId="9f1edb5a-0bfd-e978-6800-3d88ca47be9e" testName="PlatformSelfCheck.Tests.ApprovalCadContinuationTests.DeclinedApprovalStopsBeforeCad(decision: Reject)" computerName="LEEIISSS187" duration="00:00:00.0011035" startTime="2026-09-09T14:16:04.7574282+08:00" endTime="2026-09-09T14:16:04.7583346+08:00" testType="13cdc9d9-ddb5-4fa4-a97d-d965ccfc6d4b" outcome="Passed" testListId="8c84fa94-04c1-424b-9868-57a2d4851a1d" relativeResultsDirectory="aec64672-5943-466f-aee6-fc41c5f3bf85" />
    <UnitTestResult executionId="437c1d0c-5a92-483e-9b49-6953532255a7" testId="0422bc5e-da7d-ccfa-6e01-8044c3d9a970" testName="PlatformSelfCheck.Tests.WorkflowApprovalIdentityTests.ResolutionPreservesOriginalEvidenceAndClaimedIdentity(decision: Approve)" computerName="LEEIISSS187" duration="00:00:00.0644048" startTime="2026-09-09T14:16:04.6649005+08:00" endTime="2026-09-09T14:16:04.7293433+08:00" testType="13cdc9d9-ddb5-4fa4-a97d-d965ccfc6d4b" outcome="Passed" testListId="8c84fa94-04c1-424b-9868-57a2d4851a1d" relativeResultsDirectory="437c1d0c-5a92-483e-9b49-6953532255a7" />
    <UnitTestResult executionId="17373bc3-cbfa-4259-a5f3-b3b07cacd134" testId="8dc78f9a-21d2-4f51-115f-d118a69e6c4d" testName="PlatformSelfCheck.Tests.InternalAgentRoutingTests.SelfCheckReportContainsInternalRoutingFields" computerName="LEEIISSS187" duration="00:00:02.8524854" startTime="2026-09-09T14:16:01.7998739+08:00" endTime="2026-09-09T14:16:04.6525516+08:00" testType="13cdc9d9-ddb5-4fa4-a97d-d965ccfc6d4b" outcome="Passed" testListId="8c84fa94-04c1-424b-9868-57a2d4851a1d" relativeResultsDirectory="17373bc3-cbfa-4259-a5f3-b3b07cacd134" />
    <UnitTestResult executionId="42aa6bca-99e5-42ec-9c29-2ff5fd174953" testId="d55af637-40f7-b5eb-8561-1d9220505240" testName="PlatformSelfCheck.Tests.WorkflowQualityLoopTests.SelfCheckReportContainsWorkflowQualityLoopFields" computerName="LEEIISSS187" duration="00:00:03.3617389" startTime="2026-09-09T14:15:58.4083393+08:00" endTime="2026-09-09T14:16:01.7749510+08:00" testType="13cdc9d9-ddb5-4fa4-a97d-d965ccfc6d4b" outcome="Passed" testListId="8c84fa94-04c1-424b-9868-57a2d4851a1d" relativeResultsDirectory="42aa6bca-99e5-42ec-9c29-2ff5fd174953" />
    <UnitTestResult executionId="6eb7585e-f89d-4d8a-8055-233aa6bf4c30" testId="0b4e358e-aeb2-ac51-a0d3-b475b43e83fb" testName="PlatformSelfCheck.Tests.WorkflowReliabilityTests.TwoApprovalBoundariesRetainAllStepAttemptsAndOrderedAudit(secondDecision: RequestRevision)" computerName="LEEIISSS187" duration="00:00:00.0000479" startTime="2026-09-09T14:16:04.7454717+08:00" endTime="2026-09-09T14:16:04.7454982+08:00" testType="13cdc9d9-ddb5-4fa4-a97d-d965ccfc6d4b" outcome="Passed" testListId="8c84fa94-04c1-424b-9868-57a2d4851a1d" relativeResultsDirectory="6eb7585e-f89d-4d8a-8055-233aa6bf4c30" />
    <UnitTestResult executionId="fd6e2d2f-b3d0-4612-8f9e-3ac44022bb34" testId="2de6d0f1-e764-ad81-ba09-be7c59f6b1cb" testName="PlatformSelfCheck.Tests.WorkflowQualityLoopTests.WorkflowEnginePassedStepContinuesToNextStep" computerName="LEEIISSS187" duration="00:00:00.0010451" startTime="2026-09-09T14:16:01.7875422+08:00" endTime="2026-09-09T14:16:01.7880663+08:00" testType="13cdc9d9-ddb5-4fa4-a97d-d965ccfc6d4b" outcome="Passed" testListId="8c84fa94-04c1-424b-9868-57a2d4851a1d" relativeResultsDirectory="fd6e2d2f-b3d0-4612-8f9e-3ac44022bb34" />
    <UnitTestResult executionId="dc16d302-204e-41d9-b27c-29ebff73e3e9" testId="a2ed01bd-88a5-f515-4b65-7b0f623f88a3" testName="PlatformSelfCheck.Tests.WorkflowReliabilityTests.StepRetryLimitTightensPolicyAndMatchesResultsAndAudit(stepLimit: 1, policyLimit: 2, effectiveLimit: 1)" computerName="LEEIISSS187" duration="00:00:00.0018367" startTime="2026-09-09T14:16:04.7489199+08:00" endTime="2026-09-09T14:16:04.7507010+08:00" testType="13cdc9d9-ddb5-4fa4-a97d-d965ccfc6d4b" outcome="Passed" testListId="8c84fa94-04c1-424b-9868-57a2d4851a1d" relativeResultsDirectory="dc16d302-204e-41d9-b27c-29ebff73e3e9" />
    <UnitTestResult executionId="9f9b0034-3fb8-4195-b85a-3691c7e507c8" testId="2d3a23c8-4eaf-a129-da82-f61e2f94116a" testName="PlatformSelfCheck.Tests.WorkflowApprovalIdentityTests.MissingOrMismatchedIdentityDoesNotConsumePendingApproval(requestId: &quot;current&quot;, stepId: &quot;wrong-step&quot;)" computerName="LEEIISSS187" duration="00:00:00.0000070" startTime="2026-09-09T14:16:04.7310209+08:00" endTime="2026-09-09T14:16:04.7310503+08:00" testType="13cdc9d9-ddb5-4fa4-a97d-d965ccfc6d4b" outcome="Passed" testListId="8c84fa94-04c1-424b-9868-57a2d4851a1d" relativeResultsDirectory="9f9b0034-3fb8-4195-b85a-3691c7e507c8" />
    <UnitTestResult executionId="f3aad954-2622-422e-b01d-aa6903d754d7" testId="092e4076-56e4-3bab-c2b4-392351ce80be" testName="PlatformSelfCheck.Tests.WorkflowQualityLoopTests.WorkflowEngineThrownStepGeneratesFailureReport" computerName="LEEIISSS187" duration="00:00:00.0045034" startTime="2026-09-09T14:16:01.7865149+08:00" endTime="2026-09-09T14:16:01.7865851+08:00" testType="13cdc9d9-ddb5-4fa4-a97d-d965ccfc6d4b" outcome="Passed" testListId="8c84fa94-04c1-424b-9868-57a2d4851a1d" relativeResultsDirectory="f3aad954-2622-422e-b01d-aa6903d754d7" />
    <UnitTestResult executionId="98138546-49d1-4965-ae85-70de1d698303" testId="16892e8b-9af1-790d-219d-83692f693cbf" testName="PlatformSelfCheck.Tests.WorkflowReliabilityTests.TwoApprovalBoundariesRetainAllStepAttemptsAndOrderedAudit(secondDecision: Approve)" computerName="LEEIISSS187" duration="00:00:00.0023998" startTime="2026-09-09T14:16:04.7430316+08:00" endTime="2026-09-09T14:16:04.7451687+08:00" testType="13cdc9d9-ddb5-4fa4-a97d-d965ccfc6d4b" outcome="Passed" testListId="8c84fa94-04c1-424b-9868-57a2d4851a1d" relativeResultsDirectory="98138546-49d1-4965-ae85-70de1d698303" />
    <UnitTestResult executionId="765028b4-0146-4829-ba33-7c27b04e0d99" testId="4cc7c32b-d6d8-acdb-6127-c659a909a759" testName="PlatformSelfCheck.Tests.WorkflowQualityLoopTests.WorkflowEngineFailedStepGeneratesFailureReport" computerName="LEEIISSS187" duration="00:00:00.0013473" startTime="2026-09-09T14:16:01.7963193+08:00" endTime="2026-09-09T14:16:01.7976110+08:00" testType="13cdc9d9-ddb5-4fa4-a97d-d965ccfc6d4b" outcome="Passed" testListId="8c84fa94-04c1-424b-9868-57a2d4851a1d" relativeResultsDirectory="765028b4-0146-4829-ba33-7c27b04e0d99" />
    <UnitTestResult executionId="805f1559-a45a-486d-b12a-81b9e1cb6f09" testId="ac6400b3-6355-7553-49d2-fefb6bd874d8" testName="PlatformSelfCheck.Tests.WorkflowReliabilityTests.PreCancelledSubmissionDoesNotTakeApprovalAndNormalSubmissionStillRunsOnce" computerName="LEEIISSS187" duration="00:00:00.0016525" startTime="2026-09-09T14:16:04.7518278+08:00" endTime="2026-09-09T14:16:04.7527066+08:00" testType="13cdc9d9-ddb5-4fa4-a97d-d965ccfc6d4b" outcome="Passed" testListId="8c84fa94-04c1-424b-9868-57a2d4851a1d" relativeResultsDirectory="805f1559-a45a-486d-b12a-81b9e1cb6f09" />
    <UnitTestResult executionId="a90ee353-4458-48c7-9000-6a949c2bf56b" testId="9766e500-0f12-4322-3386-faa3a4a4a0d5" testName="PlatformSelfCheck.Tests.WorkflowQualityLoopTests.InvalidHumanApprovalDecisionDoesNotDiscardThePendingWorkflow" computerName="LEEIISSS187" duration="00:00:00.0008791" startTime="2026-09-09T14:16:01.7872449+08:00" endTime="2026-09-09T14:16:01.7872703+08:00" testType="13cdc9d9-ddb5-4fa4-a97d-d965ccfc6d4b" outcome="Passed" testListId="8c84fa94-04c1-424b-9868-57a2d4851a1d" relativeResultsDirectory="a90ee353-4458-48c7-9000-6a949c2bf56b" />
    <UnitTestResult executionId="b3fa8861-8d59-49bb-8f63-90c13616af52" testId="c299e09c-dd9f-7c0e-9de3-6f12c2b45f80" testName="PlatformSelfCheck.Tests.WorkflowReliabilityTests.StepRetryLimitTightensPolicyAndMatchesResultsAndAudit(stepLimit: null, policyLimit: 2, effectiveLimit: 2)" computerName="LEEIISSS187" duration="00:00:00.0000150" startTime="2026-09-09T14:16:04.7517439+08:00" endTime="2026-09-09T14:16:04.7517687+08:00" testType="13cdc9d9-ddb5-4fa4-a97d-d965ccfc6d4b" outcome="Passed" testListId="8c84fa94-04c1-424b-9868-57a2d4851a1d" relativeResultsDirectory="b3fa8861-8d59-49bb-8f63-90c13616af52" />
    <UnitTestResult executionId="86c419c6-a328-4457-883f-6a6d8197eaeb" testId="3fb8f385-12eb-500d-ee7a-8dd0dbf5583e" testName="PlatformSelfCheck.Tests.InternalAgentRoutingTests.ChiefEngineerUsesTheInjectedWorkflowRoute" computerName="LEEIISSS187" duration="00:00:00.0009863" startTime="2026-09-09T14:16:04.6601202+08:00" endTime="2026-09-09T14:16:04.6611404+08:00" testType="13cdc9d9-ddb5-4fa4-a97d-d965ccfc6d4b" outcome="Passed" testListId="8c84fa94-04c1-424b-9868-57a2d4851a1d" relativeResultsDirectory="86c419c6-a328-4457-883f-6a6d8197eaeb" />
    <UnitTestResult executionId="3fadc480-b58e-4dc4-89bf-b563f7c9ea4a" testId="3cc6f66b-6919-fd0c-5762-67308004708e" testName="PlatformSelfCheck.Tests.WorkflowApprovalIdentityTests.MissingOrMismatchedIdentityDoesNotConsumePendingApproval(requestId: null, stepId: &quot;approval&quot;)" computerName="LEEIISSS187" duration="00:00:00.0000142" startTime="2026-09-09T14:16:04.7311799+08:00" endTime="2026-09-09T14:16:04.7312124+08:00" testType="13cdc9d9-ddb5-4fa4-a97d-d965ccfc6d4b" outcome="Passed" testListId="8c84fa94-04c1-424b-9868-57a2d4851a1d" relativeResultsDirectory="3fadc480-b58e-4dc4-89bf-b563f7c9ea4a" />
    <UnitTestResult executionId="144c5c5f-098e-49d7-8c56-ae4e301ee0ef" testId="93c6e7c7-ab75-4380-4353-a291d0a076d2" testName="PlatformSelfCheck.Tests.InternalAgentRoutingTests.InternalAgentRouterInvokesInternalAgentsSequentiallyAndAuditsCalls" computerName="LEEIISSS187" duration="00:00:00.0029813" startTime="2026-09-09T14:16:04.6540674+08:00" endTime="2026-09-09T14:16:04.6569057+08:00" testType="13cdc9d9-ddb5-4fa4-a97d-d965ccfc6d4b" outcome="Passed" testListId="8c84fa94-04c1-424b-9868-57a2d4851a1d" relativeResultsDirectory="144c5c5f-098e-49d7-8c56-ae4e301ee0ef" />
    <UnitTestResult executionId="803f0e2d-a05b-4b5e-9d66-f5506d2754bd" testId="8ac3682b-7364-9115-386c-40cd8d2cd75a" testName="PlatformSelfCheck.Tests.InternalAgentRoutingTests.GatewayChiefEngineerResponseIncludesCollaborationReportAfterQualityGate" computerName="LEEIISSS187" duration="00:00:00.0027886" startTime="2026-09-09T14:16:04.6614803+08:00" endTime="2026-09-09T14:16:04.6641003+08:00" testType="13cdc9d9-ddb5-4fa4-a97d-d965ccfc6d4b" outcome="Passed" testListId="8c84fa94-04c1-424b-9868-57a2d4851a1d" relativeResultsDirectory="803f0e2d-a05b-4b5e-9d66-f5506d2754bd" />
    <UnitTestResult executionId="d0a240f8-9364-496e-843f-bf7890c432ce" testId="fb1c1d76-91b3-2959-6eeb-0a14b3e264d2" testName="PlatformSelfCheck.Tests.ApprovalCadContinuationTests.OriginalInputRemainsBoundAfterCallerMutatesRequestDictionary" computerName="LEEIISSS187" duration="00:00:00.0075536" startTime="2026-09-09T14:16:04.7584211+08:00" endTime="2026-09-09T14:16:04.7660876+08:00" testType="13cdc9d9-ddb5-4fa4-a97d-d965ccfc6d4b" outcome="Passed" testListId="8c84fa94-04c1-424b-9868-57a2d4851a1d" relativeResultsDirectory="d0a240f8-9364-496e-843f-bf7890c432ce" />
    <UnitTestResult executionId="6e2803e9-e1ef-4098-8ebb-e5fa933d87bc" testId="07516bc8-f9d3-b4ed-b61a-ab3a69856bba" testName="PlatformSelfCheck.Tests.WorkflowQualityLoopTests.WorkflowEngineResumesOnlyAfterExplicitHumanApprovalSubmission" computerName="LEEIISSS187" duration="00:00:00.0008231" startTime="2026-09-09T14:16:01.7944551+08:00" endTime="2026-09-09T14:16:01.7944926+08:00" testType="13cdc9d9-ddb5-4fa4-a97d-d965ccfc6d4b" outcome="Passed" testListId="8c84fa94-04c1-424b-9868-57a2d4851a1d" relativeResultsDirectory="6e2803e9-e1ef-4098-8ebb-e5fa933d87bc" />
    <UnitTestResult executionId="af3e4906-6793-45e9-b7f3-85781905bc5a" testId="f2182849-1049-daed-4b87-c1ac4bd2e773" testName="PlatformSelfCheck.Tests.WorkflowApprovalIdentityTests.FatalOrNonRetryableIssuesCannotBecomeApprovable(issue: &quot;manual review&quot;, fatalReview: True)" computerName="LEEIISSS187" duration="00:00:00.0041211" startTime="2026-09-09T14:16:04.7321278+08:00" endTime="2026-09-09T14:16:04.7362111+08:00" testType="13cdc9d9-ddb5-4fa4-a97d-d965ccfc6d4b" outcome="Passed" testListId="8c84fa94-04c1-424b-9868-57a2d4851a1d" relativeResultsDirectory="af3e4906-6793-45e9-b7f3-85781905bc5a" />
    <UnitTestResult executionId="8f3ace82-1fb6-479a-8bcc-523d8804580d" testId="0dbf0707-3a08-8325-fa63-4e953b44ba16" testName="PlatformSelfCheck.Tests.ApprovalCadContinuationTests.ApprovalRunsCadOnceAndArtifactGateDeterminesTaskResult(brokenArtifact: False)" computerName="LEEIISSS187" duration="00:00:00.0069346" startTime="2026-09-09T14:16:06.2962441+08:00" endTime="2026-09-09T14:16:06.3029980+08:00" testType="13cdc9d9-ddb5-4fa4-a97d-d965ccfc6d4b" outcome="Passed" testListId="8c84fa94-04c1-424b-9868-57a2d4851a1d" relativeResultsDirectory="8f3ace82-1fb6-479a-8bcc-523d8804580d" />
    <UnitTestResult executionId="382efd0f-1794-40f2-924b-6e6a908479c6" testId="f94b18d6-1cf8-49bb-1528-4dba75912ab6" testName="PlatformSelfCheck.Tests.WorkflowReliabilityTests.StepRetryLimitTightensPolicyAndMatchesResultsAndAudit(stepLimit: 7, policyLimit: 2, effectiveLimit: 2)" computerName="LEEIISSS187" duration="00:00:00.0000242" startTime="2026-09-09T14:16:04.7516772+08:00" endTime="2026-09-09T14:16:04.7517015+08:00" testType="13cdc9d9-ddb5-4fa4-a97d-d965ccfc6d4b" outcome="Passed" testListId="8c84fa94-04c1-424b-9868-57a2d4851a1d" relativeResultsDirectory="382efd0f-1794-40f2-924b-6e6a908479c6" />
    <UnitTestResult executionId="24cd172c-03c5-4388-a5db-18504d9314c8" testId="8b10394a-4016-3a79-8b28-56f3ecee2f52" testName="PlatformSelfCheck.Tests.WorkflowApprovalIdentityTests.MissingOrMismatchedIdentityDoesNotConsumePendingApproval(requestId: &quot;wrong-request&quot;, stepId: &quot;approval&quot;)" computerName="LEEIISSS187" duration="00:00:00.0000106" startTime="2026-09-09T14:16:04.7305608+08:00" endTime="2026-09-09T14:16:04.7307313+08:00" testType="13cdc9d9-ddb5-4fa4-a97d-d965ccfc6d4b" outcome="Passed" testListId="8c84fa94-04c1-424b-9868-57a2d4851a1d" relativeResultsDirectory="24cd172c-03c5-4388-a5db-18504d9314c8" />
    <UnitTestResult executionId="fff0ee14-2786-4460-bc2f-1bd5bdb7332d" testId="42529330-1350-d522-8d8b-3eb7b679e083" testName="PlatformSelfCheck.Tests.WorkflowQualityLoopTests.WorkflowEngineRejectedStepRetriesAccordingToRetryPolicy" computerName="LEEIISSS187" duration="00:00:00.0018643" startTime="2026-09-09T14:16:01.7873294+08:00" endTime="2026-09-09T14:16:01.7873522+08:00" testType="13cdc9d9-ddb5-4fa4-a97d-d965ccfc6d4b" outcome="Passed" testListId="8c84fa94-04c1-424b-9868-57a2d4851a1d" relativeResultsDirectory="fff0ee14-2786-4460-bc2f-1bd5bdb7332d" />
    <UnitTestResult executionId="6acedbfe-7983-469d-b5ad-3f67ddbca82f" testId="db285d96-416e-dd07-51b0-c273f11ae986" testName="PlatformSelfCheck.Tests.WorkflowReliabilityTests.TwoApprovalBoundariesRetainAllStepAttemptsAndOrderedAudit(secondDecision: Reject)" computerName="LEEIISSS187" duration="00:00:00.0002035" startTime="2026-09-09T14:16:04.7452510+08:00" endTime="2026-09-09T14:16:04.7453945+08:00" testType="13cdc9d9-ddb5-4fa4-a97d-d965ccfc6d4b" outcome="Passed" testListId="8c84fa94-04c1-424b-9868-57a2d4851a1d" relativeResultsDirectory="6acedbfe-7983-469d-b5ad-3f67ddbca82f" />
    <UnitTestResult executionId="4f0f882d-1e7f-4f09-95a9-f8153d838423" testId="72f8e363-ee2b-1884-cbbe-049d4ef9081c" testName="PlatformSelfCheck.Tests.InternalAgentRoutingTests.GatewayStillBlocksDirectInternalAgentCalls" computerName="LEEIISSS187" duration="00:00:00.0012635" startTime="2026-09-09T14:16:04.6527293+08:00" endTime="2026-09-09T14:16:04.6538677+08:00" testType="13cdc9d9-ddb5-4fa4-a97d-d965ccfc6d4b" outcome="Passed" testListId="8c84fa94-04c1-424b-9868-57a2d4851a1d" relativeResultsDirectory="4f0f882d-1e7f-4f09-95a9-f8153d838423" />
    <UnitTestResult executionId="2010c551-95b0-4190-b8ef-283d6b23ebc2" testId="f6038bf3-b2b9-eab3-6d3c-fa5be74ceb52" testName="PlatformSelfCheck.Tests.WorkflowQualityLoopTests.PlatformRegistersModuleAgentsInsteadOfPlaceholderAgents" computerName="LEEIISSS187" duration="00:00:00.0029546" startTime="2026-09-09T14:16:01.7881553+08:00" endTime="2026-09-09T14:16:01.7910787+08:00" testType="13cdc9d9-ddb5-4fa4-a97d-d965ccfc6d4b" outcome="Passed" testListId="8c84fa94-04c1-424b-9868-57a2d4851a1d" relativeResultsDirectory="2010c551-95b0-4190-b8ef-283d6b23ebc2" />
    <UnitTestResult executionId="7bd11c8e-f5af-4933-a413-3f59a1df1ae3" testId="4fc6dd8f-13f9-1960-f881-3bad109c81cc" testName="PlatformSelfCheck.Tests.WorkflowApprovalIdentityTests.OldApprovalCannotApproveNextPauseEvenWhenStepIdRepeats" computerName="LEEIISSS187" duration="00:00:00.0016927" startTime="2026-09-09T14:16:04.7389264+08:00" endTime="2026-09-09T14:16:04.7405408+08:00" testType="13cdc9d9-ddb5-4fa4-a97d-d965ccfc6d4b" outcome="Passed" testListId="8c84fa94-04c1-424b-9868-57a2d4851a1d" relativeResultsDirectory="7bd11c8e-f5af-4933-a413-3f59a1df1ae3" />
    <UnitTestResult executionId="90feea2e-df5e-4f62-a392-146cb35f0bd5" testId="bc0ad1ac-0edd-1d1a-313d-50681197b661" testName="PlatformSelfCheck.Tests.WorkflowApprovalIdentityTests.MissingOrMismatchedIdentityDoesNotConsumePendingApproval(requestId: &quot;current&quot;, stepId: &quot;&quot;)" computerName="LEEIISSS187" duration="00:00:00.0001239" startTime="2026-09-09T14:16:04.7304231+08:00" endTime="2026-09-09T14:16:04.7305148+08:00" testType="13cdc9d9-ddb5-4fa4-a97d-d965ccfc6d4b" outcome="Passed" testListId="8c84fa94-04c1-424b-9868-57a2d4851a1d" relativeResultsDirectory="90feea2e-df5e-4f62-a392-146cb35f0bd5" />
    <UnitTestResult executionId="2fa6e534-6af7-4ae4-9d39-466a6779aaae" testId="555c3500-8589-73ac-4392-b89e02f2bf35" testName="PlatformSelfCheck.Tests.InternalAgentRoutingTests.QualityGateCanEvaluateCollaborationReportOutput" computerName="LEEIISSS187" duration="00:00:00.0014563" startTime="2026-09-09T14:16:04.6570038+08:00" endTime="2026-09-09T14:16:04.6584103+08:00" testType="13cdc9d9-ddb5-4fa4-a97d-d965ccfc6d4b" outcome="Passed" testListId="8c84fa94-04c1-424b-9868-57a2d4851a1d" relativeResultsDirectory="2fa6e534-6af7-4ae4-9d39-466a6779aaae" />
    <UnitTestResult executionId="16f8e17e-399f-45b9-9842-95c5387d3e1d" testId="9566270c-4518-7da6-bf25-20f1cdb6f238" testName="PlatformSelfCheck.Tests.WorkflowReliabilityTests.StepRetryLimitTightensPolicyAndMatchesResultsAndAudit(stepLimit: -1, policyLimit: 2, effectiveLimit: 0)" computerName="LEEIISSS187" duration="00:00:00.0000086" startTime="2026-09-09T14:16:04.7516068+08:00" endTime="2026-09-09T14:16:04.7516322+08:00" testType="13cdc9d9-ddb5-4fa4-a97d-d965ccfc6d4b" outcome="Passed" testListId="8c84fa94-04c1-424b-9868-57a2d4851a1d" relativeResultsDirectory="16f8e17e-399f-45b9-9842-95c5387d3e1d" />
    <UnitTestResult executionId="80f0445e-c100-46b1-82df-cf8594bcb75c" testId="64bc81ae-096e-45fc-9dfd-09426a835f09" testName="PlatformSelfCheck.Tests.ApprovalCadContinuationTests.TaskLifecycleSelfCheckExercisesRoundtripWithoutCad" computerName="LEEIISSS187" duration="00:00:00.0015548" startTime="2026-09-09T14:16:04.7662261+08:00" endTime="2026-09-09T14:16:04.7677076+08:00" testType="13cdc9d9-ddb5-4fa4-a97d-d965ccfc6d4b" outcome="Passed" testListId="8c84fa94-04c1-424b-9868-57a2d4851a1d" relativeResultsDirectory="80f0445e-c100-46b1-82df-cf8594bcb75c" />
    <UnitTestResult executionId="21ab4499-0f70-489e-936f-f53574524d87" testId="de855a38-98a7-ed64-0c2d-be510aa09e98" testName="PlatformSelfCheck.Tests.WorkflowQualityLoopTests.WorkflowEngineStopsWhenRejectedStepExceedsMaxRetries" computerName="LEEIISSS187" duration="00:00:00.0017744" startTime="2026-09-09T14:16:01.7912438+08:00" endTime="2026-09-09T14:16:01.7928902+08:00" testType="13cdc9d9-ddb5-4fa4-a97d-d965ccfc6d4b" outcome="Passed" testListId="8c84fa94-04c1-424b-9868-57a2d4851a1d" relativeResultsDirectory="21ab4499-0f70-489e-936f-f53574524d87" />
    <UnitTestResult executionId="b1153704-a5ac-487b-b545-e841d9b194c9" testId="cdecb5c5-1c88-3716-1cc1-8e9001a335ac" testName="PlatformSelfCheck.Tests.ApprovalCadContinuationTests.DeclinedApprovalStopsBeforeCad(decision: RequestRevision)" computerName="LEEIISSS187" duration="00:00:00.0043645" startTime="2026-09-09T14:16:04.7528224+08:00" endTime="2026-09-09T14:16:04.7572297+08:00" testType="13cdc9d9-ddb5-4fa4-a97d-d965ccfc6d4b" outcome="Passed" testListId="8c84fa94-04c1-424b-9868-57a2d4851a1d" relativeResultsDirectory="b1153704-a5ac-487b-b545-e841d9b194c9" />
    <UnitTestResult executionId="6c3d8fc4-5689-4f35-aac1-69693677f5c4" testId="fbc9eabd-3e71-36dd-e9f5-ad8a51354903" testName="PlatformSelfCheck.Tests.WorkflowApprovalIdentityTests.ApprovalIdentitySelfCheckUsesActualPauseIdentities" computerName="LEEIISSS187" duration="00:00:00.0002987" startTime="2026-09-09T14:16:04.7366648+08:00" endTime="2026-09-09T14:16:04.7368606+08:00" testType="13cdc9d9-ddb5-4fa4-a97d-d965ccfc6d4b" outcome="Passed" testListId="8c84fa94-04c1-424b-9868-57a2d4851a1d" relativeResultsDirectory="6c3d8fc4-5689-4f35-aac1-69693677f5c4" />
    <UnitTestResult executionId="fe686785-fdf2-4139-858f-33d8dd1b1429" testId="df3a6ac4-0f33-10b4-9d22-2913ab2e26c0" testName="PlatformSelfCheck.Tests.WorkflowApprovalIdentityTests.AtomicStoreAllowsOnlyOneMatchingClaimAndWrongWorkflowDoesNotConsume" computerName="LEEIISSS187" duration="00:00:00.0017587" startTime="2026-09-09T14:16:04.7369684+08:00" endTime="2026-09-09T14:16:04.7388176+08:00" testType="13cdc9d9-ddb5-4fa4-a97d-d965ccfc6d4b" outcome="Passed" testListId="8c84fa94-04c1-424b-9868-57a2d4851a1d" relativeResultsDirectory="fe686785-fdf2-4139-858f-33d8dd1b1429" />
    <UnitTestResult executionId="e056bc76-9040-4679-8025-7d910ddac6b6" testId="ef6d291b-4d68-e338-5edb-3d60f0065bd8" testName="PlatformSelfCheck.Tests.WorkflowQualityLoopTests.GatewayStillOnlyExposesChiefEngineerAfterWorkflowQualityLoopChanges" computerName="LEEIISSS187" duration="00:00:00.0023942" startTime="2026-09-09T14:16:01.7945756+08:00" endTime="2026-09-09T14:16:01.7962081+08:00" testType="13cdc9d9-ddb5-4fa4-a97d-d965ccfc6d4b" outcome="Passed" testListId="8c84fa94-04c1-424b-9868-57a2d4851a1d" relativeResultsDirectory="e056bc76-9040-4679-8025-7d910ddac6b6" />
    <UnitTestResult executionId="8b579a83-aedc-4a87-9d7e-7a15b70d03eb" testId="c34d04ab-bb4a-17d5-ed2f-45ba9ff4ae45" testName="PlatformSelfCheck.Tests.ApprovalCadContinuationTests.JsonWithOmittedDecisionCannotApprove" computerName="LEEIISSS187" duration="00:00:00.0069861" startTime="2026-09-09T14:16:06.3030917+08:00" endTime="2026-09-09T14:16:06.3100731+08:00" testType="13cdc9d9-ddb5-4fa4-a97d-d965ccfc6d4b" outcome="Passed" testListId="8c84fa94-04c1-424b-9868-57a2d4851a1d" relativeResultsDirectory="8b579a83-aedc-4a87-9d7e-7a15b70d03eb" />
    <UnitTestResult executionId="309265a5-12ce-449c-956c-a6502f8acc16" testId="532d7f8f-3a80-b451-8870-b45054f5965f" testName="PlatformSelfCheck.Tests.InternalAgentRoutingTests.ChiefEngineerCreatesInternalCollaborationReportWithExpectedCalledAgents" computerName="LEEIISSS187" duration="00:00:00.0016090" startTime="2026-09-09T14:16:04.6585204+08:00" endTime="2026-09-09T14:16:04.6600517+08:00" testType="13cdc9d9-ddb5-4fa4-a97d-d965ccfc6d4b" outcome="Passed" testListId="8c84fa94-04c1-424b-9868-57a2d4851a1d" relativeResultsDirectory="309265a5-12ce-449c-956c-a6502f8acc16" />
    <UnitTestResult executionId="a1d240d4-6ffc-4aa2-8166-c8d9bbbe09e3" testId="fa3bbc2b-3d3c-a114-953b-ccb5c4bc7d60" testName="PlatformSelfCheck.Tests.WorkflowApprovalIdentityTests.MissingOrMismatchedIdentityDoesNotConsumePendingApproval(requestId: &quot;current&quot;, stepId: null)" computerName="LEEIISSS187" duration="00:00:00.0000063" startTime="2026-09-09T14:16:04.7308961+08:00" endTime="2026-09-09T14:16:04.7309314+08:00" testType="13cdc9d9-ddb5-4fa4-a97d-d965ccfc6d4b" outcome="Passed" testListId="8c84fa94-04c1-424b-9868-57a2d4851a1d" relativeResultsDirectory="a1d240d4-6ffc-4aa2-8166-c8d9bbbe09e3" />
    <UnitTestResult executionId="79ed7004-2678-4cd0-af1f-a6b91d3cc518" testId="2a064964-d0a5-1daa-75b8-8abbd2280b28" testName="PlatformSelfCheck.Tests.WorkflowReliabilityTests.ReliabilitySelfCheckExecutesAllThreeBehaviorScenarios" computerName="LEEIISSS187" duration="00:00:00.0009634" startTime="2026-09-09T14:16:04.7455624+08:00" endTime="2026-09-09T14:16:04.7464543+08:00" testType="13cdc9d9-ddb5-4fa4-a97d-d965ccfc6d4b" outcome="Passed" testListId="8c84fa94-04c1-424b-9868-57a2d4851a1d" relativeResultsDirectory="79ed7004-2678-4cd0-af1f-a6b91d3cc518" />
    <UnitTestResult executionId="ec5f52eb-9b06-4523-88a6-26da57d7e3b6" testId="377b6497-6401-9a40-bfac-81ea30c3be8e" testName="PlatformSelfCheck.Tests.WorkflowApprovalIdentityTests.MissingOrMismatchedIdentityDoesNotConsumePendingApproval(requestId: &quot;current&quot;, stepId: &quot;APPROVAL&quot;)" computerName="LEEIISSS187" duration="00:00:00.0006362" startTime="2026-09-09T14:16:04.7300491+08:00" endTime="2026-09-09T14:16:04.7303759+08:00" testType="13cdc9d9-ddb5-4fa4-a97d-d965ccfc6d4b" outcome="Passed" testListId="8c84fa94-04c1-424b-9868-57a2d4851a1d" relativeResultsDirectory="ec5f52eb-9b06-4523-88a6-26da57d7e3b6" />
  </Results>
  <TestDefinitions>
    <UnitTest name="PlatformSelfCheck.Tests.WorkflowQualityLoopTests.WorkflowEngineStopsWhenRejectedStepExceedsMaxRetries" storage="d:\07_workspace\codex\autocadbyai\ai_mechanical_engineering_agent_platform\tests\platformselfcheck.tests\bin\debug\net10.0\platformselfcheck.tests.dll" id="de855a38-98a7-ed64-0c2d-be510aa09e98">
      <Execution id="21ab4499-0f70-489e-936f-f53574524d87" />
      <TestMethod codeBase="D:\07_WorkSpace\Codex\AutoCADByAI\AI_Mechanical_Engineering_Agent_Platform\tests\PlatformSelfCheck.Tests\bin\Debug\net10.0\PlatformSelfCheck.Tests.dll" adapterTypeName="executor://xunit/VsTestRunner3/netcore/" className="PlatformSelfCheck.Tests.WorkflowQualityLoopTests" name="WorkflowEngineStopsWhenRejectedStepExceedsMaxRetries" />
    </UnitTest>
    <UnitTest name="PlatformSelfCheck.Tests.WorkflowQualityLoopTests.SelfCheckReportContainsWorkflowQualityLoopFields" storage="d:\07_workspace\codex\autocadbyai\ai_mechanical_engineering_agent_platform\tests\platformselfcheck.tests\bin\debug\net10.0\platformselfcheck.tests.dll" id="d55af637-40f7-b5eb-8561-1d9220505240">
      <Execution id="42aa6bca-99e5-42ec-9c29-2ff5fd174953" />
      <TestMethod codeBase="D:\07_WorkSpace\Codex\AutoCADByAI\AI_Mechanical_Engineering_Agent_Platform\tests\PlatformSelfCheck.Tests\bin\Debug\net10.0\PlatformSelfCheck.Tests.dll" adapterTypeName="executor://xunit/VsTestRunner3/netcore/" className="PlatformSelfCheck.Tests.WorkflowQualityLoopTests" name="SelfCheckReportContainsWorkflowQualityLoopFields" />
    </UnitTest>
    <UnitTest name="PlatformSelfCheck.Tests.WorkflowQualityLoopTests.InvalidHumanApprovalDecisionDoesNotDiscardThePendingWorkflow" storage="d:\07_workspace\codex\autocadbyai\ai_mechanical_engineering_agent_platform\tests\platformselfcheck.tests\bin\debug\net10.0\platformselfcheck.tests.dll" id="9766e500-0f12-4322-3386-faa3a4a4a0d5">
      <Execution id="a90ee353-4458-48c7-9000-6a949c2bf56b" />
      <TestMethod codeBase="D:\07_WorkSpace\Codex\AutoCADByAI\AI_Mechanical_Engineering_Agent_Platform\tests\PlatformSelfCheck.Tests\bin\Debug\net10.0\PlatformSelfCheck.Tests.dll" adapterTypeName="executor://xunit/VsTestRunner3/netcore/" className="PlatformSelfCheck.Tests.WorkflowQualityLoopTests" name="InvalidHumanApprovalDecisionDoesNotDiscardThePendingWorkflow" />
    </UnitTest>
    <UnitTest name="PlatformSelfCheck.Tests.WorkflowApprovalIdentityTests.OldApprovalCannotApproveNextPauseEvenWhenStepIdRepeats" storage="d:\07_workspace\codex\autocadbyai\ai_mechanical_engineering_agent_platform\tests\platformselfcheck.tests\bin\debug\net10.0\platformselfcheck.tests.dll" id="4fc6dd8f-13f9-1960-f881-3bad109c81cc">
      <Execution id="7bd11c8e-f5af-4933-a413-3f59a1df1ae3" />
      <TestMethod codeBase="D:\07_WorkSpace\Codex\AutoCADByAI\AI_Mechanical_Engineering_Agent_Platform\tests\PlatformSelfCheck.Tests\bin\Debug\net10.0\PlatformSelfCheck.Tests.dll" adapterTypeName="executor://xunit/VsTestRunner3/netcore/" className="PlatformSelfCheck.Tests.WorkflowApprovalIdentityTests" name="OldApprovalCannotApproveNextPauseEvenWhenStepIdRepeats" />
    </UnitTest>
    <UnitTest name="PlatformSelfCheck.Tests.WorkflowQualityLoopTests.WorkflowEngineRejectedStepRetriesAccordingToRetryPolicy" storage="d:\07_workspace\codex\autocadbyai\ai_mechanical_engineering_agent_platform\tests\platformselfcheck.tests\bin\debug\net10.0\platformselfcheck.tests.dll" id="42529330-1350-d522-8d8b-3eb7b679e083">
      <Execution id="fff0ee14-2786-4460-bc2f-1bd5bdb7332d" />
      <TestMethod codeBase="D:\07_WorkSpace\Codex\AutoCADByAI\AI_Mechanical_Engineering_Agent_Platform\tests\PlatformSelfCheck.Tests\bin\Debug\net10.0\PlatformSelfCheck.Tests.dll" adapterTypeName="executor://xunit/VsTestRunner3/netcore/" className="PlatformSelfCheck.Tests.WorkflowQualityLoopTests" name="WorkflowEngineRejectedStepRetriesAccordingToRetryPolicy" />
    </UnitTest>
    <UnitTest name="PlatformSelfCheck.Tests.WorkflowQualityLoopTests.WorkflowEngineFailedStepGeneratesFailureReport" storage="d:\07_workspace\codex\autocadbyai\ai_mechanical_engineering_agent_platform\tests\platformselfcheck.tests\bin\debug\net10.0\platformselfcheck.tests.dll" id="4cc7c32b-d6d8-acdb-6127-c659a909a759">
      <Execution id="765028b4-0146-4829-ba33-7c27b04e0d99" />
      <TestMethod codeBase="D:\07_WorkSpace\Codex\AutoCADByAI\AI_Mechanical_Engineering_Agent_Platform\tests\PlatformSelfCheck.Tests\bin\Debug\net10.0\PlatformSelfCheck.Tests.dll" adapterTypeName="executor://xunit/VsTestRunner3/netcore/" className="PlatformSelfCheck.Tests.WorkflowQualityLoopTests" name="WorkflowEngineFailedStepGeneratesFailureReport" />
    </UnitTest>
    <UnitTest name="PlatformSelfCheck.Tests.WorkflowReliabilityTests.TwoApprovalBoundariesRetainAllStepAttemptsAndOrderedAudit(secondDecision: Reject)" storage="d:\07_workspace\codex\autocadbyai\ai_mechanical_engineering_agent_platform\tests\platformselfcheck.tests\bin\debug\net10.0\platformselfcheck.tests.dll" id="db285d96-416e-dd07-51b0-c273f11ae986">
      <Execution id="6acedbfe-7983-469d-b5ad-3f67ddbca82f" />
      <TestMethod codeBase="D:\07_WorkSpace\Codex\AutoCADByAI\AI_Mechanical_Engineering_Agent_Platform\tests\PlatformSelfCheck.Tests\bin\Debug\net10.0\PlatformSelfCheck.Tests.dll" adapterTypeName="executor://xunit/VsTestRunner3/netcore/" className="PlatformSelfCheck.Tests.WorkflowReliabilityTests" name="TwoApprovalBoundariesRetainAllStepAttemptsAndOrderedAudit" />
    </UnitTest>
    <UnitTest name="PlatformSelfCheck.Tests.WorkflowQualityLoopTests.WorkflowEngineResumesOnlyAfterExplicitHumanApprovalSubmission" storage="d:\07_workspace\codex\autocadbyai\ai_mechanical_engineering_agent_platform\tests\platformselfcheck.tests\bin\debug\net10.0\platformselfcheck.tests.dll" id="07516bc8-f9d3-b4ed-b61a-ab3a69856bba">
      <Execution id="6e2803e9-e1ef-4098-8ebb-e5fa933d87bc" />
      <TestMethod codeBase="D:\07_WorkSpace\Codex\AutoCADByAI\AI_Mechanical_Engineering_Agent_Platform\tests\PlatformSelfCheck.Tests\bin\Debug\net10.0\PlatformSelfCheck.Tests.dll" adapterTypeName="executor://xunit/VsTestRunner3/netcore/" className="PlatformSelfCheck.Tests.WorkflowQualityLoopTests" name="WorkflowEngineResumesOnlyAfterExplicitHumanApprovalSubmission" />
    </UnitTest>
    <UnitTest name="PlatformSelfCheck.Tests.WorkflowApprovalIdentityTests.MissingOrMismatchedIdentityDoesNotConsumePendingApproval(requestId: null, stepId: &quot;approval&quot;)" storage="d:\07_workspace\codex\autocadbyai\ai_mechanical_engineering_agent_platform\tests\platformselfcheck.tests\bin\debug\net10.0\platformselfcheck.tests.dll" id="3cc6f66b-6919-fd0c-5762-67308004708e">
      <Execution id="3fadc480-b58e-4dc4-89bf-b563f7c9ea4a" />
      <TestMethod codeBase="D:\07_WorkSpace\Codex\AutoCADByAI\AI_Mechanical_Engineering_Agent_Platform\tests\PlatformSelfCheck.Tests\bin\Debug\net10.0\PlatformSelfCheck.Tests.dll" adapterTypeName="executor://xunit/VsTestRunner3/netcore/" className="PlatformSelfCheck.Tests.WorkflowApprovalIdentityTests" name="MissingOrMismatchedIdentityDoesNotConsumePendingApproval" />
    </UnitTest>
    <UnitTest name="PlatformSelfCheck.Tests.WorkflowApprovalIdentityTests.MissingOrMismatchedIdentityDoesNotConsumePendingApproval(requestId: &quot;current&quot;, stepId: &quot;APPROVAL&quot;)" storage="d:\07_workspace\codex\autocadbyai\ai_mechanical_engineering_agent_platform\tests\platformselfcheck.tests\bin\debug\net10.0\platformselfcheck.tests.dll" id="377b6497-6401-9a40-bfac-81ea30c3be8e">
      <Execution id="ec5f52eb-9b06-4523-88a6-26da57d7e3b6" />
      <TestMethod codeBase="D:\07_WorkSpace\Codex\AutoCADByAI\AI_Mechanical_Engineering_Agent_Platform\tests\PlatformSelfCheck.Tests\bin\Debug\net10.0\PlatformSelfCheck.Tests.dll" adapterTypeName="executor://xunit/VsTestRunner3/netcore/" className="PlatformSelfCheck.Tests.WorkflowApprovalIdentityTests" name="MissingOrMismatchedIdentityDoesNotConsumePendingApproval" />
    </UnitTest>
    <UnitTest name="PlatformSelfCheck.Tests.WorkflowReliabilityTests.StepLimitCannotOverrideNonRetryablePolicy(issue: &quot;non_retryable invalid input&quot;)" storage="d:\07_workspace\codex\autocadbyai\ai_mechanical_engineering_agent_platform\tests\platformselfcheck.tests\bin\debug\net10.0\platformselfcheck.tests.dll" id="8ff1e917-2d12-b473-0535-30b418e404fb">
      <Execution id="91fd4c84-83bb-434a-9701-8f50bd03221b" />
      <TestMethod codeBase="D:\07_WorkSpace\Codex\AutoCADByAI\AI_Mechanical_Engineering_Agent_Platform\tests\PlatformSelfCheck.Tests\bin\Debug\net10.0\PlatformSelfCheck.Tests.dll" adapterTypeName="executor://xunit/VsTestRunner3/netcore/" className="PlatformSelfCheck.Tests.WorkflowReliabilityTests" name="StepLimitCannotOverrideNonRetryablePolicy" />
    </UnitTest>
    <UnitTest name="PlatformSelfCheck.Tests.ApprovalCadContinuationTests.TaskLifecycleSelfCheckExercisesRoundtripWithoutCad" storage="d:\07_workspace\codex\autocadbyai\ai_mechanical_engineering_agent_platform\tests\platformselfcheck.tests\bin\debug\net10.0\platformselfcheck.tests.dll" id="64bc81ae-096e-45fc-9dfd-09426a835f09">
      <Execution id="80f0445e-c100-46b1-82df-cf8594bcb75c" />
      <TestMethod codeBase="D:\07_WorkSpace\Codex\AutoCADByAI\AI_Mechanical_Engineering_Agent_Platform\tests\PlatformSelfCheck.Tests\bin\Debug\net10.0\PlatformSelfCheck.Tests.dll" adapterTypeName="executor://xunit/VsTestRunner3/netcore/" className="PlatformSelfCheck.Tests.ApprovalCadContinuationTests" name="TaskLifecycleSelfCheckExercisesRoundtripWithoutCad" />
    </UnitTest>
    <UnitTest name="PlatformSelfCheck.Tests.WorkflowReliabilityTests.TwoApprovalBoundariesRetainAllStepAttemptsAndOrderedAudit(secondDecision: RequestRevision)" storage="d:\07_workspace\codex\autocadbyai\ai_mechanical_engineering_agent_platform\tests\platformselfcheck.tests\bin\debug\net10.0\platformselfcheck.tests.dll" id="0b4e358e-aeb2-ac51-a0d3-b475b43e83fb">
      <Execution id="6eb7585e-f89d-4d8a-8055-233aa6bf4c30" />
      <TestMethod codeBase="D:\07_WorkSpace\Codex\AutoCADByAI\AI_Mechanical_Engineering_Agent_Platform\tests\PlatformSelfCheck.Tests\bin\Debug\net10.0\PlatformSelfCheck.Tests.dll" adapterTypeName="executor://xunit/VsTestRunner3/netcore/" className="PlatformSelfCheck.Tests.WorkflowReliabilityTests" name="TwoApprovalBoundariesRetainAllStepAttemptsAndOrderedAudit" />
    </UnitTest>
    <UnitTest name="PlatformSelfCheck.Tests.InternalAgentRoutingTests.ChiefEngineerCreatesInternalCollaborationReportWithExpectedCalledAgents" storage="d:\07_workspace\codex\autocadbyai\ai_mechanical_engineering_agent_platform\tests\platformselfcheck.tests\bin\debug\net10.0\platformselfcheck.tests.dll" id="532d7f8f-3a80-b451-8870-b45054f5965f">
      <Execution id="309265a5-12ce-449c-956c-a6502f8acc16" />
      <TestMethod codeBase="D:\07_WorkSpace\Codex\AutoCADByAI\AI_Mechanical_Engineering_Agent_Platform\tests\PlatformSelfCheck.Tests\bin\Debug\net10.0\PlatformSelfCheck.Tests.dll" adapterTypeName="executor://xunit/VsTestRunner3/netcore/" className="PlatformSelfCheck.Tests.InternalAgentRoutingTests" name="ChiefEngineerCreatesInternalCollaborationReportWithExpectedCalledAgents" />
    </UnitTest>
    <UnitTest name="PlatformSelfCheck.Tests.WorkflowApprovalIdentityTests.MissingOrMismatchedIdentityDoesNotConsumePendingApproval(requestId: &quot;current&quot;, stepId: &quot;wrong-step&quot;)" storage="d:\07_workspace\codex\autocadbyai\ai_mechanical_engineering_agent_platform\tests\platformselfcheck.tests\bin\debug\net10.0\platformselfcheck.tests.dll" id="2d3a23c8-4eaf-a129-da82-f61e2f94116a">
      <Execution id="9f9b0034-3fb8-4195-b85a-3691c7e507c8" />
      <TestMethod codeBase="D:\07_WorkSpace\Codex\AutoCADByAI\AI_Mechanical_Engineering_Agent_Platform\tests\PlatformSelfCheck.Tests\bin\Debug\net10.0\PlatformSelfCheck.Tests.dll" adapterTypeName="executor://xunit/VsTestRunner3/netcore/" className="PlatformSelfCheck.Tests.WorkflowApprovalIdentityTests" name="MissingOrMismatchedIdentityDoesNotConsumePendingApproval" />
    </UnitTest>
    <UnitTest name="PlatformSelfCheck.Tests.WorkflowApprovalIdentityTests.ResolutionPreservesOriginalEvidenceAndClaimedIdentity(decision: RequestRevision)" storage="d:\07_workspace\codex\autocadbyai\ai_mechanical_engineering_agent_platform\tests\platformselfcheck.tests\bin\debug\net10.0\platformselfcheck.tests.dll" id="01f02fde-e992-b448-fe04-6847c1adec72">
      <Execution id="ec56fc25-38f3-40a7-945e-a0c70699deec" />
      <TestMethod codeBase="D:\07_WorkSpace\Codex\AutoCADByAI\AI_Mechanical_Engineering_Agent_Platform\tests\PlatformSelfCheck.Tests\bin\Debug\net10.0\PlatformSelfCheck.Tests.dll" adapterTypeName="executor://xunit/VsTestRunner3/netcore/" className="PlatformSelfCheck.Tests.WorkflowApprovalIdentityTests" name="ResolutionPreservesOriginalEvidenceAndClaimedIdentity" />
    </UnitTest>
    <UnitTest name="PlatformSelfCheck.Tests.WorkflowApprovalIdentityTests.MissingOrMismatchedIdentityDoesNotConsumePendingApproval(requestId: &quot;&quot;, stepId: &quot;approval&quot;)" storage="d:\07_workspace\codex\autocadbyai\ai_mechanical_engineering_agent_platform\tests\platformselfcheck.tests\bin\debug\net10.0\platformselfcheck.tests.dll" id="cbfc4038-b640-c80f-b66f-a69b6e232c52">
      <Execution id="2be93d01-8666-4997-adfb-6b30ac4a0db0" />
      <TestMethod codeBase="D:\07_WorkSpace\Codex\AutoCADByAI\AI_Mechanical_Engineering_Agent_Platform\tests\PlatformSelfCheck.Tests\bin\Debug\net10.0\PlatformSelfCheck.Tests.dll" adapterTypeName="executor://xunit/VsTestRunner3/netcore/" className="PlatformSelfCheck.Tests.WorkflowApprovalIdentityTests" name="MissingOrMismatchedIdentityDoesNotConsumePendingApproval" />
    </UnitTest>
    <UnitTest name="PlatformSelfCheck.Tests.ApprovalCadContinuationTests.DeclinedApprovalStopsBeforeCad(decision: RequestRevision)" storage="d:\07_workspace\codex\autocadbyai\ai_mechanical_engineering_agent_platform\tests\platformselfcheck.tests\bin\debug\net10.0\platformselfcheck.tests.dll" id="cdecb5c5-1c88-3716-1cc1-8e9001a335ac">
      <Execution id="b1153704-a5ac-487b-b545-e841d9b194c9" />
      <TestMethod codeBase="D:\07_WorkSpace\Codex\AutoCADByAI\AI_Mechanical_Engineering_Agent_Platform\tests\PlatformSelfCheck.Tests\bin\Debug\net10.0\PlatformSelfCheck.Tests.dll" adapterTypeName="executor://xunit/VsTestRunner3/netcore/" className="PlatformSelfCheck.Tests.ApprovalCadContinuationTests" name="DeclinedApprovalStopsBeforeCad" />
    </UnitTest>
    <UnitTest name="PlatformSelfCheck.Tests.WorkflowQualityLoopTests.WorkflowEngineCancellationStillPropagates" storage="d:\07_workspace\codex\autocadbyai\ai_mechanical_engineering_agent_platform\tests\platformselfcheck.tests\bin\debug\net10.0\platformselfcheck.tests.dll" id="a62333e2-2625-b0fe-1303-3f232a2c64c8">
      <Execution id="afc7cbca-90c0-44c2-aa7d-65d567bbbcce" />
      <TestMethod codeBase="D:\07_WorkSpace\Codex\AutoCADByAI\AI_Mechanical_Engineering_Agent_Platform\tests\PlatformSelfCheck.Tests\bin\Debug\net10.0\PlatformSelfCheck.Tests.dll" adapterTypeName="executor://xunit/VsTestRunner3/netcore/" className="PlatformSelfCheck.Tests.WorkflowQualityLoopTests" name="WorkflowEngineCancellationStillPropagates" />
    </UnitTest>
    <UnitTest name="PlatformSelfCheck.Tests.WorkflowReliabilityTests.PreCancelledSubmissionDoesNotTakeApprovalAndNormalSubmissionStillRunsOnce" storage="d:\07_workspace\codex\autocadbyai\ai_mechanical_engineering_agent_platform\tests\platformselfcheck.tests\bin\debug\net10.0\platformselfcheck.tests.dll" id="ac6400b3-6355-7553-49d2-fefb6bd874d8">
      <Execution id="805f1559-a45a-486d-b12a-81b9e1cb6f09" />
      <TestMethod codeBase="D:\07_WorkSpace\Codex\AutoCADByAI\AI_Mechanical_Engineering_Agent_Platform\tests\PlatformSelfCheck.Tests\bin\Debug\net10.0\PlatformSelfCheck.Tests.dll" adapterTypeName="executor://xunit/VsTestRunner3/netcore/" className="PlatformSelfCheck.Tests.WorkflowReliabilityTests" name="PreCancelledSubmissionDoesNotTakeApprovalAndNormalSubmissionStillRunsOnce" />
    </UnitTest>
    <UnitTest name="PlatformSelfCheck.Tests.WorkflowApprovalIdentityTests.FatalOrNonRetryableIssuesCannotBecomeApprovable(issue: &quot;non_retryable invalid input&quot;, fatalReview: False)" storage="d:\07_workspace\codex\autocadbyai\ai_mechanical_engineering_agent_platform\tests\platformselfcheck.tests\bin\debug\net10.0\platformselfcheck.tests.dll" id="ea375bee-2416-2656-b305-a747d8d0f6b6">
      <Execution id="26a7d765-4a4e-4266-b95d-047a84b8d79b" />
      <TestMethod codeBase="D:\07_WorkSpace\Codex\AutoCADByAI\AI_Mechanical_Engineering_Agent_Platform\tests\PlatformSelfCheck.Tests\bin\Debug\net10.0\PlatformSelfCheck.Tests.dll" adapterTypeName="executor://xunit/VsTestRunner3/netcore/" className="PlatformSelfCheck.Tests.WorkflowApprovalIdentityTests" name="FatalOrNonRetryableIssuesCannotBecomeApprovable" />
    </UnitTest>
    <UnitTest name="PlatformSelfCheck.Tests.WorkflowReliabilityTests.StepRetryLimitTightensPolicyAndMatchesResultsAndAudit(stepLimit: -1, policyLimit: 2, effectiveLimit: 0)" storage="d:\07_workspace\codex\autocadbyai\ai_mechanical_engineering_agent_platform\tests\platformselfcheck.tests\bin\debug\net10.0\platformselfcheck.tests.dll" id="9566270c-4518-7da6-bf25-20f1cdb6f238">
      <Execution id="16f8e17e-399f-45b9-9842-95c5387d3e1d" />
      <TestMethod codeBase="D:\07_WorkSpace\Codex\AutoCADByAI\AI_Mechanical_Engineering_Agent_Platform\tests\PlatformSelfCheck.Tests\bin\Debug\net10.0\PlatformSelfCheck.Tests.dll" adapterTypeName="executor://xunit/VsTestRunner3/netcore/" className="PlatformSelfCheck.Tests.WorkflowReliabilityTests" name="StepRetryLimitTightensPolicyAndMatchesResultsAndAudit" />
    </UnitTest>
    <UnitTest name="PlatformSelfCheck.Tests.WorkflowApprovalIdentityTests.ResolutionPreservesOriginalEvidenceAndClaimedIdentity(decision: Reject)" storage="d:\07_workspace\codex\autocadbyai\ai_mechanical_engineering_agent_platform\tests\platformselfcheck.tests\bin\debug\net10.0\platformselfcheck.tests.dll" id="2b27e8f0-a0f0-e71f-d969-865806655a0e">
      <Execution id="689116ef-0ed5-4e51-b0fd-6e4dae8f5724" />
      <TestMethod codeBase="D:\07_WorkSpace\Codex\AutoCADByAI\AI_Mechanical_Engineering_Agent_Platform\tests\PlatformSelfCheck.Tests\bin\Debug\net10.0\PlatformSelfCheck.Tests.dll" adapterTypeName="executor://xunit/VsTestRunner3/netcore/" className="PlatformSelfCheck.Tests.WorkflowApprovalIdentityTests" name="ResolutionPreservesOriginalEvidenceAndClaimedIdentity" />
    </UnitTest>
    <UnitTest name="PlatformSelfCheck.Tests.WorkflowReliabilityTests.StepRetryLimitTightensPolicyAndMatchesResultsAndAudit(stepLimit: 7, policyLimit: 2, effectiveLimit: 2)" storage="d:\07_workspace\codex\autocadbyai\ai_mechanical_engineering_agent_platform\tests\platformselfcheck.tests\bin\debug\net10.0\platformselfcheck.tests.dll" id="f94b18d6-1cf8-49bb-1528-4dba75912ab6">
      <Execution id="382efd0f-1794-40f2-924b-6e6a908479c6" />
      <TestMethod codeBase="D:\07_WorkSpace\Codex\AutoCADByAI\AI_Mechanical_Engineering_Agent_Platform\tests\PlatformSelfCheck.Tests\bin\Debug\net10.0\PlatformSelfCheck.Tests.dll" adapterTypeName="executor://xunit/VsTestRunner3/netcore/" className="PlatformSelfCheck.Tests.WorkflowReliabilityTests" name="StepRetryLimitTightensPolicyAndMatchesResultsAndAudit" />
    </UnitTest>
    <UnitTest name="PlatformSelfCheck.Tests.WorkflowQualityLoopTests.WorkflowEngineHumanApprovalStepGeneratesHumanApprovalRequest" storage="d:\07_workspace\codex\autocadbyai\ai_mechanical_engineering_agent_platform\tests\platformselfcheck.tests\bin\debug\net10.0\platformselfcheck.tests.dll" id="a2570af4-7c4f-ecf0-ab7d-39a0011d3eb5">
      <Execution id="aad3a855-bbe2-45e4-a7fc-c6f2155308fb" />
      <TestMethod codeBase="D:\07_WorkSpace\Codex\AutoCADByAI\AI_Mechanical_Engineering_Agent_Platform\tests\PlatformSelfCheck.Tests\bin\Debug\net10.0\PlatformSelfCheck.Tests.dll" adapterTypeName="executor://xunit/VsTestRunner3/netcore/" className="PlatformSelfCheck.Tests.WorkflowQualityLoopTests" name="WorkflowEngineHumanApprovalStepGeneratesHumanApprovalRequest" />
    </UnitTest>
    <UnitTest name="PlatformSelfCheck.Tests.WorkflowApprovalIdentityTests.ResolutionPreservesOriginalEvidenceAndClaimedIdentity(decision: Approve)" storage="d:\07_workspace\codex\autocadbyai\ai_mechanical_engineering_agent_platform\tests\platformselfcheck.tests\bin\debug\net10.0\platformselfcheck.tests.dll" id="0422bc5e-da7d-ccfa-6e01-8044c3d9a970">
      <Execution id="437c1d0c-5a92-483e-9b49-6953532255a7" />
      <TestMethod codeBase="D:\07_WorkSpace\Codex\AutoCADByAI\AI_Mechanical_Engineering_Agent_Platform\tests\PlatformSelfCheck.Tests\bin\Debug\net10.0\PlatformSelfCheck.Tests.dll" adapterTypeName="executor://xunit/VsTestRunner3/netcore/" className="PlatformSelfCheck.Tests.WorkflowApprovalIdentityTests" name="ResolutionPreservesOriginalEvidenceAndClaimedIdentity" />
    </UnitTest>
    <UnitTest name="PlatformSelfCheck.Tests.ApprovalCadContinuationTests.OriginalInputRemainsBoundAfterCallerMutatesRequestDictionary" storage="d:\07_workspace\codex\autocadbyai\ai_mechanical_engineering_agent_platform\tests\platformselfcheck.tests\bin\debug\net10.0\platformselfcheck.tests.dll" id="fb1c1d76-91b3-2959-6eeb-0a14b3e264d2">
      <Execution id="d0a240f8-9364-496e-843f-bf7890c432ce" />
      <TestMethod codeBase="D:\07_WorkSpace\Codex\AutoCADByAI\AI_Mechanical_Engineering_Agent_Platform\tests\PlatformSelfCheck.Tests\bin\Debug\net10.0\PlatformSelfCheck.Tests.dll" adapterTypeName="executor://xunit/VsTestRunner3/netcore/" className="PlatformSelfCheck.Tests.ApprovalCadContinuationTests" name="OriginalInputRemainsBoundAfterCallerMutatesRequestDictionary" />
    </UnitTest>
    <UnitTest name="PlatformSelfCheck.Tests.WorkflowReliabilityTests.FinalApprovalWithoutRemainingStepsIncludesSubmissionDecisionAndCompletionAudit" storage="d:\07_workspace\codex\autocadbyai\ai_mechanical_engineering_agent_platform\tests\platformselfcheck.tests\bin\debug\net10.0\platformselfcheck.tests.dll" id="1ed9d6c2-57cc-c2f8-a247-ef7f79b00a3e">
      <Execution id="42fdb619-aac2-4d6b-836d-241350ed399d" />
      <TestMethod codeBase="D:\07_WorkSpace\Codex\AutoCADByAI\AI_Mechanical_Engineering_Agent_Platform\tests\PlatformSelfCheck.Tests\bin\Debug\net10.0\PlatformSelfCheck.Tests.dll" adapterTypeName="executor://xunit/VsTestRunner3/netcore/" className="PlatformSelfCheck.Tests.WorkflowReliabilityTests" name="FinalApprovalWithoutRemainingStepsIncludesSubmissionDecisionAndCompletionAudit" />
    </UnitTest>
    <UnitTest name="PlatformSelfCheck.Tests.ApprovalCadContinuationTests.ApprovalRunsCadOnceAndArtifactGateDeterminesTaskResult(brokenArtifact: False)" storage="d:\07_workspace\codex\autocadbyai\ai_mechanical_engineering_agent_platform\tests\platformselfcheck.tests\bin\debug\net10.0\platformselfcheck.tests.dll" id="0dbf0707-3a08-8325-fa63-4e953b44ba16">
      <Execution id="8f3ace82-1fb6-479a-8bcc-523d8804580d" />
      <TestMethod codeBase="D:\07_WorkSpace\Codex\AutoCADByAI\AI_Mechanical_Engineering_Agent_Platform\tests\PlatformSelfCheck.Tests\bin\Debug\net10.0\PlatformSelfCheck.Tests.dll" adapterTypeName="executor://xunit/VsTestRunner3/netcore/" className="PlatformSelfCheck.Tests.ApprovalCadContinuationTests" name="ApprovalRunsCadOnceAndArtifactGateDeterminesTaskResult" />
    </UnitTest>
    <UnitTest name="PlatformSelfCheck.Tests.InternalAgentRoutingTests.ChiefEngineerUsesTheInjectedWorkflowRoute" storage="d:\07_workspace\codex\autocadbyai\ai_mechanical_engineering_agent_platform\tests\platformselfcheck.tests\bin\debug\net10.0\platformselfcheck.tests.dll" id="3fb8f385-12eb-500d-ee7a-8dd0dbf5583e">
      <Execution id="86c419c6-a328-4457-883f-6a6d8197eaeb" />
      <TestMethod codeBase="D:\07_WorkSpace\Codex\AutoCADByAI\AI_Mechanical_Engineering_Agent_Platform\tests\PlatformSelfCheck.Tests\bin\Debug\net10.0\PlatformSelfCheck.Tests.dll" adapterTypeName="executor://xunit/VsTestRunner3/netcore/" className="PlatformSelfCheck.Tests.InternalAgentRoutingTests" name="ChiefEngineerUsesTheInjectedWorkflowRoute" />
    </UnitTest>
    <UnitTest name="PlatformSelfCheck.Tests.WorkflowQualityLoopTests.WorkflowEnginePassedStepContinuesToNextStep" storage="d:\07_workspace\codex\autocadbyai\ai_mechanical_engineering_agent_platform\tests\platformselfcheck.tests\bin\debug\net10.0\platformselfcheck.tests.dll" id="2de6d0f1-e764-ad81-ba09-be7c59f6b1cb">
      <Execution id="fd6e2d2f-b3d0-4612-8f9e-3ac44022bb34" />
      <TestMethod codeBase="D:\07_WorkSpace\Codex\AutoCADByAI\AI_Mechanical_Engineering_Agent_Platform\tests\PlatformSelfCheck.Tests\bin\Debug\net10.0\PlatformSelfCheck.Tests.dll" adapterTypeName="executor://xunit/VsTestRunner3/netcore/" className="PlatformSelfCheck.Tests.WorkflowQualityLoopTests" name="WorkflowEnginePassedStepContinuesToNextStep" />
    </UnitTest>
    <UnitTest name="PlatformSelfCheck.Tests.InternalAgentRoutingTests.GatewayStillBlocksDirectInternalAgentCalls" storage="d:\07_workspace\codex\autocadbyai\ai_mechanical_engineering_agent_platform\tests\platformselfcheck.tests\bin\debug\net10.0\platformselfcheck.tests.dll" id="72f8e363-ee2b-1884-cbbe-049d4ef9081c">
      <Execution id="4f0f882d-1e7f-4f09-95a9-f8153d838423" />
      <TestMethod codeBase="D:\07_WorkSpace\Codex\AutoCADByAI\AI_Mechanical_Engineering_Agent_Platform\tests\PlatformSelfCheck.Tests\bin\Debug\net10.0\PlatformSelfCheck.Tests.dll" adapterTypeName="executor://xunit/VsTestRunner3/netcore/" className="PlatformSelfCheck.Tests.InternalAgentRoutingTests" name="GatewayStillBlocksDirectInternalAgentCalls" />
    </UnitTest>
    <UnitTest name="PlatformSelfCheck.Tests.InternalAgentRoutingTests.InternalAgentRouterInvokesInternalAgentsSequentiallyAndAuditsCalls" storage="d:\07_workspace\codex\autocadbyai\ai_mechanical_engineering_agent_platform\tests\platformselfcheck.tests\bin\debug\net10.0\platformselfcheck.tests.dll" id="93c6e7c7-ab75-4380-4353-a291d0a076d2">
      <Execution id="144c5c5f-098e-49d7-8c56-ae4e301ee0ef" />
      <TestMethod codeBase="D:\07_WorkSpace\Codex\AutoCADByAI\AI_Mechanical_Engineering_Agent_Platform\tests\PlatformSelfCheck.Tests\bin\Debug\net10.0\PlatformSelfCheck.Tests.dll" adapterTypeName="executor://xunit/VsTestRunner3/netcore/" className="PlatformSelfCheck.Tests.InternalAgentRoutingTests" name="InternalAgentRouterInvokesInternalAgentsSequentiallyAndAuditsCalls" />
    </UnitTest>
    <UnitTest name="PlatformSelfCheck.Tests.WorkflowReliabilityTests.StepRetryLimitTightensPolicyAndMatchesResultsAndAudit(stepLimit: null, policyLimit: 2, effectiveLimit: 2)" storage="d:\07_workspace\codex\autocadbyai\ai_mechanical_engineering_agent_platform\tests\platformselfcheck.tests\bin\debug\net10.0\platformselfcheck.tests.dll" id="c299e09c-dd9f-7c0e-9de3-6f12c2b45f80">
      <Execution id="b3fa8861-8d59-49bb-8f63-90c13616af52" />
      <TestMethod codeBase="D:\07_WorkSpace\Codex\AutoCADByAI\AI_Mechanical_Engineering_Agent_Platform\tests\PlatformSelfCheck.Tests\bin\Debug\net10.0\PlatformSelfCheck.Tests.dll" adapterTypeName="executor://xunit/VsTestRunner3/netcore/" className="PlatformSelfCheck.Tests.WorkflowReliabilityTests" name="StepRetryLimitTightensPolicyAndMatchesResultsAndAudit" />
    </UnitTest>
    <UnitTest name="PlatformSelfCheck.Tests.WorkflowReliabilityTests.StepRetryLimitTightensPolicyAndMatchesResultsAndAudit(stepLimit: 1, policyLimit: 2, effectiveLimit: 1)" storage="d:\07_workspace\codex\autocadbyai\ai_mechanical_engineering_agent_platform\tests\platformselfcheck.tests\bin\debug\net10.0\platformselfcheck.tests.dll" id="a2ed01bd-88a5-f515-4b65-7b0f623f88a3">
      <Execution id="dc16d302-204e-41d9-b27c-29ebff73e3e9" />
      <TestMethod codeBase="D:\07_WorkSpace\Codex\AutoCADByAI\AI_Mechanical_Engineering_Agent_Platform\tests\PlatformSelfCheck.Tests\bin\Debug\net10.0\PlatformSelfCheck.Tests.dll" adapterTypeName="executor://xunit/VsTestRunner3/netcore/" className="PlatformSelfCheck.Tests.WorkflowReliabilityTests" name="StepRetryLimitTightensPolicyAndMatchesResultsAndAudit" />
    </UnitTest>
    <UnitTest name="PlatformSelfCheck.Tests.WorkflowApprovalIdentityTests.FatalOrNonRetryableIssuesCannotBecomeApprovable(issue: &quot;critical invalid geometry&quot;, fatalReview: False)" storage="d:\07_workspace\codex\autocadbyai\ai_mechanical_engineering_agent_platform\tests\platformselfcheck.tests\bin\debug\net10.0\platformselfcheck.tests.dll" id="d7682429-6cb5-8c85-3cf9-18d89d19b7e0">
      <Execution id="b9176d1a-7ee7-44f0-bd04-f1d271aa04e0" />
      <TestMethod codeBase="D:\07_WorkSpace\Codex\AutoCADByAI\AI_Mechanical_Engineering_Agent_Platform\tests\PlatformSelfCheck.Tests\bin\Debug\net10.0\PlatformSelfCheck.Tests.dll" adapterTypeName="executor://xunit/VsTestRunner3/netcore/" className="PlatformSelfCheck.Tests.WorkflowApprovalIdentityTests" name="FatalOrNonRetryableIssuesCannotBecomeApprovable" />
    </UnitTest>
    <UnitTest name="PlatformSelfCheck.Tests.WorkflowApprovalIdentityTests.CancellationDuringResumedRetryDelayPreservesCompletedAndAttemptHistory" storage="d:\07_workspace\codex\autocadbyai\ai_mechanical_engineering_agent_platform\tests\platformselfcheck.tests\bin\debug\net10.0\platformselfcheck.tests.dll" id="9c5513be-092d-0dbd-a882-56360a8df84e">
      <Execution id="9e9ae0e9-6329-4017-ac78-d44545b5cad2" />
      <TestMethod codeBase="D:\07_WorkSpace\Codex\AutoCADByAI\AI_Mechanical_Engineering_Agent_Platform\tests\PlatformSelfCheck.Tests\bin\Debug\net10.0\PlatformSelfCheck.Tests.dll" adapterTypeName="executor://xunit/VsTestRunner3/netcore/" className="PlatformSelfCheck.Tests.WorkflowApprovalIdentityTests" name="CancellationDuringResumedRetryDelayPreservesCompletedAndAttemptHistory" />
    </UnitTest>
    <UnitTest name="PlatformSelfCheck.Tests.WorkflowApprovalIdentityTests.ApprovalIdentitySelfCheckUsesActualPauseIdentities" storage="d:\07_workspace\codex\autocadbyai\ai_mechanical_engineering_agent_platform\tests\platformselfcheck.tests\bin\debug\net10.0\platformselfcheck.tests.dll" id="fbc9eabd-3e71-36dd-e9f5-ad8a51354903">
      <Execution id="6c3d8fc4-5689-4f35-aac1-69693677f5c4" />
      <TestMethod codeBase="D:\07_WorkSpace\Codex\AutoCADByAI\AI_Mechanical_Engineering_Agent_Platform\tests\PlatformSelfCheck.Tests\bin\Debug\net10.0\PlatformSelfCheck.Tests.dll" adapterTypeName="executor://xunit/VsTestRunner3/netcore/" className="PlatformSelfCheck.Tests.WorkflowApprovalIdentityTests" name="ApprovalIdentitySelfCheckUsesActualPauseIdentities" />
    </UnitTest>
    <UnitTest name="PlatformSelfCheck.Tests.WorkflowQualityLoopTests.GatewayStillOnlyExposesChiefEngineerAfterWorkflowQualityLoopChanges" storage="d:\07_workspace\codex\autocadbyai\ai_mechanical_engineering_agent_platform\tests\platformselfcheck.tests\bin\debug\net10.0\platformselfcheck.tests.dll" id="ef6d291b-4d68-e338-5edb-3d60f0065bd8">
      <Execution id="e056bc76-9040-4679-8025-7d910ddac6b6" />
      <TestMethod codeBase="D:\07_WorkSpace\Codex\AutoCADByAI\AI_Mechanical_Engineering_Agent_Platform\tests\PlatformSelfCheck.Tests\bin\Debug\net10.0\PlatformSelfCheck.Tests.dll" adapterTypeName="executor://xunit/VsTestRunner3/netcore/" className="PlatformSelfCheck.Tests.WorkflowQualityLoopTests" name="GatewayStillOnlyExposesChiefEngineerAfterWorkflowQualityLoopChanges" />
    </UnitTest>
    <UnitTest name="PlatformSelfCheck.Tests.ApprovalCadContinuationTests.JsonWithOmittedDecisionCannotApprove" storage="d:\07_workspace\codex\autocadbyai\ai_mechanical_engineering_agent_platform\tests\platformselfcheck.tests\bin\debug\net10.0\platformselfcheck.tests.dll" id="c34d04ab-bb4a-17d5-ed2f-45ba9ff4ae45">
      <Execution id="8b579a83-aedc-4a87-9d7e-7a15b70d03eb" />
      <TestMethod codeBase="D:\07_WorkSpace\Codex\AutoCADByAI\AI_Mechanical_Engineering_Agent_Platform\tests\PlatformSelfCheck.Tests\bin\Debug\net10.0\PlatformSelfCheck.Tests.dll" adapterTypeName="executor://xunit/VsTestRunner3/netcore/" className="PlatformSelfCheck.Tests.ApprovalCadContinuationTests" name="JsonWithOmittedDecisionCannotApprove" />
    </UnitTest>
    <UnitTest name="PlatformSelfCheck.Tests.WorkflowApprovalIdentityTests.FatalOrNonRetryableIssuesCannotBecomeApprovable(issue: &quot;manual review&quot;, fatalReview: True)" storage="d:\07_workspace\codex\autocadbyai\ai_mechanical_engineering_agent_platform\tests\platformselfcheck.tests\bin\debug\net10.0\platformselfcheck.tests.dll" id="f2182849-1049-daed-4b87-c1ac4bd2e773">
      <Execution id="af3e4906-6793-45e9-b7f3-85781905bc5a" />
      <TestMethod codeBase="D:\07_WorkSpace\Codex\AutoCADByAI\AI_Mechanical_Engineering_Agent_Platform\tests\PlatformSelfCheck.Tests\bin\Debug\net10.0\PlatformSelfCheck.Tests.dll" adapterTypeName="executor://xunit/VsTestRunner3/netcore/" className="PlatformSelfCheck.Tests.WorkflowApprovalIdentityTests" name="FatalOrNonRetryableIssuesCannotBecomeApprovable" />
    </UnitTest>
    <UnitTest name="PlatformSelfCheck.Tests.InternalAgentRoutingTests.GatewayChiefEngineerResponseIncludesCollaborationReportAfterQualityGate" storage="d:\07_workspace\codex\autocadbyai\ai_mechanical_engineering_agent_platform\tests\platformselfcheck.tests\bin\debug\net10.0\platformselfcheck.tests.dll" id="8ac3682b-7364-9115-386c-40cd8d2cd75a">
      <Execution id="803f0e2d-a05b-4b5e-9d66-f5506d2754bd" />
      <TestMethod codeBase="D:\07_WorkSpace\Codex\AutoCADByAI\AI_Mechanical_Engineering_Agent_Platform\tests\PlatformSelfCheck.Tests\bin\Debug\net10.0\PlatformSelfCheck.Tests.dll" adapterTypeName="executor://xunit/VsTestRunner3/netcore/" className="PlatformSelfCheck.Tests.InternalAgentRoutingTests" name="GatewayChiefEngineerResponseIncludesCollaborationReportAfterQualityGate" />
    </UnitTest>
    <UnitTest name="PlatformSelfCheck.Tests.WorkflowApprovalIdentityTests.MissingOrMismatchedIdentityDoesNotConsumePendingApproval(requestId: &quot;current&quot;, stepId: null)" storage="d:\07_workspace\codex\autocadbyai\ai_mechanical_engineering_agent_platform\tests\platformselfcheck.tests\bin\debug\net10.0\platformselfcheck.tests.dll" id="fa3bbc2b-3d3c-a114-953b-ccb5c4bc7d60">
      <Execution id="a1d240d4-6ffc-4aa2-8166-c8d9bbbe09e3" />
      <TestMethod codeBase="D:\07_WorkSpace\Codex\AutoCADByAI\AI_Mechanical_Engineering_Agent_Platform\tests\PlatformSelfCheck.Tests\bin\Debug\net10.0\PlatformSelfCheck.Tests.dll" adapterTypeName="executor://xunit/VsTestRunner3/netcore/" className="PlatformSelfCheck.Tests.WorkflowApprovalIdentityTests" name="MissingOrMismatchedIdentityDoesNotConsumePendingApproval" />
    </UnitTest>
    <UnitTest name="PlatformSelfCheck.Tests.WorkflowApprovalIdentityTests.MissingOrMismatchedIdentityDoesNotConsumePendingApproval(requestId: &quot;wrong-request&quot;, stepId: &quot;approval&quot;)" storage="d:\07_workspace\codex\autocadbyai\ai_mechanical_engineering_agent_platform\tests\platformselfcheck.tests\bin\debug\net10.0\platformselfcheck.tests.dll" id="8b10394a-4016-3a79-8b28-56f3ecee2f52">
      <Execution id="24cd172c-03c5-4388-a5db-18504d9314c8" />
      <TestMethod codeBase="D:\07_WorkSpace\Codex\AutoCADByAI\AI_Mechanical_Engineering_Agent_Platform\tests\PlatformSelfCheck.Tests\bin\Debug\net10.0\PlatformSelfCheck.Tests.dll" adapterTypeName="executor://xunit/VsTestRunner3/netcore/" className="PlatformSelfCheck.Tests.WorkflowApprovalIdentityTests" name="MissingOrMismatchedIdentityDoesNotConsumePendingApproval" />
    </UnitTest>
    <UnitTest name="PlatformSelfCheck.Tests.WorkflowReliabilityTests.StepRetryLimitTightensPolicyAndMatchesResultsAndAudit(stepLimit: 0, policyLimit: 2, effectiveLimit: 0)" storage="d:\07_workspace\codex\autocadbyai\ai_mechanical_engineering_agent_platform\tests\platformselfcheck.tests\bin\debug\net10.0\platformselfcheck.tests.dll" id="99c7f7ba-2025-5f9d-cc75-7947bb8b30b1">
      <Execution id="64c54813-88ce-4e12-8e6d-653825985254" />
      <TestMethod codeBase="D:\07_WorkSpace\Codex\AutoCADByAI\AI_Mechanical_Engineering_Agent_Platform\tests\PlatformSelfCheck.Tests\bin\Debug\net10.0\PlatformSelfCheck.Tests.dll" adapterTypeName="executor://xunit/VsTestRunner3/netcore/" className="PlatformSelfCheck.Tests.WorkflowReliabilityTests" name="StepRetryLimitTightensPolicyAndMatchesResultsAndAudit" />
    </UnitTest>
    <UnitTest name="PlatformSelfCheck.Tests.WorkflowReliabilityTests.ReliabilitySelfCheckExecutesAllThreeBehaviorScenarios" storage="d:\07_workspace\codex\autocadbyai\ai_mechanical_engineering_agent_platform\tests\platformselfcheck.tests\bin\debug\net10.0\platformselfcheck.tests.dll" id="2a064964-d0a5-1daa-75b8-8abbd2280b28">
      <Execution id="79ed7004-2678-4cd0-af1f-a6b91d3cc518" />
      <TestMethod codeBase="D:\07_WorkSpace\Codex\AutoCADByAI\AI_Mechanical_Engineering_Agent_Platform\tests\PlatformSelfCheck.Tests\bin\Debug\net10.0\PlatformSelfCheck.Tests.dll" adapterTypeName="executor://xunit/VsTestRunner3/netcore/" className="PlatformSelfCheck.Tests.WorkflowReliabilityTests" name="ReliabilitySelfCheckExecutesAllThreeBehaviorScenarios" />
    </UnitTest>
    <UnitTest name="PlatformSelfCheck.Tests.WorkflowReliabilityTests.StepLimitCannotOverrideNonRetryablePolicy(issue: &quot;critical unsafe geometry&quot;)" storage="d:\07_workspace\codex\autocadbyai\ai_mechanical_engineering_agent_platform\tests\platformselfcheck.tests\bin\debug\net10.0\platformselfcheck.tests.dll" id="58783c75-45ee-4297-6faa-dd65fc288f9e">
      <Execution id="96bb1f24-be2c-4e1d-a5ea-3a1488da694e" />
      <TestMethod codeBase="D:\07_WorkSpace\Codex\AutoCADByAI\AI_Mechanical_Engineering_Agent_Platform\tests\PlatformSelfCheck.Tests\bin\Debug\net10.0\PlatformSelfCheck.Tests.dll" adapterTypeName="executor://xunit/VsTestRunner3/netcore/" className="PlatformSelfCheck.Tests.WorkflowReliabilityTests" name="StepLimitCannotOverrideNonRetryablePolicy" />
    </UnitTest>
    <UnitTest name="PlatformSelfCheck.Tests.WorkflowApprovalIdentityTests.AtomicStoreAllowsOnlyOneMatchingClaimAndWrongWorkflowDoesNotConsume" storage="d:\07_workspace\codex\autocadbyai\ai_mechanical_engineering_agent_platform\tests\platformselfcheck.tests\bin\debug\net10.0\platformselfcheck.tests.dll" id="df3a6ac4-0f33-10b4-9d22-2913ab2e26c0">
      <Execution id="fe686785-fdf2-4139-858f-33d8dd1b1429" />
      <TestMethod codeBase="D:\07_WorkSpace\Codex\AutoCADByAI\AI_Mechanical_Engineering_Agent_Platform\tests\PlatformSelfCheck.Tests\bin\Debug\net10.0\PlatformSelfCheck.Tests.dll" adapterTypeName="executor://xunit/VsTestRunner3/netcore/" className="PlatformSelfCheck.Tests.WorkflowApprovalIdentityTests" name="AtomicStoreAllowsOnlyOneMatchingClaimAndWrongWorkflowDoesNotConsume" />
    </UnitTest>
    <UnitTest name="PlatformSelfCheck.Tests.WorkflowReliabilityTests.StepRetryLimitTightensPolicyAndMatchesResultsAndAudit(stepLimit: 2, policyLimit: -1, effectiveLimit: 0)" storage="d:\07_workspace\codex\autocadbyai\ai_mechanical_engineering_agent_platform\tests\platformselfcheck.tests\bin\debug\net10.0\platformselfcheck.tests.dll" id="71d21e2d-5801-aafc-fcd7-4a3b55b7a9d9">
      <Execution id="e578dd3c-df35-477d-8948-d87d29d12942" />
      <TestMethod codeBase="D:\07_WorkSpace\Codex\AutoCADByAI\AI_Mechanical_Engineering_Agent_Platform\tests\PlatformSelfCheck.Tests\bin\Debug\net10.0\PlatformSelfCheck.Tests.dll" adapterTypeName="executor://xunit/VsTestRunner3/netcore/" className="PlatformSelfCheck.Tests.WorkflowReliabilityTests" name="StepRetryLimitTightensPolicyAndMatchesResultsAndAudit" />
    </UnitTest>
    <UnitTest name="PlatformSelfCheck.Tests.WorkflowApprovalIdentityTests.MissingOrMismatchedIdentityDoesNotConsumePendingApproval(requestId: &quot;current&quot;, stepId: &quot;&quot;)" storage="d:\07_workspace\codex\autocadbyai\ai_mechanical_engineering_agent_platform\tests\platformselfcheck.tests\bin\debug\net10.0\platformselfcheck.tests.dll" id="bc0ad1ac-0edd-1d1a-313d-50681197b661">
      <Execution id="90feea2e-df5e-4f62-a392-146cb35f0bd5" />
      <TestMethod codeBase="D:\07_WorkSpace\Codex\AutoCADByAI\AI_Mechanical_Engineering_Agent_Platform\tests\PlatformSelfCheck.Tests\bin\Debug\net10.0\PlatformSelfCheck.Tests.dll" adapterTypeName="executor://xunit/VsTestRunner3/netcore/" className="PlatformSelfCheck.Tests.WorkflowApprovalIdentityTests" name="MissingOrMismatchedIdentityDoesNotConsumePendingApproval" />
    </UnitTest>
    <UnitTest name="PlatformSelfCheck.Tests.WorkflowQualityLoopTests.WorkflowEngineThrownStepGeneratesFailureReport" storage="d:\07_workspace\codex\autocadbyai\ai_mechanical_engineering_agent_platform\tests\platformselfcheck.tests\bin\debug\net10.0\platformselfcheck.tests.dll" id="092e4076-56e4-3bab-c2b4-392351ce80be">
      <Execution id="f3aad954-2622-422e-b01d-aa6903d754d7" />
      <TestMethod codeBase="D:\07_WorkSpace\Codex\AutoCADByAI\AI_Mechanical_Engineering_Agent_Platform\tests\PlatformSelfCheck.Tests\bin\Debug\net10.0\PlatformSelfCheck.Tests.dll" adapterTypeName="executor://xunit/VsTestRunner3/netcore/" className="PlatformSelfCheck.Tests.WorkflowQualityLoopTests" name="WorkflowEngineThrownStepGeneratesFailureReport" />
    </UnitTest>
    <UnitTest name="PlatformSelfCheck.Tests.InternalAgentRoutingTests.SelfCheckReportContainsInternalRoutingFields" storage="d:\07_workspace\codex\autocadbyai\ai_mechanical_engineering_agent_platform\tests\platformselfcheck.tests\bin\debug\net10.0\platformselfcheck.tests.dll" id="8dc78f9a-21d2-4f51-115f-d118a69e6c4d">
      <Execution id="17373bc3-cbfa-4259-a5f3-b3b07cacd134" />
      <TestMethod codeBase="D:\07_WorkSpace\Codex\AutoCADByAI\AI_Mechanical_Engineering_Agent_Platform\tests\PlatformSelfCheck.Tests\bin\Debug\net10.0\PlatformSelfCheck.Tests.dll" adapterTypeName="executor://xunit/VsTestRunner3/netcore/" className="PlatformSelfCheck.Tests.InternalAgentRoutingTests" name="SelfCheckReportContainsInternalRoutingFields" />
    </UnitTest>
    <UnitTest name="PlatformSelfCheck.Tests.WorkflowApprovalIdentityTests.CancellationAfterClaimFailsWithoutRestoringConsumableApproval" storage="d:\07_workspace\codex\autocadbyai\ai_mechanical_engineering_agent_platform\tests\platformselfcheck.tests\bin\debug\net10.0\platformselfcheck.tests.dll" id="9930694c-eb72-326c-5c1b-e8aa5621242c">
      <Execution id="88f85ce8-b4ff-436e-a75b-41a2cc0dd74a" />
      <TestMethod codeBase="D:\07_WorkSpace\Codex\AutoCADByAI\AI_Mechanical_Engineering_Agent_Platform\tests\PlatformSelfCheck.Tests\bin\Debug\net10.0\PlatformSelfCheck.Tests.dll" adapterTypeName="executor://xunit/VsTestRunner3/netcore/" className="PlatformSelfCheck.Tests.WorkflowApprovalIdentityTests" name="CancellationAfterClaimFailsWithoutRestoringConsumableApproval" />
    </UnitTest>
    <UnitTest name="PlatformSelfCheck.Tests.ApprovalCadContinuationTests.DeclinedApprovalStopsBeforeCad(decision: Reject)" storage="d:\07_workspace\codex\autocadbyai\ai_mechanical_engineering_agent_platform\tests\platformselfcheck.tests\bin\debug\net10.0\platformselfcheck.tests.dll" id="9f1edb5a-0bfd-e978-6800-3d88ca47be9e">
      <Execution id="aec64672-5943-466f-aee6-fc41c5f3bf85" />
      <TestMethod codeBase="D:\07_WorkSpace\Codex\AutoCADByAI\AI_Mechanical_Engineering_Agent_Platform\tests\PlatformSelfCheck.Tests\bin\Debug\net10.0\PlatformSelfCheck.Tests.dll" adapterTypeName="executor://xunit/VsTestRunner3/netcore/" className="PlatformSelfCheck.Tests.ApprovalCadContinuationTests" name="DeclinedApprovalStopsBeforeCad" />
    </UnitTest>
    <UnitTest name="PlatformSelfCheck.Tests.ApprovalCadContinuationTests.ApprovalRunsCadOnceAndArtifactGateDeterminesTaskResult(brokenArtifact: True)" storage="d:\07_workspace\codex\autocadbyai\ai_mechanical_engineering_agent_platform\tests\platformselfcheck.tests\bin\debug\net10.0\platformselfcheck.tests.dll" id="3448c8da-761d-7b78-e3ba-4077b0238ad9">
      <Execution id="1b07cb61-cc0f-494e-bb33-3469f8a2177c" />
      <TestMethod codeBase="D:\07_WorkSpace\Codex\AutoCADByAI\AI_Mechanical_Engineering_Agent_Platform\tests\PlatformSelfCheck.Tests\bin\Debug\net10.0\PlatformSelfCheck.Tests.dll" adapterTypeName="executor://xunit/VsTestRunner3/netcore/" className="PlatformSelfCheck.Tests.ApprovalCadContinuationTests" name="ApprovalRunsCadOnceAndArtifactGateDeterminesTaskResult" />
    </UnitTest>
    <UnitTest name="PlatformSelfCheck.Tests.WorkflowReliabilityTests.TwoApprovalBoundariesRetainAllStepAttemptsAndOrderedAudit(secondDecision: Approve)" storage="d:\07_workspace\codex\autocadbyai\ai_mechanical_engineering_agent_platform\tests\platformselfcheck.tests\bin\debug\net10.0\platformselfcheck.tests.dll" id="16892e8b-9af1-790d-219d-83692f693cbf">
      <Execution id="98138546-49d1-4965-ae85-70de1d698303" />
      <TestMethod codeBase="D:\07_WorkSpace\Codex\AutoCADByAI\AI_Mechanical_Engineering_Agent_Platform\tests\PlatformSelfCheck.Tests\bin\Debug\net10.0\PlatformSelfCheck.Tests.dll" adapterTypeName="executor://xunit/VsTestRunner3/netcore/" className="PlatformSelfCheck.Tests.WorkflowReliabilityTests" name="TwoApprovalBoundariesRetainAllStepAttemptsAndOrderedAudit" />
    </UnitTest>
    <UnitTest name="PlatformSelfCheck.Tests.WorkflowQualityLoopTests.PlatformRegistersModuleAgentsInsteadOfPlaceholderAgents" storage="d:\07_workspace\codex\autocadbyai\ai_mechanical_engineering_agent_platform\tests\platformselfcheck.tests\bin\debug\net10.0\platformselfcheck.tests.dll" id="f6038bf3-b2b9-eab3-6d3c-fa5be74ceb52">
      <Execution id="2010c551-95b0-4190-b8ef-283d6b23ebc2" />
      <TestMethod codeBase="D:\07_WorkSpace\Codex\AutoCADByAI\AI_Mechanical_Engineering_Agent_Platform\tests\PlatformSelfCheck.Tests\bin\Debug\net10.0\PlatformSelfCheck.Tests.dll" adapterTypeName="executor://xunit/VsTestRunner3/netcore/" className="PlatformSelfCheck.Tests.WorkflowQualityLoopTests" name="PlatformRegistersModuleAgentsInsteadOfPlaceholderAgents" />
    </UnitTest>
    <UnitTest name="PlatformSelfCheck.Tests.InternalAgentRoutingTests.InternalAgentRouterConvertsInternalAgentExceptionToFailedOutput" storage="d:\07_workspace\codex\autocadbyai\ai_mechanical_engineering_agent_platform\tests\platformselfcheck.tests\bin\debug\net10.0\platformselfcheck.tests.dll" id="bcbfe12b-427b-3861-e077-c7c82e930f85">
      <Execution id="aafb15b1-f68e-45a7-8fd2-e616c6edeebc" />
      <TestMethod codeBase="D:\07_WorkSpace\Codex\AutoCADByAI\AI_Mechanical_Engineering_Agent_Platform\tests\PlatformSelfCheck.Tests\bin\Debug\net10.0\PlatformSelfCheck.Tests.dll" adapterTypeName="executor://xunit/VsTestRunner3/netcore/" className="PlatformSelfCheck.Tests.InternalAgentRoutingTests" name="InternalAgentRouterConvertsInternalAgentExceptionToFailedOutput" />
    </UnitTest>
    <UnitTest name="PlatformSelfCheck.Tests.WorkflowReliabilityTests.ConcurrentDuplicateSubmissionCannotExecuteDownstreamTwice" storage="d:\07_workspace\codex\autocadbyai\ai_mechanical_engineering_agent_platform\tests\platformselfcheck.tests\bin\debug\net10.0\platformselfcheck.tests.dll" id="1df919d4-0ff3-1b5a-7e3e-9121643efe52">
      <Execution id="7adee1fd-0686-4fc1-843a-d98b2a66c05b" />
      <TestMethod codeBase="D:\07_WorkSpace\Codex\AutoCADByAI\AI_Mechanical_Engineering_Agent_Platform\tests\PlatformSelfCheck.Tests\bin\Debug\net10.0\PlatformSelfCheck.Tests.dll" adapterTypeName="executor://xunit/VsTestRunner3/netcore/" className="PlatformSelfCheck.Tests.WorkflowReliabilityTests" name="ConcurrentDuplicateSubmissionCannotExecuteDownstreamTwice" />
    </UnitTest>
    <UnitTest name="PlatformSelfCheck.Tests.WorkflowQualityLoopTests.WorkflowEngineRejectsHumanApprovalWithoutRunningDownstreamStep" storage="d:\07_workspace\codex\autocadbyai\ai_mechanical_engineering_agent_platform\tests\platformselfcheck.tests\bin\debug\net10.0\platformselfcheck.tests.dll" id="39f693c0-fdc3-ae62-2309-9638d2a5ba1e">
      <Execution id="a6395f69-4142-4816-b4fc-46520437e35e" />
      <TestMethod codeBase="D:\07_WorkSpace\Codex\AutoCADByAI\AI_Mechanical_Engineering_Agent_Platform\tests\PlatformSelfCheck.Tests\bin\Debug\net10.0\PlatformSelfCheck.Tests.dll" adapterTypeName="executor://xunit/VsTestRunner3/netcore/" className="PlatformSelfCheck.Tests.WorkflowQualityLoopTests" name="WorkflowEngineRejectsHumanApprovalWithoutRunningDownstreamStep" />
    </UnitTest>
    <UnitTest name="PlatformSelfCheck.Tests.InternalAgentRoutingTests.QualityGateCanEvaluateCollaborationReportOutput" storage="d:\07_workspace\codex\autocadbyai\ai_mechanical_engineering_agent_platform\tests\platformselfcheck.tests\bin\debug\net10.0\platformselfcheck.tests.dll" id="555c3500-8589-73ac-4392-b89e02f2bf35">
      <Execution id="2fa6e534-6af7-4ae4-9d39-466a6779aaae" />
      <TestMethod codeBase="D:\07_WorkSpace\Codex\AutoCADByAI\AI_Mechanical_Engineering_Agent_Platform\tests\PlatformSelfCheck.Tests\bin\Debug\net10.0\PlatformSelfCheck.Tests.dll" adapterTypeName="executor://xunit/VsTestRunner3/netcore/" className="PlatformSelfCheck.Tests.InternalAgentRoutingTests" name="QualityGateCanEvaluateCollaborationReportOutput" />
    </UnitTest>
  </TestDefinitions>
  <TestEntries>
    <TestEntry testId="58783c75-45ee-4297-6faa-dd65fc288f9e" executionId="96bb1f24-be2c-4e1d-a5ea-3a1488da694e" testListId="8c84fa94-04c1-424b-9868-57a2d4851a1d" />
    <TestEntry testId="2b27e8f0-a0f0-e71f-d969-865806655a0e" executionId="689116ef-0ed5-4e51-b0fd-6e4dae8f5724" testListId="8c84fa94-04c1-424b-9868-57a2d4851a1d" />
    <TestEntry testId="9930694c-eb72-326c-5c1b-e8aa5621242c" executionId="88f85ce8-b4ff-436e-a75b-41a2cc0dd74a" testListId="8c84fa94-04c1-424b-9868-57a2d4851a1d" />
    <TestEntry testId="99c7f7ba-2025-5f9d-cc75-7947bb8b30b1" executionId="64c54813-88ce-4e12-8e6d-653825985254" testListId="8c84fa94-04c1-424b-9868-57a2d4851a1d" />
    <TestEntry testId="71d21e2d-5801-aafc-fcd7-4a3b55b7a9d9" executionId="e578dd3c-df35-477d-8948-d87d29d12942" testListId="8c84fa94-04c1-424b-9868-57a2d4851a1d" />
    <TestEntry testId="cbfc4038-b640-c80f-b66f-a69b6e232c52" executionId="2be93d01-8666-4997-adfb-6b30ac4a0db0" testListId="8c84fa94-04c1-424b-9868-57a2d4851a1d" />
    <TestEntry testId="d7682429-6cb5-8c85-3cf9-18d89d19b7e0" executionId="b9176d1a-7ee7-44f0-bd04-f1d271aa04e0" testListId="8c84fa94-04c1-424b-9868-57a2d4851a1d" />
    <TestEntry testId="a62333e2-2625-b0fe-1303-3f232a2c64c8" executionId="afc7cbca-90c0-44c2-aa7d-65d567bbbcce" testListId="8c84fa94-04c1-424b-9868-57a2d4851a1d" />
    <TestEntry testId="3448c8da-761d-7b78-e3ba-4077b0238ad9" executionId="1b07cb61-cc0f-494e-bb33-3469f8a2177c" testListId="8c84fa94-04c1-424b-9868-57a2d4851a1d" />
    <TestEntry testId="bcbfe12b-427b-3861-e077-c7c82e930f85" executionId="aafb15b1-f68e-45a7-8fd2-e616c6edeebc" testListId="8c84fa94-04c1-424b-9868-57a2d4851a1d" />
    <TestEntry testId="39f693c0-fdc3-ae62-2309-9638d2a5ba1e" executionId="a6395f69-4142-4816-b4fc-46520437e35e" testListId="8c84fa94-04c1-424b-9868-57a2d4851a1d" />
    <TestEntry testId="9c5513be-092d-0dbd-a882-56360a8df84e" executionId="9e9ae0e9-6329-4017-ac78-d44545b5cad2" testListId="8c84fa94-04c1-424b-9868-57a2d4851a1d" />
    <TestEntry testId="a2570af4-7c4f-ecf0-ab7d-39a0011d3eb5" executionId="aad3a855-bbe2-45e4-a7fc-c6f2155308fb" testListId="8c84fa94-04c1-424b-9868-57a2d4851a1d" />
    <TestEntry testId="ea375bee-2416-2656-b305-a747d8d0f6b6" executionId="26a7d765-4a4e-4266-b95d-047a84b8d79b" testListId="8c84fa94-04c1-424b-9868-57a2d4851a1d" />
    <TestEntry testId="8ff1e917-2d12-b473-0535-30b418e404fb" executionId="91fd4c84-83bb-434a-9701-8f50bd03221b" testListId="8c84fa94-04c1-424b-9868-57a2d4851a1d" />
    <TestEntry testId="1ed9d6c2-57cc-c2f8-a247-ef7f79b00a3e" executionId="42fdb619-aac2-4d6b-836d-241350ed399d" testListId="8c84fa94-04c1-424b-9868-57a2d4851a1d" />
    <TestEntry testId="1df919d4-0ff3-1b5a-7e3e-9121643efe52" executionId="7adee1fd-0686-4fc1-843a-d98b2a66c05b" testListId="8c84fa94-04c1-424b-9868-57a2d4851a1d" />
    <TestEntry testId="01f02fde-e992-b448-fe04-6847c1adec72" executionId="ec56fc25-38f3-40a7-945e-a0c70699deec" testListId="8c84fa94-04c1-424b-9868-57a2d4851a1d" />
    <TestEntry testId="9f1edb5a-0bfd-e978-6800-3d88ca47be9e" executionId="aec64672-5943-466f-aee6-fc41c5f3bf85" testListId="8c84fa94-04c1-424b-9868-57a2d4851a1d" />
    <TestEntry testId="0422bc5e-da7d-ccfa-6e01-8044c3d9a970" executionId="437c1d0c-5a92-483e-9b49-6953532255a7" testListId="8c84fa94-04c1-424b-9868-57a2d4851a1d" />
    <TestEntry testId="8dc78f9a-21d2-4f51-115f-d118a69e6c4d" executionId="17373bc3-cbfa-4259-a5f3-b3b07cacd134" testListId="8c84fa94-04c1-424b-9868-57a2d4851a1d" />
    <TestEntry testId="d55af637-40f7-b5eb-8561-1d9220505240" executionId="42aa6bca-99e5-42ec-9c29-2ff5fd174953" testListId="8c84fa94-04c1-424b-9868-57a2d4851a1d" />
    <TestEntry testId="0b4e358e-aeb2-ac51-a0d3-b475b43e83fb" executionId="6eb7585e-f89d-4d8a-8055-233aa6bf4c30" testListId="8c84fa94-04c1-424b-9868-57a2d4851a1d" />
    <TestEntry testId="2de6d0f1-e764-ad81-ba09-be7c59f6b1cb" executionId="fd6e2d2f-b3d0-4612-8f9e-3ac44022bb34" testListId="8c84fa94-04c1-424b-9868-57a2d4851a1d" />
    <TestEntry testId="a2ed01bd-88a5-f515-4b65-7b0f623f88a3" executionId="dc16d302-204e-41d9-b27c-29ebff73e3e9" testListId="8c84fa94-04c1-424b-9868-57a2d4851a1d" />
    <TestEntry testId="2d3a23c8-4eaf-a129-da82-f61e2f94116a" executionId="9f9b0034-3fb8-4195-b85a-3691c7e507c8" testListId="8c84fa94-04c1-424b-9868-57a2d4851a1d" />
    <TestEntry testId="092e4076-56e4-3bab-c2b4-392351ce80be" executionId="f3aad954-2622-422e-b01d-aa6903d754d7" testListId="8c84fa94-04c1-424b-9868-57a2d4851a1d" />
    <TestEntry testId="16892e8b-9af1-790d-219d-83692f693cbf" executionId="98138546-49d1-4965-ae85-70de1d698303" testListId="8c84fa94-04c1-424b-9868-57a2d4851a1d" />
    <TestEntry testId="4cc7c32b-d6d8-acdb-6127-c659a909a759" executionId="765028b4-0146-4829-ba33-7c27b04e0d99" testListId="8c84fa94-04c1-424b-9868-57a2d4851a1d" />
    <TestEntry testId="ac6400b3-6355-7553-49d2-fefb6bd874d8" executionId="805f1559-a45a-486d-b12a-81b9e1cb6f09" testListId="8c84fa94-04c1-424b-9868-57a2d4851a1d" />
    <TestEntry testId="9766e500-0f12-4322-3386-faa3a4a4a0d5" executionId="a90ee353-4458-48c7-9000-6a949c2bf56b" testListId="8c84fa94-04c1-424b-9868-57a2d4851a1d" />
    <TestEntry testId="c299e09c-dd9f-7c0e-9de3-6f12c2b45f80" executionId="b3fa8861-8d59-49bb-8f63-90c13616af52" testListId="8c84fa94-04c1-424b-9868-57a2d4851a1d" />
    <TestEntry testId="3fb8f385-12eb-500d-ee7a-8dd0dbf5583e" executionId="86c419c6-a328-4457-883f-6a6d8197eaeb" testListId="8c84fa94-04c1-424b-9868-57a2d4851a1d" />
    <TestEntry testId="3cc6f66b-6919-fd0c-5762-67308004708e" executionId="3fadc480-b58e-4dc4-89bf-b563f7c9ea4a" testListId="8c84fa94-04c1-424b-9868-57a2d4851a1d" />
    <TestEntry testId="93c6e7c7-ab75-4380-4353-a291d0a076d2" executionId="144c5c5f-098e-49d7-8c56-ae4e301ee0ef" testListId="8c84fa94-04c1-424b-9868-57a2d4851a1d" />
    <TestEntry testId="8ac3682b-7364-9115-386c-40cd8d2cd75a" executionId="803f0e2d-a05b-4b5e-9d66-f5506d2754bd" testListId="8c84fa94-04c1-424b-9868-57a2d4851a1d" />
    <TestEntry testId="fb1c1d76-91b3-2959-6eeb-0a14b3e264d2" executionId="d0a240f8-9364-496e-843f-bf7890c432ce" testListId="8c84fa94-04c1-424b-9868-57a2d4851a1d" />
    <TestEntry testId="07516bc8-f9d3-b4ed-b61a-ab3a69856bba" executionId="6e2803e9-e1ef-4098-8ebb-e5fa933d87bc" testListId="8c84fa94-04c1-424b-9868-57a2d4851a1d" />
    <TestEntry testId="f2182849-1049-daed-4b87-c1ac4bd2e773" executionId="af3e4906-6793-45e9-b7f3-85781905bc5a" testListId="8c84fa94-04c1-424b-9868-57a2d4851a1d" />
    <TestEntry testId="0dbf0707-3a08-8325-fa63-4e953b44ba16" executionId="8f3ace82-1fb6-479a-8bcc-523d8804580d" testListId="8c84fa94-04c1-424b-9868-57a2d4851a1d" />
    <TestEntry testId="f94b18d6-1cf8-49bb-1528-4dba75912ab6" executionId="382efd0f-1794-40f2-924b-6e6a908479c6" testListId="8c84fa94-04c1-424b-9868-57a2d4851a1d" />
    <TestEntry testId="8b10394a-4016-3a79-8b28-56f3ecee2f52" executionId="24cd172c-03c5-4388-a5db-18504d9314c8" testListId="8c84fa94-04c1-424b-9868-57a2d4851a1d" />
    <TestEntry testId="42529330-1350-d522-8d8b-3eb7b679e083" executionId="fff0ee14-2786-4460-bc2f-1bd5bdb7332d" testListId="8c84fa94-04c1-424b-9868-57a2d4851a1d" />
    <TestEntry testId="db285d96-416e-dd07-51b0-c273f11ae986" executionId="6acedbfe-7983-469d-b5ad-3f67ddbca82f" testListId="8c84fa94-04c1-424b-9868-57a2d4851a1d" />
    <TestEntry testId="72f8e363-ee2b-1884-cbbe-049d4ef9081c" executionId="4f0f882d-1e7f-4f09-95a9-f8153d838423" testListId="8c84fa94-04c1-424b-9868-57a2d4851a1d" />
    <TestEntry testId="f6038bf3-b2b9-eab3-6d3c-fa5be74ceb52" executionId="2010c551-95b0-4190-b8ef-283d6b23ebc2" testListId="8c84fa94-04c1-424b-9868-57a2d4851a1d" />
    <TestEntry testId="4fc6dd8f-13f9-1960-f881-3bad109c81cc" executionId="7bd11c8e-f5af-4933-a413-3f59a1df1ae3" testListId="8c84fa94-04c1-424b-9868-57a2d4851a1d" />
    <TestEntry testId="bc0ad1ac-0edd-1d1a-313d-50681197b661" executionId="90feea2e-df5e-4f62-a392-146cb35f0bd5" testListId="8c84fa94-04c1-424b-9868-57a2d4851a1d" />
    <TestEntry testId="555c3500-8589-73ac-4392-b89e02f2bf35" executionId="2fa6e534-6af7-4ae4-9d39-466a6779aaae" testListId="8c84fa94-04c1-424b-9868-57a2d4851a1d" />
    <TestEntry testId="9566270c-4518-7da6-bf25-20f1cdb6f238" executionId="16f8e17e-399f-45b9-9842-95c5387d3e1d" testListId="8c84fa94-04c1-424b-9868-57a2d4851a1d" />
    <TestEntry testId="64bc81ae-096e-45fc-9dfd-09426a835f09" executionId="80f0445e-c100-46b1-82df-cf8594bcb75c" testListId="8c84fa94-04c1-424b-9868-57a2d4851a1d" />
    <TestEntry testId="de855a38-98a7-ed64-0c2d-be510aa09e98" executionId="21ab4499-0f70-489e-936f-f53574524d87" testListId="8c84fa94-04c1-424b-9868-57a2d4851a1d" />
    <TestEntry testId="cdecb5c5-1c88-3716-1cc1-8e9001a335ac" executionId="b1153704-a5ac-487b-b545-e841d9b194c9" testListId="8c84fa94-04c1-424b-9868-57a2d4851a1d" />
    <TestEntry testId="fbc9eabd-3e71-36dd-e9f5-ad8a51354903" executionId="6c3d8fc4-5689-4f35-aac1-69693677f5c4" testListId="8c84fa94-04c1-424b-9868-57a2d4851a1d" />
    <TestEntry testId="df3a6ac4-0f33-10b4-9d22-2913ab2e26c0" executionId="fe686785-fdf2-4139-858f-33d8dd1b1429" testListId="8c84fa94-04c1-424b-9868-57a2d4851a1d" />
    <TestEntry testId="ef6d291b-4d68-e338-5edb-3d60f0065bd8" executionId="e056bc76-9040-4679-8025-7d910ddac6b6" testListId="8c84fa94-04c1-424b-9868-57a2d4851a1d" />
    <TestEntry testId="c34d04ab-bb4a-17d5-ed2f-45ba9ff4ae45" executionId="8b579a83-aedc-4a87-9d7e-7a15b70d03eb" testListId="8c84fa94-04c1-424b-9868-57a2d4851a1d" />
    <TestEntry testId="532d7f8f-3a80-b451-8870-b45054f5965f" executionId="309265a5-12ce-449c-956c-a6502f8acc16" testListId="8c84fa94-04c1-424b-9868-57a2d4851a1d" />
    <TestEntry testId="fa3bbc2b-3d3c-a114-953b-ccb5c4bc7d60" executionId="a1d240d4-6ffc-4aa2-8166-c8d9bbbe09e3" testListId="8c84fa94-04c1-424b-9868-57a2d4851a1d" />
    <TestEntry testId="2a064964-d0a5-1daa-75b8-8abbd2280b28" executionId="79ed7004-2678-4cd0-af1f-a6b91d3cc518" testListId="8c84fa94-04c1-424b-9868-57a2d4851a1d" />
    <TestEntry testId="377b6497-6401-9a40-bfac-81ea30c3be8e" executionId="ec5f52eb-9b06-4523-88a6-26da57d7e3b6" testListId="8c84fa94-04c1-424b-9868-57a2d4851a1d" />
  </TestEntries>
  <TestLists>
    <TestList name="列表中未列出的结果" id="8c84fa94-04c1-424b-9868-57a2d4851a1d" />
    <TestList name="所有已加载的结果" id="19431567-8539-422a-85d7-44ee4e166bda" />
  </TestLists>
  <ResultSummary outcome="Completed">
    <Counters total="61" executed="61" passed="61" failed="0" error="0" timeout="0" aborted="0" inconclusive="0" passedButRunAborted="0" notRunnable="0" notExecuted="0" disconnected="0" warning="0" completed="0" inProgress="0" pending="0" />
    <Output>
      <StdOut>[xUnit.net 00:00:00.00] xUnit.net VSTest Adapter v3.1.4+50e68bbb8b (64-bit .NET 10.0.11)&#xD;
[xUnit.net 00:00:00.54]   Discovering: PlatformSelfCheck.Tests&#xD;
[xUnit.net 00:00:00.61]   Discovered:  PlatformSelfCheck.Tests&#xD;
[xUnit.net 00:00:00.64]   Starting:    PlatformSelfCheck.Tests&#xD;
[xUnit.net 00:00:08.55]   Finished:    PlatformSelfCheck.Tests&#xD;
</StdOut>
    </Output>
  </ResultSummary>
</TestRun>