<?xml version="1.0" encoding="utf-8"?>
<TestRun id="a41d95b4-cfc5-462f-912f-b6341a66d519" name="LEEYS@LEEIISSS187 2026-09-09 15:35:21" runUser="LEEIISSS187\LEEYS" xmlns="http://microsoft.com/schemas/VisualStudio/TeamTest/2010">
  <Times creation="2026-09-09T15:35:21.3382259+08:00" queuing="2026-09-09T15:35:21.3382264+08:00" start="2026-09-09T15:35:20.2931635+08:00" finish="2026-09-09T15:35:21.3711919+08:00" />
  <TestSettings name="default" id="be6c7e45-30ca-48d2-b3de-5bef11c877fb">
    <Deployment runDeploymentRoot="LEEYS_LEEIISSS187_2026-09-09_15_35_21" />
  </TestSettings>
  <Results>
    <UnitTestResult executionId="4cae9d81-43db-47eb-a53d-d767a74df671" testId="10f2252d-504b-b8dc-327d-1002a7791cfd" testName="PlatformSelfCheck.Tests.PatternSemanticsTests.SingleSeedReferenceEstablishesDependencyWithoutDuplicateDeclaration" computerName="LEEIISSS187" duration="00:00:00.0026928" startTime="2026-09-09T15:35:21.3227190+08:00" endTime="2026-09-09T15:35:21.3234422+08:00" testType="13cdc9d9-ddb5-4fa4-a97d-d965ccfc6d4b" outcome="Passed" testListId="8c84fa94-04c1-424b-9868-57a2d4851a1d" relativeResultsDirectory="4cae9d81-43db-47eb-a53d-d767a74df671" />
    <UnitTestResult executionId="5a585fb7-00a6-401f-bb2f-409618354a18" testId="8f9956e2-fe32-3fee-5033-7af94ecd5973" testName="PlatformSelfCheck.Tests.PatternSemanticsTests.PatternRequiresExactlyOneMatchingReferencedFeature(shape: 1)" computerName="LEEIISSS187" duration="00:00:00.0001705" startTime="2026-09-09T15:35:21.2965559+08:00" endTime="2026-09-09T15:35:21.2965742+08:00" testType="13cdc9d9-ddb5-4fa4-a97d-d965ccfc6d4b" outcome="Passed" testListId="8c84fa94-04c1-424b-9868-57a2d4851a1d" relativeResultsDirectory="5a585fb7-00a6-401f-bb2f-409618354a18" />
    <UnitTestResult executionId="974eb6df-2348-485e-b3e7-1a4ed1862600" testId="deb9ae34-cd2b-b81f-560a-c0e66aa91040" testName="PlatformSelfCheck.Tests.PatternSemanticsTests.PatternRejectsEmptyOrMultipleSeeds(seed: &quot;,seed&quot;)" computerName="LEEIISSS187" duration="00:00:00.0000064" startTime="2026-09-09T15:35:21.3175547+08:00" endTime="2026-09-09T15:35:21.3175710+08:00" testType="13cdc9d9-ddb5-4fa4-a97d-d965ccfc6d4b" outcome="Passed" testListId="8c84fa94-04c1-424b-9868-57a2d4851a1d" relativeResultsDirectory="974eb6df-2348-485e-b3e7-1a4ed1862600" />
    <UnitTestResult executionId="4f13295a-2978-4db4-bdaa-95a5c1c66fec" testId="cdd190d9-66a3-a22d-698c-9b7cd611b880" testName="PlatformSelfCheck.Tests.PatternSemanticsTests.BothHandlersAcceptSignedPrincipalDirections(direction: &quot;-x&quot;)" computerName="LEEIISSS187" duration="00:00:00.0000167" startTime="2026-09-09T15:35:21.3215996+08:00" endTime="2026-09-09T15:35:21.3216174+08:00" testType="13cdc9d9-ddb5-4fa4-a97d-d965ccfc6d4b" outcome="Passed" testListId="8c84fa94-04c1-424b-9868-57a2d4851a1d" relativeResultsDirectory="4f13295a-2978-4db4-bdaa-95a5c1c66fec" />
    <UnitTestResult executionId="dad778a2-4413-4e30-ba2c-edde8699762e" testId="73191875-8951-852e-4646-7226c46a6da0" testName="PlatformSelfCheck.Tests.PatternSemanticsTests.PatternRejectsEmptyOrMultipleSeeds(seed: &quot;seed,other&quot;)" computerName="LEEIISSS187" duration="00:00:00.0002319" startTime="2026-09-09T15:35:21.3173029+08:00" endTime="2026-09-09T15:35:21.3173237+08:00" testType="13cdc9d9-ddb5-4fa4-a97d-d965ccfc6d4b" outcome="Passed" testListId="8c84fa94-04c1-424b-9868-57a2d4851a1d" relativeResultsDirectory="dad778a2-4413-4e30-ba2c-edde8699762e" />
    <UnitTestResult executionId="beee62e0-7716-43d5-ac1b-18067cc45b3c" testId="23f10ad3-1c7d-0c36-f1c7-c3a9f6464a54" testName="PlatformSelfCheck.Tests.PatternSemanticsTests.SignedDotResolvesOppositeMeasuredDirections(measuredX: -1, declared: &quot;-x&quot;, expectedFlip: False)" computerName="LEEIISSS187" duration="00:00:00.0000015" startTime="2026-09-09T15:35:21.2960108+08:00" endTime="2026-09-09T15:35:21.2960278+08:00" testType="13cdc9d9-ddb5-4fa4-a97d-d965ccfc6d4b" outcome="Passed" testListId="8c84fa94-04c1-424b-9868-57a2d4851a1d" relativeResultsDirectory="beee62e0-7716-43d5-ac1b-18067cc45b3c" />
    <UnitTestResult executionId="0de859d3-280b-4d45-b849-fdec2e09cb12" testId="2f6e5f74-38ca-d946-5bf7-bb2a9de9dae4" testName="PlatformSelfCheck.Tests.PatternSemanticsTests.UnknownAxisAndMissingMeasuredDirectionFailClosed" computerName="LEEIISSS187" duration="00:00:00.0000727" startTime="2026-09-09T15:35:21.3218527+08:00" endTime="2026-09-09T15:35:21.3218710+08:00" testType="13cdc9d9-ddb5-4fa4-a97d-d965ccfc6d4b" outcome="Passed" testListId="8c84fa94-04c1-424b-9868-57a2d4851a1d" relativeResultsDirectory="0de859d3-280b-4d45-b849-fdec2e09cb12" />
    <UnitTestResult executionId="612b33bd-ac55-4049-a423-7f53060b5aa1" testId="023964ed-0d7a-25d9-cb1e-7fc29b8d9c01" testName="PlatformSelfCheck.Tests.PatternSemanticsTests.CircularPatternRejectsMissingOrOffsetAxisPosition(selection: &quot;{\&quot;kind\&quot;:\&quot;circle\&quot;,\&quot;anchor_x_mm\&quot;:20,\&quot;anchor_z&quot;···)" computerName="LEEIISSS187" duration="00:00:00.0002217" startTime="2026-09-09T15:35:21.3219110+08:00" endTime="2026-09-09T15:35:21.3219729+08:00" testType="13cdc9d9-ddb5-4fa4-a97d-d965ccfc6d4b" outcome="Passed" testListId="8c84fa94-04c1-424b-9868-57a2d4851a1d" relativeResultsDirectory="612b33bd-ac55-4049-a423-7f53060b5aa1" />
    <UnitTestResult executionId="7d0b2de5-f6ca-4b42-a3a4-572ae674b262" testId="5d5045fa-33e4-323b-3761-e56681c42b69" testName="PlatformSelfCheck.Tests.PatternSemanticsTests.InvalidOrNonparallelMeasuredDirectionFailsClosed(x: ∞, y: 0, z: 0)" computerName="LEEIISSS187" duration="00:00:00.0000037" startTime="2026-09-09T15:35:21.3237340+08:00" endTime="2026-09-09T15:35:21.3239858+08:00" testType="13cdc9d9-ddb5-4fa4-a97d-d965ccfc6d4b" outcome="Passed" testListId="8c84fa94-04c1-424b-9868-57a2d4851a1d" relativeResultsDirectory="7d0b2de5-f6ca-4b42-a3a4-572ae674b262" />
    <UnitTestResult executionId="68592fcc-a5d9-4380-b5e1-4f1d718f9b47" testId="717de8cb-6f11-fb0d-c462-69b0eb660a5a" testName="PlatformSelfCheck.Tests.PatternSemanticsTests.CircularAxisRequiresOnlyTwoTransverseCoordinatesAndVerifiesMeasuredCoaxiality" computerName="LEEIISSS187" duration="00:00:00.0004038" startTime="2026-09-09T15:35:21.3253582+08:00" endTime="2026-09-09T15:35:21.3256765+08:00" testType="13cdc9d9-ddb5-4fa4-a97d-d965ccfc6d4b" outcome="Passed" testListId="8c84fa94-04c1-424b-9868-57a2d4851a1d" relativeResultsDirectory="68592fcc-a5d9-4380-b5e1-4f1d718f9b47" />
    <UnitTestResult executionId="005a799c-fc08-4527-b4c4-723553addc64" testId="b2c6ec32-a68f-cb26-0530-4d0643de8210" testName="PlatformSelfCheck.Tests.PatternSemanticsTests.PatternRejectsEmptyOrMultipleSeeds(seed: &quot; &quot;)" computerName="LEEIISSS187" duration="00:00:00.0000103" startTime="2026-09-09T15:35:21.3174173+08:00" endTime="2026-09-09T15:35:21.3174358+08:00" testType="13cdc9d9-ddb5-4fa4-a97d-d965ccfc6d4b" outcome="Passed" testListId="8c84fa94-04c1-424b-9868-57a2d4851a1d" relativeResultsDirectory="005a799c-fc08-4527-b4c4-723553addc64" />
    <UnitTestResult executionId="818bd3ce-3231-4d89-a3fa-9da92a00c939" testId="a8df1477-15ed-6b4a-2c23-5e31ee672bac" testName="PlatformSelfCheck.Tests.PatternSemanticsTests.BothHandlersAcceptSignedPrincipalDirections(direction: &quot;-z&quot;)" computerName="LEEIISSS187" duration="00:00:00.0000133" startTime="2026-09-09T15:35:21.3216956+08:00" endTime="2026-09-09T15:35:21.3217128+08:00" testType="13cdc9d9-ddb5-4fa4-a97d-d965ccfc6d4b" outcome="Passed" testListId="8c84fa94-04c1-424b-9868-57a2d4851a1d" relativeResultsDirectory="818bd3ce-3231-4d89-a3fa-9da92a00c939" />
    <UnitTestResult executionId="1f5fb726-d69f-4368-b9ff-59b63b71484d" testId="08706e05-c74a-e894-ef88-19e94044c1f4" testName="PlatformSelfCheck.Tests.PatternSemanticsTests.PatternRejectsEmptyOrMultipleSeeds(seed: &quot;&quot;)" computerName="LEEIISSS187" duration="00:00:00.0001429" startTime="2026-09-09T15:35:21.3173691+08:00" endTime="2026-09-09T15:35:21.3173873+08:00" testType="13cdc9d9-ddb5-4fa4-a97d-d965ccfc6d4b" outcome="Passed" testListId="8c84fa94-04c1-424b-9868-57a2d4851a1d" relativeResultsDirectory="1f5fb726-d69f-4368-b9ff-59b63b71484d" />
    <UnitTestResult executionId="86421041-aed3-4e3b-86d5-06e41e5d85a0" testId="3f7b17b3-8a76-13f8-49ce-8dab69e2e256" testName="PlatformSelfCheck.Tests.PatternSemanticsTests.InvalidOrNonparallelMeasuredDirectionFailsClosed(x: 1, y: 1, z: 0)" computerName="LEEIISSS187" duration="00:00:00.0000022" startTime="2026-09-09T15:35:21.3241113+08:00" endTime="2026-09-09T15:35:21.3241435+08:00" testType="13cdc9d9-ddb5-4fa4-a97d-d965ccfc6d4b" outcome="Passed" testListId="8c84fa94-04c1-424b-9868-57a2d4851a1d" relativeResultsDirectory="86421041-aed3-4e3b-86d5-06e41e5d85a0" />
    <UnitTestResult executionId="ebdda3e6-c9d6-42fd-a2b5-d66be61dd3cf" testId="40d5f681-7dad-b7be-157f-d8d5a89c555d" testName="PlatformSelfCheck.Tests.PatternSemanticsTests.SignedDotResolvesOppositeMeasuredDirections(measuredX: 1, declared: &quot;x&quot;, expectedFlip: False)" computerName="LEEIISSS187" duration="00:00:00.0000056" startTime="2026-09-09T15:35:21.2958402+08:00" endTime="2026-09-09T15:35:21.2958628+08:00" testType="13cdc9d9-ddb5-4fa4-a97d-d965ccfc6d4b" outcome="Passed" testListId="8c84fa94-04c1-424b-9868-57a2d4851a1d" relativeResultsDirectory="ebdda3e6-c9d6-42fd-a2b5-d66be61dd3cf" />
    <UnitTestResult executionId="3d146cbd-4f8d-489b-9df6-efa43cdf3120" testId="cac6a8ab-fbb3-9685-a925-34386d440698" testName="PlatformSelfCheck.Tests.PatternSemanticsTests.BothHandlersAcceptSignedPrincipalDirections(direction: &quot;z&quot;)" computerName="LEEIISSS187" duration="00:00:00.0000188" startTime="2026-09-09T15:35:21.3215439+08:00" endTime="2026-09-09T15:35:21.3215645+08:00" testType="13cdc9d9-ddb5-4fa4-a97d-d965ccfc6d4b" outcome="Passed" testListId="8c84fa94-04c1-424b-9868-57a2d4851a1d" relativeResultsDirectory="3d146cbd-4f8d-489b-9df6-efa43cdf3120" />
    <UnitTestResult executionId="6a6d8177-58c5-4471-88c4-661549038dea" testId="9124c453-2ed5-e6cd-5dfc-dcbcb9d6d798" testName="PlatformSelfCheck.Tests.PatternSemanticsTests.BothHandlersAcceptSignedPrincipalDirections(direction: &quot;-y&quot;)" computerName="LEEIISSS187" duration="00:00:00.0259968" startTime="2026-09-09T15:35:21.3176111+08:00" endTime="2026-09-09T15:35:21.3196557+08:00" testType="13cdc9d9-ddb5-4fa4-a97d-d965ccfc6d4b" outcome="Passed" testListId="8c84fa94-04c1-424b-9868-57a2d4851a1d" relativeResultsDirectory="6a6d8177-58c5-4471-88c4-661549038dea" />
    <UnitTestResult executionId="0a76146d-b30e-4d31-9471-5d1c9ec04f8a" testId="b1ef11b3-9fb5-3d9f-076c-059c18b5b99a" testName="PlatformSelfCheck.Tests.PatternSemanticsTests.SignedDotResolvesOppositeMeasuredDirections(measuredX: 1.0000000000000001E+300, declared: &quot;+x&quot;, expectedFlip: False)" computerName="LEEIISSS187" duration="00:00:00.0000017" startTime="2026-09-09T15:35:21.2959628+08:00" endTime="2026-09-09T15:35:21.2959803+08:00" testType="13cdc9d9-ddb5-4fa4-a97d-d965ccfc6d4b" outcome="Passed" testListId="8c84fa94-04c1-424b-9868-57a2d4851a1d" relativeResultsDirectory="0a76146d-b30e-4d31-9471-5d1c9ec04f8a" />
    <UnitTestResult executionId="dc59c3f8-eb92-4bcb-8383-583a44be280e" testId="c1354363-1668-e539-0624-59d1dcd10755" testName="PlatformSelfCheck.Tests.PatternSemanticsTests.PatternRequiresExactlyOneMatchingReferencedFeature(shape: 2)" computerName="LEEIISSS187" duration="00:00:00.0034561" startTime="2026-09-09T15:35:21.2964946+08:00" endTime="2026-09-09T15:35:21.2965152+08:00" testType="13cdc9d9-ddb5-4fa4-a97d-d965ccfc6d4b" outcome="Passed" testListId="8c84fa94-04c1-424b-9868-57a2d4851a1d" relativeResultsDirectory="dc59c3f8-eb92-4bcb-8383-583a44be280e" />
    <UnitTestResult executionId="c9de5ec8-d442-426f-b609-80d33761107b" testId="e347d15e-0259-a9cf-ce78-4a761cb8c48e" testName="PlatformSelfCheck.Tests.PatternSemanticsTests.PatternRejectsEmptyOrMultipleSeeds(seed: &quot;seed;other&quot;)" computerName="LEEIISSS187" duration="00:00:00.0000081" startTime="2026-09-09T15:35:21.3174636+08:00" endTime="2026-09-09T15:35:21.3174797+08:00" testType="13cdc9d9-ddb5-4fa4-a97d-d965ccfc6d4b" outcome="Passed" testListId="8c84fa94-04c1-424b-9868-57a2d4851a1d" relativeResultsDirectory="c9de5ec8-d442-426f-b609-80d33761107b" />
    <UnitTestResult executionId="fd89261c-e2e8-4234-ad1f-b9b6d074cba7" testId="c8e6e58c-b8b7-d30a-16dc-58a01ad394b6" testName="PlatformSelfCheck.Tests.PatternSemanticsTests.CircularPatternRejectsMissingOrOffsetAxisPosition(selection: &quot;{\&quot;kind\&quot;:\&quot;circle\&quot;,\&quot;radius_mm\&quot;:5}&quot;)" computerName="LEEIISSS187" duration="00:00:00.0001803" startTime="2026-09-09T15:35:21.3226526+08:00" endTime="2026-09-09T15:35:21.3226708+08:00" testType="13cdc9d9-ddb5-4fa4-a97d-d965ccfc6d4b" outcome="Passed" testListId="8c84fa94-04c1-424b-9868-57a2d4851a1d" relativeResultsDirectory="fd89261c-e2e8-4234-ad1f-b9b6d074cba7" />
    <UnitTestResult executionId="ac5c8edd-f8d3-446c-a1a6-2c3059c701c6" testId="ca37a1e6-44dd-5d68-fd61-c6de4a10151e" testName="PlatformSelfCheck.Tests.PatternSemanticsTests.BothHandlersAcceptSignedPrincipalDirections(direction: &quot;+z&quot;)" computerName="LEEIISSS187" duration="00:00:00.0000147" startTime="2026-09-09T15:35:21.3217879+08:00" endTime="2026-09-09T15:35:21.3218053+08:00" testType="13cdc9d9-ddb5-4fa4-a97d-d965ccfc6d4b" outcome="Passed" testListId="8c84fa94-04c1-424b-9868-57a2d4851a1d" relativeResultsDirectory="ac5c8edd-f8d3-446c-a1a6-2c3059c701c6" />
    <UnitTestResult executionId="61775fb1-ecbd-458b-be02-ef9e3f35cfe2" testId="47be21c9-15c2-98bd-d85d-92248d7262f1" testName="PlatformSelfCheck.Tests.PatternSemanticsTests.CircularPatternRejectsMissingOrOffsetAxisPosition(selection: &quot;{\&quot;kind\&quot;:\&quot;circle\&quot;,\&quot;anchor_x_mm\&quot;:0}&quot;)" computerName="LEEIISSS187" duration="00:00:00.0001048" startTime="2026-09-09T15:35:21.3225700+08:00" endTime="2026-09-09T15:35:21.3226012+08:00" testType="13cdc9d9-ddb5-4fa4-a97d-d965ccfc6d4b" outcome="Passed" testListId="8c84fa94-04c1-424b-9868-57a2d4851a1d" relativeResultsDirectory="61775fb1-ecbd-458b-be02-ef9e3f35cfe2" />
    <UnitTestResult executionId="3e4e1522-ac9c-4a2c-8193-e83062816b57" testId="4510c0b3-9b33-2bc2-67c8-342452ffffed" testName="PlatformSelfCheck.Tests.PatternSemanticsTests.NonfinitePositionCannotPassEdgeSelectionThroughNanComparison" computerName="LEEIISSS187" duration="00:00:00.0013983" startTime="2026-09-09T15:35:21.3249321+08:00" endTime="2026-09-09T15:35:21.3252056+08:00" testType="13cdc9d9-ddb5-4fa4-a97d-d965ccfc6d4b" outcome="Passed" testListId="8c84fa94-04c1-424b-9868-57a2d4851a1d" relativeResultsDirectory="3e4e1522-ac9c-4a2c-8193-e83062816b57" />
    <UnitTestResult executionId="32cc6602-db5f-46dd-a0b0-3c42760f133f" testId="d3135baa-bc4d-66a0-f6ea-42be298ae441" testName="PlatformSelfCheck.Tests.PatternSemanticsTests.SignedDotResolvesOppositeMeasuredDirections(measuredX: 1, declared: &quot;+x&quot;, expectedFlip: False)" computerName="LEEIISSS187" duration="00:00:00.0000019" startTime="2026-09-09T15:35:21.2959094+08:00" endTime="2026-09-09T15:35:21.2959277+08:00" testType="13cdc9d9-ddb5-4fa4-a97d-d965ccfc6d4b" outcome="Passed" testListId="8c84fa94-04c1-424b-9868-57a2d4851a1d" relativeResultsDirectory="32cc6602-db5f-46dd-a0b0-3c42760f133f" />
    <UnitTestResult executionId="8c3e6a0f-08ea-4df5-b828-96f09642434f" testId="4217bae5-d643-2fed-529c-4ea886e9429b" testName="PlatformSelfCheck.Tests.PatternSemanticsTests.InvalidOrNonparallelMeasuredDirectionFailsClosed(x: 0, y: 0, z: 0)" computerName="LEEIISSS187" duration="00:00:00.0000768" startTime="2026-09-09T15:35:21.3234966+08:00" endTime="2026-09-09T15:35:21.3235181+08:00" testType="13cdc9d9-ddb5-4fa4-a97d-d965ccfc6d4b" outcome="Passed" testListId="8c84fa94-04c1-424b-9868-57a2d4851a1d" relativeResultsDirectory="8c3e6a0f-08ea-4df5-b828-96f09642434f" />
    <UnitTestResult executionId="fb643f5a-b67d-4aed-b6fc-778462909df3" testId="2c7c2870-6750-3f1e-3537-1ddec96efc69" testName="PlatformSelfCheck.Tests.PatternSemanticsTests.PatternRejectsEmptyOrMultipleSeeds(seed: &quot;seed;&quot;)" computerName="LEEIISSS187" duration="00:00:00.0000072" startTime="2026-09-09T15:35:21.3175120+08:00" endTime="2026-09-09T15:35:21.3175273+08:00" testType="13cdc9d9-ddb5-4fa4-a97d-d965ccfc6d4b" outcome="Passed" testListId="8c84fa94-04c1-424b-9868-57a2d4851a1d" relativeResultsDirectory="fb643f5a-b67d-4aed-b6fc-778462909df3" />
    <UnitTestResult executionId="8ce59433-278c-493b-ba75-66070dc4a6fe" testId="68d0b409-1128-5fca-81a4-9a3c4289d8e0" testName="PlatformSelfCheck.Tests.PatternSemanticsTests.InvalidOrNonparallelMeasuredDirectionFailsClosed(x: 0, y: 1, z: 0)" computerName="LEEIISSS187" duration="00:00:00.0000016" startTime="2026-09-09T15:35:21.3242895+08:00" endTime="2026-09-09T15:35:21.3243179+08:00" testType="13cdc9d9-ddb5-4fa4-a97d-d965ccfc6d4b" outcome="Passed" testListId="8c84fa94-04c1-424b-9868-57a2d4851a1d" relativeResultsDirectory="8ce59433-278c-493b-ba75-66070dc4a6fe" />
    <UnitTestResult executionId="57c7090e-255a-4a3c-bec5-f5227ab2d4f5" testId="ee320c5e-6dd3-3adc-7d45-f0d26122184d" testName="PlatformSelfCheck.Tests.PatternSemanticsTests.BothHandlersAcceptSignedPrincipalDirections(direction: &quot;+y&quot;)" computerName="LEEIISSS187" duration="00:00:00.0001633" startTime="2026-09-09T15:35:21.3197484+08:00" endTime="2026-09-09T15:35:21.3198251+08:00" testType="13cdc9d9-ddb5-4fa4-a97d-d965ccfc6d4b" outcome="Passed" testListId="8c84fa94-04c1-424b-9868-57a2d4851a1d" relativeResultsDirectory="57c7090e-255a-4a3c-bec5-f5227ab2d4f5" />
    <UnitTestResult executionId="831c129e-53bf-4377-aca6-31f313015e46" testId="5279f80b-77a2-4935-69f2-b200c0c4c347" testName="PlatformSelfCheck.Tests.PatternSemanticsTests.SignedDotResolvesOppositeMeasuredDirections(measuredX: -1, declared: &quot;+x&quot;, expectedFlip: True)" computerName="LEEIISSS187" duration="00:00:00.0043362" startTime="2026-09-09T15:35:21.2806160+08:00" endTime="2026-09-09T15:35:21.2887034+08:00" testType="13cdc9d9-ddb5-4fa4-a97d-d965ccfc6d4b" outcome="Passed" testListId="8c84fa94-04c1-424b-9868-57a2d4851a1d" relativeResultsDirectory="831c129e-53bf-4377-aca6-31f313015e46" />
    <UnitTestResult executionId="ae24a432-923f-4737-a0e1-1af9fe0635e5" testId="47846c92-7777-30a7-8979-55c912807a4a" testName="PlatformSelfCheck.Tests.PatternSemanticsTests.BothHandlersAcceptSignedPrincipalDirections(direction: &quot;y&quot;)" computerName="LEEIISSS187" duration="00:00:00.0000169" startTime="2026-09-09T15:35:21.3217442+08:00" endTime="2026-09-09T15:35:21.3217604+08:00" testType="13cdc9d9-ddb5-4fa4-a97d-d965ccfc6d4b" outcome="Passed" testListId="8c84fa94-04c1-424b-9868-57a2d4851a1d" relativeResultsDirectory="ae24a432-923f-4737-a0e1-1af9fe0635e5" />
    <UnitTestResult executionId="6c608f5a-eb9c-4e59-b26d-8be803cf7a4f" testId="196c0e07-71f8-9de1-23c1-a0bf4e5e95e9" testName="PlatformSelfCheck.Tests.PatternSemanticsTests.BothHandlersAcceptSignedPrincipalDirections(direction: &quot;x&quot;)" computerName="LEEIISSS187" duration="00:00:00.0000282" startTime="2026-09-09T15:35:21.3214468+08:00" endTime="2026-09-09T15:35:21.3214823+08:00" testType="13cdc9d9-ddb5-4fa4-a97d-d965ccfc6d4b" outcome="Passed" testListId="8c84fa94-04c1-424b-9868-57a2d4851a1d" relativeResultsDirectory="6c608f5a-eb9c-4e59-b26d-8be803cf7a4f" />
    <UnitTestResult executionId="68a116c9-0bf7-4f52-b064-280fcdb18cc5" testId="84da38ad-5e1a-26b0-cbff-8cf153b48327" testName="PlatformSelfCheck.Tests.PatternSemanticsTests.InvalidOrNonparallelMeasuredDirectionFailsClosed(x: 1, y: -∞, z: 0)" computerName="LEEIISSS187" duration="00:00:00.0001639" startTime="2026-09-09T15:35:21.3235516+08:00" endTime="2026-09-09T15:35:21.3236983+08:00" testType="13cdc9d9-ddb5-4fa4-a97d-d965ccfc6d4b" outcome="Passed" testListId="8c84fa94-04c1-424b-9868-57a2d4851a1d" relativeResultsDirectory="68a116c9-0bf7-4f52-b064-280fcdb18cc5" />
    <UnitTestResult executionId="04c42ce5-c553-46a0-8c8b-f3a6fb4c46c4" testId="5bad9e7e-be29-d8e8-8404-205d1b2ab9fb" testName="PlatformSelfCheck.Tests.PatternSemanticsTests.PatternRequiresExactlyOneMatchingReferencedFeature(shape: 0)" computerName="LEEIISSS187" duration="00:00:00.0000071" startTime="2026-09-09T15:35:21.3169889+08:00" endTime="2026-09-09T15:35:21.3170372+08:00" testType="13cdc9d9-ddb5-4fa4-a97d-d965ccfc6d4b" outcome="Passed" testListId="8c84fa94-04c1-424b-9868-57a2d4851a1d" relativeResultsDirectory="04c42ce5-c553-46a0-8c8b-f3a6fb4c46c4" />
    <UnitTestResult executionId="58817898-a6fe-40a7-a04b-7b9a187d8984" testId="c25f5ee7-be3a-02b9-1f3e-16aec9073698" testName="PlatformSelfCheck.Tests.PatternSemanticsTests.PatternRequiresExactlyOneMatchingReferencedFeature(shape: 3)" computerName="LEEIISSS187" duration="00:00:00.0000139" startTime="2026-09-09T15:35:21.2966034+08:00" endTime="2026-09-09T15:35:21.2966203+08:00" testType="13cdc9d9-ddb5-4fa4-a97d-d965ccfc6d4b" outcome="Passed" testListId="8c84fa94-04c1-424b-9868-57a2d4851a1d" relativeResultsDirectory="58817898-a6fe-40a7-a04b-7b9a187d8984" />
    <UnitTestResult executionId="6a43c716-47cd-467d-b0b2-5228c4dae530" testId="46145be8-08bf-7b72-8a30-de872ce2e1ef" testName="PlatformSelfCheck.Tests.PatternSemanticsTests.SignedDotResolvesOppositeMeasuredDirections(measuredX: 1, declared: &quot;-x&quot;, expectedFlip: True)" computerName="LEEIISSS187" duration="00:00:00.0002107" startTime="2026-09-09T15:35:21.2954694+08:00" endTime="2026-09-09T15:35:21.2955206+08:00" testType="13cdc9d9-ddb5-4fa4-a97d-d965ccfc6d4b" outcome="Passed" testListId="8c84fa94-04c1-424b-9868-57a2d4851a1d" relativeResultsDirectory="6a43c716-47cd-467d-b0b2-5228c4dae530" />
    <UnitTestResult executionId="9e99ae8a-1b92-4339-829d-663c7995ce31" testId="c0d97c64-17ca-7c70-1ff4-73d07dad3a9b" testName="PlatformSelfCheck.Tests.PatternSemanticsTests.BothHandlersAcceptSignedPrincipalDirections(direction: &quot;+x&quot;)" computerName="LEEIISSS187" duration="00:00:00.0000151" startTime="2026-09-09T15:35:21.3216484+08:00" endTime="2026-09-09T15:35:21.3216660+08:00" testType="13cdc9d9-ddb5-4fa4-a97d-d965ccfc6d4b" outcome="Passed" testListId="8c84fa94-04c1-424b-9868-57a2d4851a1d" relativeResultsDirectory="9e99ae8a-1b92-4339-829d-663c7995ce31" />
    <UnitTestResult executionId="056a0db9-de2b-4a82-8d9b-ba2d51168682" testId="158e77ce-4f96-9fb8-5dea-404efdf4c9bd" testName="PlatformSelfCheck.Tests.PatternSemanticsTests.InvalidOrNonparallelMeasuredDirectionFailsClosed(x: NaN, y: 0, z: 0)" computerName="LEEIISSS187" duration="00:00:00.0000011" startTime="2026-09-09T15:35:21.3241982+08:00" endTime="2026-09-09T15:35:21.3242303+08:00" testType="13cdc9d9-ddb5-4fa4-a97d-d965ccfc6d4b" outcome="Passed" testListId="8c84fa94-04c1-424b-9868-57a2d4851a1d" relativeResultsDirectory="056a0db9-de2b-4a82-8d9b-ba2d51168682" />
  </Results>
  <TestDefinitions>
    <UnitTest name="PlatformSelfCheck.Tests.PatternSemanticsTests.InvalidOrNonparallelMeasuredDirectionFailsClosed(x: 0, y: 0, z: 0)" storage="d:\07_workspace\codex\autocadbyai\ai_mechanical_engineering_agent_platform\tests\platformselfcheck.tests\bin\debug\net10.0\platformselfcheck.tests.dll" id="4217bae5-d643-2fed-529c-4ea886e9429b">
      <Execution id="8c3e6a0f-08ea-4df5-b828-96f09642434f" />
      <TestMethod codeBase="D:\07_WorkSpace\Codex\AutoCADByAI\AI_Mechanical_Engineering_Agent_Platform\tests\PlatformSelfCheck.Tests\bin\Debug\net10.0\PlatformSelfCheck.Tests.dll" adapterTypeName="executor://xunit/VsTestRunner3/netcore/" className="PlatformSelfCheck.Tests.PatternSemanticsTests" name="InvalidOrNonparallelMeasuredDirectionFailsClosed" />
    </UnitTest>
    <UnitTest name="PlatformSelfCheck.Tests.PatternSemanticsTests.PatternRequiresExactlyOneMatchingReferencedFeature(shape: 1)" storage="d:\07_workspace\codex\autocadbyai\ai_mechanical_engineering_agent_platform\tests\platformselfcheck.tests\bin\debug\net10.0\platformselfcheck.tests.dll" id="8f9956e2-fe32-3fee-5033-7af94ecd5973">
      <Execution id="5a585fb7-00a6-401f-bb2f-409618354a18" />
      <TestMethod codeBase="D:\07_WorkSpace\Codex\AutoCADByAI\AI_Mechanical_Engineering_Agent_Platform\tests\PlatformSelfCheck.Tests\bin\Debug\net10.0\PlatformSelfCheck.Tests.dll" adapterTypeName="executor://xunit/VsTestRunner3/netcore/" className="PlatformSelfCheck.Tests.PatternSemanticsTests" name="PatternRequiresExactlyOneMatchingReferencedFeature" />
    </UnitTest>
    <UnitTest name="PlatformSelfCheck.Tests.PatternSemanticsTests.NonfinitePositionCannotPassEdgeSelectionThroughNanComparison" storage="d:\07_workspace\codex\autocadbyai\ai_mechanical_engineering_agent_platform\tests\platformselfcheck.tests\bin\debug\net10.0\platformselfcheck.tests.dll" id="4510c0b3-9b33-2bc2-67c8-342452ffffed">
      <Execution id="3e4e1522-ac9c-4a2c-8193-e83062816b57" />
      <TestMethod codeBase="D:\07_WorkSpace\Codex\AutoCADByAI\AI_Mechanical_Engineering_Agent_Platform\tests\PlatformSelfCheck.Tests\bin\Debug\net10.0\PlatformSelfCheck.Tests.dll" adapterTypeName="executor://xunit/VsTestRunner3/netcore/" className="PlatformSelfCheck.Tests.PatternSemanticsTests" name="NonfinitePositionCannotPassEdgeSelectionThroughNanComparison" />
    </UnitTest>
    <UnitTest name="PlatformSelfCheck.Tests.PatternSemanticsTests.BothHandlersAcceptSignedPrincipalDirections(direction: &quot;x&quot;)" storage="d:\07_workspace\codex\autocadbyai\ai_mechanical_engineering_agent_platform\tests\platformselfcheck.tests\bin\debug\net10.0\platformselfcheck.tests.dll" id="196c0e07-71f8-9de1-23c1-a0bf4e5e95e9">
      <Execution id="6c608f5a-eb9c-4e59-b26d-8be803cf7a4f" />
      <TestMethod codeBase="D:\07_WorkSpace\Codex\AutoCADByAI\AI_Mechanical_Engineering_Agent_Platform\tests\PlatformSelfCheck.Tests\bin\Debug\net10.0\PlatformSelfCheck.Tests.dll" adapterTypeName="executor://xunit/VsTestRunner3/netcore/" className="PlatformSelfCheck.Tests.PatternSemanticsTests" name="BothHandlersAcceptSignedPrincipalDirections" />
    </UnitTest>
    <UnitTest name="PlatformSelfCheck.Tests.PatternSemanticsTests.PatternRejectsEmptyOrMultipleSeeds(seed: &quot; &quot;)" storage="d:\07_workspace\codex\autocadbyai\ai_mechanical_engineering_agent_platform\tests\platformselfcheck.tests\bin\debug\net10.0\platformselfcheck.tests.dll" id="b2c6ec32-a68f-cb26-0530-4d0643de8210">
      <Execution id="005a799c-fc08-4527-b4c4-723553addc64" />
      <TestMethod codeBase="D:\07_WorkSpace\Codex\AutoCADByAI\AI_Mechanical_Engineering_Agent_Platform\tests\PlatformSelfCheck.Tests\bin\Debug\net10.0\PlatformSelfCheck.Tests.dll" adapterTypeName="executor://xunit/VsTestRunner3/netcore/" className="PlatformSelfCheck.Tests.PatternSemanticsTests" name="PatternRejectsEmptyOrMultipleSeeds" />
    </UnitTest>
    <UnitTest name="PlatformSelfCheck.Tests.PatternSemanticsTests.PatternRejectsEmptyOrMultipleSeeds(seed: &quot;,seed&quot;)" storage="d:\07_workspace\codex\autocadbyai\ai_mechanical_engineering_agent_platform\tests\platformselfcheck.tests\bin\debug\net10.0\platformselfcheck.tests.dll" id="deb9ae34-cd2b-b81f-560a-c0e66aa91040">
      <Execution id="974eb6df-2348-485e-b3e7-1a4ed1862600" />
      <TestMethod codeBase="D:\07_WorkSpace\Codex\AutoCADByAI\AI_Mechanical_Engineering_Agent_Platform\tests\PlatformSelfCheck.Tests\bin\Debug\net10.0\PlatformSelfCheck.Tests.dll" adapterTypeName="executor://xunit/VsTestRunner3/netcore/" className="PlatformSelfCheck.Tests.PatternSemanticsTests" name="PatternRejectsEmptyOrMultipleSeeds" />
    </UnitTest>
    <UnitTest name="PlatformSelfCheck.Tests.PatternSemanticsTests.InvalidOrNonparallelMeasuredDirectionFailsClosed(x: 0, y: 1, z: 0)" storage="d:\07_workspace\codex\autocadbyai\ai_mechanical_engineering_agent_platform\tests\platformselfcheck.tests\bin\debug\net10.0\platformselfcheck.tests.dll" id="68d0b409-1128-5fca-81a4-9a3c4289d8e0">
      <Execution id="8ce59433-278c-493b-ba75-66070dc4a6fe" />
      <TestMethod codeBase="D:\07_WorkSpace\Codex\AutoCADByAI\AI_Mechanical_Engineering_Agent_Platform\tests\PlatformSelfCheck.Tests\bin\Debug\net10.0\PlatformSelfCheck.Tests.dll" adapterTypeName="executor://xunit/VsTestRunner3/netcore/" className="PlatformSelfCheck.Tests.PatternSemanticsTests" name="InvalidOrNonparallelMeasuredDirectionFailsClosed" />
    </UnitTest>
    <UnitTest name="PlatformSelfCheck.Tests.PatternSemanticsTests.InvalidOrNonparallelMeasuredDirectionFailsClosed(x: NaN, y: 0, z: 0)" storage="d:\07_workspace\codex\autocadbyai\ai_mechanical_engineering_agent_platform\tests\platformselfcheck.tests\bin\debug\net10.0\platformselfcheck.tests.dll" id="158e77ce-4f96-9fb8-5dea-404efdf4c9bd">
      <Execution id="056a0db9-de2b-4a82-8d9b-ba2d51168682" />
      <TestMethod codeBase="D:\07_WorkSpace\Codex\AutoCADByAI\AI_Mechanical_Engineering_Agent_Platform\tests\PlatformSelfCheck.Tests\bin\Debug\net10.0\PlatformSelfCheck.Tests.dll" adapterTypeName="executor://xunit/VsTestRunner3/netcore/" className="PlatformSelfCheck.Tests.PatternSemanticsTests" name="InvalidOrNonparallelMeasuredDirectionFailsClosed" />
    </UnitTest>
    <UnitTest name="PlatformSelfCheck.Tests.PatternSemanticsTests.BothHandlersAcceptSignedPrincipalDirections(direction: &quot;z&quot;)" storage="d:\07_workspace\codex\autocadbyai\ai_mechanical_engineering_agent_platform\tests\platformselfcheck.tests\bin\debug\net10.0\platformselfcheck.tests.dll" id="cac6a8ab-fbb3-9685-a925-34386d440698">
      <Execution id="3d146cbd-4f8d-489b-9df6-efa43cdf3120" />
      <TestMethod codeBase="D:\07_WorkSpace\Codex\AutoCADByAI\AI_Mechanical_Engineering_Agent_Platform\tests\PlatformSelfCheck.Tests\bin\Debug\net10.0\PlatformSelfCheck.Tests.dll" adapterTypeName="executor://xunit/VsTestRunner3/netcore/" className="PlatformSelfCheck.Tests.PatternSemanticsTests" name="BothHandlersAcceptSignedPrincipalDirections" />
    </UnitTest>
    <UnitTest name="PlatformSelfCheck.Tests.PatternSemanticsTests.PatternRequiresExactlyOneMatchingReferencedFeature(shape: 2)" storage="d:\07_workspace\codex\autocadbyai\ai_mechanical_engineering_agent_platform\tests\platformselfcheck.tests\bin\debug\net10.0\platformselfcheck.tests.dll" id="c1354363-1668-e539-0624-59d1dcd10755">
      <Execution id="dc59c3f8-eb92-4bcb-8383-583a44be280e" />
      <TestMethod codeBase="D:\07_WorkSpace\Codex\AutoCADByAI\AI_Mechanical_Engineering_Agent_Platform\tests\PlatformSelfCheck.Tests\bin\Debug\net10.0\PlatformSelfCheck.Tests.dll" adapterTypeName="executor://xunit/VsTestRunner3/netcore/" className="PlatformSelfCheck.Tests.PatternSemanticsTests" name="PatternRequiresExactlyOneMatchingReferencedFeature" />
    </UnitTest>
    <UnitTest name="PlatformSelfCheck.Tests.PatternSemanticsTests.CircularPatternRejectsMissingOrOffsetAxisPosition(selection: &quot;{\&quot;kind\&quot;:\&quot;circle\&quot;,\&quot;radius_mm\&quot;:5}&quot;)" storage="d:\07_workspace\codex\autocadbyai\ai_mechanical_engineering_agent_platform\tests\platformselfcheck.tests\bin\debug\net10.0\platformselfcheck.tests.dll" id="c8e6e58c-b8b7-d30a-16dc-58a01ad394b6">
      <Execution id="fd89261c-e2e8-4234-ad1f-b9b6d074cba7" />
      <TestMethod codeBase="D:\07_WorkSpace\Codex\AutoCADByAI\AI_Mechanical_Engineering_Agent_Platform\tests\PlatformSelfCheck.Tests\bin\Debug\net10.0\PlatformSelfCheck.Tests.dll" adapterTypeName="executor://xunit/VsTestRunner3/netcore/" className="PlatformSelfCheck.Tests.PatternSemanticsTests" name="CircularPatternRejectsMissingOrOffsetAxisPosition" />
    </UnitTest>
    <UnitTest name="PlatformSelfCheck.Tests.PatternSemanticsTests.BothHandlersAcceptSignedPrincipalDirections(direction: &quot;+z&quot;)" storage="d:\07_workspace\codex\autocadbyai\ai_mechanical_engineering_agent_platform\tests\platformselfcheck.tests\bin\debug\net10.0\platformselfcheck.tests.dll" id="ca37a1e6-44dd-5d68-fd61-c6de4a10151e">
      <Execution id="ac5c8edd-f8d3-446c-a1a6-2c3059c701c6" />
      <TestMethod codeBase="D:\07_WorkSpace\Codex\AutoCADByAI\AI_Mechanical_Engineering_Agent_Platform\tests\PlatformSelfCheck.Tests\bin\Debug\net10.0\PlatformSelfCheck.Tests.dll" adapterTypeName="executor://xunit/VsTestRunner3/netcore/" className="PlatformSelfCheck.Tests.PatternSemanticsTests" name="BothHandlersAcceptSignedPrincipalDirections" />
    </UnitTest>
    <UnitTest name="PlatformSelfCheck.Tests.PatternSemanticsTests.InvalidOrNonparallelMeasuredDirectionFailsClosed(x: 1, y: -∞, z: 0)" storage="d:\07_workspace\codex\autocadbyai\ai_mechanical_engineering_agent_platform\tests\platformselfcheck.tests\bin\debug\net10.0\platformselfcheck.tests.dll" id="84da38ad-5e1a-26b0-cbff-8cf153b48327">
      <Execution id="68a116c9-0bf7-4f52-b064-280fcdb18cc5" />
      <TestMethod codeBase="D:\07_WorkSpace\Codex\AutoCADByAI\AI_Mechanical_Engineering_Agent_Platform\tests\PlatformSelfCheck.Tests\bin\Debug\net10.0\PlatformSelfCheck.Tests.dll" adapterTypeName="executor://xunit/VsTestRunner3/netcore/" className="PlatformSelfCheck.Tests.PatternSemanticsTests" name="InvalidOrNonparallelMeasuredDirectionFailsClosed" />
    </UnitTest>
    <UnitTest name="PlatformSelfCheck.Tests.PatternSemanticsTests.SingleSeedReferenceEstablishesDependencyWithoutDuplicateDeclaration" storage="d:\07_workspace\codex\autocadbyai\ai_mechanical_engineering_agent_platform\tests\platformselfcheck.tests\bin\debug\net10.0\platformselfcheck.tests.dll" id="10f2252d-504b-b8dc-327d-1002a7791cfd">
      <Execution id="4cae9d81-43db-47eb-a53d-d767a74df671" />
      <TestMethod codeBase="D:\07_WorkSpace\Codex\AutoCADByAI\AI_Mechanical_Engineering_Agent_Platform\tests\PlatformSelfCheck.Tests\bin\Debug\net10.0\PlatformSelfCheck.Tests.dll" adapterTypeName="executor://xunit/VsTestRunner3/netcore/" className="PlatformSelfCheck.Tests.PatternSemanticsTests" name="SingleSeedReferenceEstablishesDependencyWithoutDuplicateDeclaration" />
    </UnitTest>
    <UnitTest name="PlatformSelfCheck.Tests.PatternSemanticsTests.SignedDotResolvesOppositeMeasuredDirections(measuredX: 1, declared: &quot;+x&quot;, expectedFlip: False)" storage="d:\07_workspace\codex\autocadbyai\ai_mechanical_engineering_agent_platform\tests\platformselfcheck.tests\bin\debug\net10.0\platformselfcheck.tests.dll" id="d3135baa-bc4d-66a0-f6ea-42be298ae441">
      <Execution id="32cc6602-db5f-46dd-a0b0-3c42760f133f" />
      <TestMethod codeBase="D:\07_WorkSpace\Codex\AutoCADByAI\AI_Mechanical_Engineering_Agent_Platform\tests\PlatformSelfCheck.Tests\bin\Debug\net10.0\PlatformSelfCheck.Tests.dll" adapterTypeName="executor://xunit/VsTestRunner3/netcore/" className="PlatformSelfCheck.Tests.PatternSemanticsTests" name="SignedDotResolvesOppositeMeasuredDirections" />
    </UnitTest>
    <UnitTest name="PlatformSelfCheck.Tests.PatternSemanticsTests.SignedDotResolvesOppositeMeasuredDirections(measuredX: -1, declared: &quot;-x&quot;, expectedFlip: False)" storage="d:\07_workspace\codex\autocadbyai\ai_mechanical_engineering_agent_platform\tests\platformselfcheck.tests\bin\debug\net10.0\platformselfcheck.tests.dll" id="23f10ad3-1c7d-0c36-f1c7-c3a9f6464a54">
      <Execution id="beee62e0-7716-43d5-ac1b-18067cc45b3c" />
      <TestMethod codeBase="D:\07_WorkSpace\Codex\AutoCADByAI\AI_Mechanical_Engineering_Agent_Platform\tests\PlatformSelfCheck.Tests\bin\Debug\net10.0\PlatformSelfCheck.Tests.dll" adapterTypeName="executor://xunit/VsTestRunner3/netcore/" className="PlatformSelfCheck.Tests.PatternSemanticsTests" name="SignedDotResolvesOppositeMeasuredDirections" />
    </UnitTest>
    <UnitTest name="PlatformSelfCheck.Tests.PatternSemanticsTests.BothHandlersAcceptSignedPrincipalDirections(direction: &quot;-z&quot;)" storage="d:\07_workspace\codex\autocadbyai\ai_mechanical_engineering_agent_platform\tests\platformselfcheck.tests\bin\debug\net10.0\platformselfcheck.tests.dll" id="a8df1477-15ed-6b4a-2c23-5e31ee672bac">
      <Execution id="818bd3ce-3231-4d89-a3fa-9da92a00c939" />
      <TestMethod codeBase="D:\07_WorkSpace\Codex\AutoCADByAI\AI_Mechanical_Engineering_Agent_Platform\tests\PlatformSelfCheck.Tests\bin\Debug\net10.0\PlatformSelfCheck.Tests.dll" adapterTypeName="executor://xunit/VsTestRunner3/netcore/" className="PlatformSelfCheck.Tests.PatternSemanticsTests" name="BothHandlersAcceptSignedPrincipalDirections" />
    </UnitTest>
    <UnitTest name="PlatformSelfCheck.Tests.PatternSemanticsTests.SignedDotResolvesOppositeMeasuredDirections(measuredX: -1, declared: &quot;+x&quot;, expectedFlip: True)" storage="d:\07_workspace\codex\autocadbyai\ai_mechanical_engineering_agent_platform\tests\platformselfcheck.tests\bin\debug\net10.0\platformselfcheck.tests.dll" id="5279f80b-77a2-4935-69f2-b200c0c4c347">
      <Execution id="831c129e-53bf-4377-aca6-31f313015e46" />
      <TestMethod codeBase="D:\07_WorkSpace\Codex\AutoCADByAI\AI_Mechanical_Engineering_Agent_Platform\tests\PlatformSelfCheck.Tests\bin\Debug\net10.0\PlatformSelfCheck.Tests.dll" adapterTypeName="executor://xunit/VsTestRunner3/netcore/" className="PlatformSelfCheck.Tests.PatternSemanticsTests" name="SignedDotResolvesOppositeMeasuredDirections" />
    </UnitTest>
    <UnitTest name="PlatformSelfCheck.Tests.PatternSemanticsTests.PatternRequiresExactlyOneMatchingReferencedFeature(shape: 0)" storage="d:\07_workspace\codex\autocadbyai\ai_mechanical_engineering_agent_platform\tests\platformselfcheck.tests\bin\debug\net10.0\platformselfcheck.tests.dll" id="5bad9e7e-be29-d8e8-8404-205d1b2ab9fb">
      <Execution id="04c42ce5-c553-46a0-8c8b-f3a6fb4c46c4" />
      <TestMethod codeBase="D:\07_WorkSpace\Codex\AutoCADByAI\AI_Mechanical_Engineering_Agent_Platform\tests\PlatformSelfCheck.Tests\bin\Debug\net10.0\PlatformSelfCheck.Tests.dll" adapterTypeName="executor://xunit/VsTestRunner3/netcore/" className="PlatformSelfCheck.Tests.PatternSemanticsTests" name="PatternRequiresExactlyOneMatchingReferencedFeature" />
    </UnitTest>
    <UnitTest name="PlatformSelfCheck.Tests.PatternSemanticsTests.CircularAxisRequiresOnlyTwoTransverseCoordinatesAndVerifiesMeasuredCoaxiality" storage="d:\07_workspace\codex\autocadbyai\ai_mechanical_engineering_agent_platform\tests\platformselfcheck.tests\bin\debug\net10.0\platformselfcheck.tests.dll" id="717de8cb-6f11-fb0d-c462-69b0eb660a5a">
      <Execution id="68592fcc-a5d9-4380-b5e1-4f1d718f9b47" />
      <TestMethod codeBase="D:\07_WorkSpace\Codex\AutoCADByAI\AI_Mechanical_Engineering_Agent_Platform\tests\PlatformSelfCheck.Tests\bin\Debug\net10.0\PlatformSelfCheck.Tests.dll" adapterTypeName="executor://xunit/VsTestRunner3/netcore/" className="PlatformSelfCheck.Tests.PatternSemanticsTests" name="CircularAxisRequiresOnlyTwoTransverseCoordinatesAndVerifiesMeasuredCoaxiality" />
    </UnitTest>
    <UnitTest name="PlatformSelfCheck.Tests.PatternSemanticsTests.BothHandlersAcceptSignedPrincipalDirections(direction: &quot;y&quot;)" storage="d:\07_workspace\codex\autocadbyai\ai_mechanical_engineering_agent_platform\tests\platformselfcheck.tests\bin\debug\net10.0\platformselfcheck.tests.dll" id="47846c92-7777-30a7-8979-55c912807a4a">
      <Execution id="ae24a432-923f-4737-a0e1-1af9fe0635e5" />
      <TestMethod codeBase="D:\07_WorkSpace\Codex\AutoCADByAI\AI_Mechanical_Engineering_Agent_Platform\tests\PlatformSelfCheck.Tests\bin\Debug\net10.0\PlatformSelfCheck.Tests.dll" adapterTypeName="executor://xunit/VsTestRunner3/netcore/" className="PlatformSelfCheck.Tests.PatternSemanticsTests" name="BothHandlersAcceptSignedPrincipalDirections" />
    </UnitTest>
    <UnitTest name="PlatformSelfCheck.Tests.PatternSemanticsTests.CircularPatternRejectsMissingOrOffsetAxisPosition(selection: &quot;{\&quot;kind\&quot;:\&quot;circle\&quot;,\&quot;anchor_x_mm\&quot;:20,\&quot;anchor_z&quot;···)" storage="d:\07_workspace\codex\autocadbyai\ai_mechanical_engineering_agent_platform\tests\platformselfcheck.tests\bin\debug\net10.0\platformselfcheck.tests.dll" id="023964ed-0d7a-25d9-cb1e-7fc29b8d9c01">
      <Execution id="612b33bd-ac55-4049-a423-7f53060b5aa1" />
      <TestMethod codeBase="D:\07_WorkSpace\Codex\AutoCADByAI\AI_Mechanical_Engineering_Agent_Platform\tests\PlatformSelfCheck.Tests\bin\Debug\net10.0\PlatformSelfCheck.Tests.dll" adapterTypeName="executor://xunit/VsTestRunner3/netcore/" className="PlatformSelfCheck.Tests.PatternSemanticsTests" name="CircularPatternRejectsMissingOrOffsetAxisPosition" />
    </UnitTest>
    <UnitTest name="PlatformSelfCheck.Tests.PatternSemanticsTests.SignedDotResolvesOppositeMeasuredDirections(measuredX: 1.0000000000000001E+300, declared: &quot;+x&quot;, expectedFlip: False)" storage="d:\07_workspace\codex\autocadbyai\ai_mechanical_engineering_agent_platform\tests\platformselfcheck.tests\bin\debug\net10.0\platformselfcheck.tests.dll" id="b1ef11b3-9fb5-3d9f-076c-059c18b5b99a">
      <Execution id="0a76146d-b30e-4d31-9471-5d1c9ec04f8a" />
      <TestMethod codeBase="D:\07_WorkSpace\Codex\AutoCADByAI\AI_Mechanical_Engineering_Agent_Platform\tests\PlatformSelfCheck.Tests\bin\Debug\net10.0\PlatformSelfCheck.Tests.dll" adapterTypeName="executor://xunit/VsTestRunner3/netcore/" className="PlatformSelfCheck.Tests.PatternSemanticsTests" name="SignedDotResolvesOppositeMeasuredDirections" />
    </UnitTest>
    <UnitTest name="PlatformSelfCheck.Tests.PatternSemanticsTests.PatternRejectsEmptyOrMultipleSeeds(seed: &quot;&quot;)" storage="d:\07_workspace\codex\autocadbyai\ai_mechanical_engineering_agent_platform\tests\platformselfcheck.tests\bin\debug\net10.0\platformselfcheck.tests.dll" id="08706e05-c74a-e894-ef88-19e94044c1f4">
      <Execution id="1f5fb726-d69f-4368-b9ff-59b63b71484d" />
      <TestMethod codeBase="D:\07_WorkSpace\Codex\AutoCADByAI\AI_Mechanical_Engineering_Agent_Platform\tests\PlatformSelfCheck.Tests\bin\Debug\net10.0\PlatformSelfCheck.Tests.dll" adapterTypeName="executor://xunit/VsTestRunner3/netcore/" className="PlatformSelfCheck.Tests.PatternSemanticsTests" name="PatternRejectsEmptyOrMultipleSeeds" />
    </UnitTest>
    <UnitTest name="PlatformSelfCheck.Tests.PatternSemanticsTests.BothHandlersAcceptSignedPrincipalDirections(direction: &quot;+y&quot;)" storage="d:\07_workspace\codex\autocadbyai\ai_mechanical_engineering_agent_platform\tests\platformselfcheck.tests\bin\debug\net10.0\platformselfcheck.tests.dll" id="ee320c5e-6dd3-3adc-7d45-f0d26122184d">
      <Execution id="57c7090e-255a-4a3c-bec5-f5227ab2d4f5" />
      <TestMethod codeBase="D:\07_WorkSpace\Codex\AutoCADByAI\AI_Mechanical_Engineering_Agent_Platform\tests\PlatformSelfCheck.Tests\bin\Debug\net10.0\PlatformSelfCheck.Tests.dll" adapterTypeName="executor://xunit/VsTestRunner3/netcore/" className="PlatformSelfCheck.Tests.PatternSemanticsTests" name="BothHandlersAcceptSignedPrincipalDirections" />
    </UnitTest>
    <UnitTest name="PlatformSelfCheck.Tests.PatternSemanticsTests.UnknownAxisAndMissingMeasuredDirectionFailClosed" storage="d:\07_workspace\codex\autocadbyai\ai_mechanical_engineering_agent_platform\tests\platformselfcheck.tests\bin\debug\net10.0\platformselfcheck.tests.dll" id="2f6e5f74-38ca-d946-5bf7-bb2a9de9dae4">
      <Execution id="0de859d3-280b-4d45-b849-fdec2e09cb12" />
      <TestMethod codeBase="D:\07_WorkSpace\Codex\AutoCADByAI\AI_Mechanical_Engineering_Agent_Platform\tests\PlatformSelfCheck.Tests\bin\Debug\net10.0\PlatformSelfCheck.Tests.dll" adapterTypeName="executor://xunit/VsTestRunner3/netcore/" className="PlatformSelfCheck.Tests.PatternSemanticsTests" name="UnknownAxisAndMissingMeasuredDirectionFailClosed" />
    </UnitTest>
    <UnitTest name="PlatformSelfCheck.Tests.PatternSemanticsTests.PatternRejectsEmptyOrMultipleSeeds(seed: &quot;seed;other&quot;)" storage="d:\07_workspace\codex\autocadbyai\ai_mechanical_engineering_agent_platform\tests\platformselfcheck.tests\bin\debug\net10.0\platformselfcheck.tests.dll" id="e347d15e-0259-a9cf-ce78-4a761cb8c48e">
      <Execution id="c9de5ec8-d442-426f-b609-80d33761107b" />
      <TestMethod codeBase="D:\07_WorkSpace\Codex\AutoCADByAI\AI_Mechanical_Engineering_Agent_Platform\tests\PlatformSelfCheck.Tests\bin\Debug\net10.0\PlatformSelfCheck.Tests.dll" adapterTypeName="executor://xunit/VsTestRunner3/netcore/" className="PlatformSelfCheck.Tests.PatternSemanticsTests" name="PatternRejectsEmptyOrMultipleSeeds" />
    </UnitTest>
    <UnitTest name="PlatformSelfCheck.Tests.PatternSemanticsTests.BothHandlersAcceptSignedPrincipalDirections(direction: &quot;-y&quot;)" storage="d:\07_workspace\codex\autocadbyai\ai_mechanical_engineering_agent_platform\tests\platformselfcheck.tests\bin\debug\net10.0\platformselfcheck.tests.dll" id="9124c453-2ed5-e6cd-5dfc-dcbcb9d6d798">
      <Execution id="6a6d8177-58c5-4471-88c4-661549038dea" />
      <TestMethod codeBase="D:\07_WorkSpace\Codex\AutoCADByAI\AI_Mechanical_Engineering_Agent_Platform\tests\PlatformSelfCheck.Tests\bin\Debug\net10.0\PlatformSelfCheck.Tests.dll" adapterTypeName="executor://xunit/VsTestRunner3/netcore/" className="PlatformSelfCheck.Tests.PatternSemanticsTests" name="BothHandlersAcceptSignedPrincipalDirections" />
    </UnitTest>
    <UnitTest name="PlatformSelfCheck.Tests.PatternSemanticsTests.SignedDotResolvesOppositeMeasuredDirections(measuredX: 1, declared: &quot;x&quot;, expectedFlip: False)" storage="d:\07_workspace\codex\autocadbyai\ai_mechanical_engineering_agent_platform\tests\platformselfcheck.tests\bin\debug\net10.0\platformselfcheck.tests.dll" id="40d5f681-7dad-b7be-157f-d8d5a89c555d">
      <Execution id="ebdda3e6-c9d6-42fd-a2b5-d66be61dd3cf" />
      <TestMethod codeBase="D:\07_WorkSpace\Codex\AutoCADByAI\AI_Mechanical_Engineering_Agent_Platform\tests\PlatformSelfCheck.Tests\bin\Debug\net10.0\PlatformSelfCheck.Tests.dll" adapterTypeName="executor://xunit/VsTestRunner3/netcore/" className="PlatformSelfCheck.Tests.PatternSemanticsTests" name="SignedDotResolvesOppositeMeasuredDirections" />
    </UnitTest>
    <UnitTest name="PlatformSelfCheck.Tests.PatternSemanticsTests.InvalidOrNonparallelMeasuredDirectionFailsClosed(x: 1, y: 1, z: 0)" storage="d:\07_workspace\codex\autocadbyai\ai_mechanical_engineering_agent_platform\tests\platformselfcheck.tests\bin\debug\net10.0\platformselfcheck.tests.dll" id="3f7b17b3-8a76-13f8-49ce-8dab69e2e256">
      <Execution id="86421041-aed3-4e3b-86d5-06e41e5d85a0" />
      <TestMethod codeBase="D:\07_WorkSpace\Codex\AutoCADByAI\AI_Mechanical_Engineering_Agent_Platform\tests\PlatformSelfCheck.Tests\bin\Debug\net10.0\PlatformSelfCheck.Tests.dll" adapterTypeName="executor://xunit/VsTestRunner3/netcore/" className="PlatformSelfCheck.Tests.PatternSemanticsTests" name="InvalidOrNonparallelMeasuredDirectionFailsClosed" />
    </UnitTest>
    <UnitTest name="PlatformSelfCheck.Tests.PatternSemanticsTests.CircularPatternRejectsMissingOrOffsetAxisPosition(selection: &quot;{\&quot;kind\&quot;:\&quot;circle\&quot;,\&quot;anchor_x_mm\&quot;:0}&quot;)" storage="d:\07_workspace\codex\autocadbyai\ai_mechanical_engineering_agent_platform\tests\platformselfcheck.tests\bin\debug\net10.0\platformselfcheck.tests.dll" id="47be21c9-15c2-98bd-d85d-92248d7262f1">
      <Execution id="61775fb1-ecbd-458b-be02-ef9e3f35cfe2" />
      <TestMethod codeBase="D:\07_WorkSpace\Codex\AutoCADByAI\AI_Mechanical_Engineering_Agent_Platform\tests\PlatformSelfCheck.Tests\bin\Debug\net10.0\PlatformSelfCheck.Tests.dll" adapterTypeName="executor://xunit/VsTestRunner3/netcore/" className="PlatformSelfCheck.Tests.PatternSemanticsTests" name="CircularPatternRejectsMissingOrOffsetAxisPosition" />
    </UnitTest>
    <UnitTest name="PlatformSelfCheck.Tests.PatternSemanticsTests.BothHandlersAcceptSignedPrincipalDirections(direction: &quot;+x&quot;)" storage="d:\07_workspace\codex\autocadbyai\ai_mechanical_engineering_agent_platform\tests\platformselfcheck.tests\bin\debug\net10.0\platformselfcheck.tests.dll" id="c0d97c64-17ca-7c70-1ff4-73d07dad3a9b">
      <Execution id="9e99ae8a-1b92-4339-829d-663c7995ce31" />
      <TestMethod codeBase="D:\07_WorkSpace\Codex\AutoCADByAI\AI_Mechanical_Engineering_Agent_Platform\tests\PlatformSelfCheck.Tests\bin\Debug\net10.0\PlatformSelfCheck.Tests.dll" adapterTypeName="executor://xunit/VsTestRunner3/netcore/" className="PlatformSelfCheck.Tests.PatternSemanticsTests" name="BothHandlersAcceptSignedPrincipalDirections" />
    </UnitTest>
    <UnitTest name="PlatformSelfCheck.Tests.PatternSemanticsTests.InvalidOrNonparallelMeasuredDirectionFailsClosed(x: ∞, y: 0, z: 0)" storage="d:\07_workspace\codex\autocadbyai\ai_mechanical_engineering_agent_platform\tests\platformselfcheck.tests\bin\debug\net10.0\platformselfcheck.tests.dll" id="5d5045fa-33e4-323b-3761-e56681c42b69">
      <Execution id="7d0b2de5-f6ca-4b42-a3a4-572ae674b262" />
      <TestMethod codeBase="D:\07_WorkSpace\Codex\AutoCADByAI\AI_Mechanical_Engineering_Agent_Platform\tests\PlatformSelfCheck.Tests\bin\Debug\net10.0\PlatformSelfCheck.Tests.dll" adapterTypeName="executor://xunit/VsTestRunner3/netcore/" className="PlatformSelfCheck.Tests.PatternSemanticsTests" name="InvalidOrNonparallelMeasuredDirectionFailsClosed" />
    </UnitTest>
    <UnitTest name="PlatformSelfCheck.Tests.PatternSemanticsTests.SignedDotResolvesOppositeMeasuredDirections(measuredX: 1, declared: &quot;-x&quot;, expectedFlip: True)" storage="d:\07_workspace\codex\autocadbyai\ai_mechanical_engineering_agent_platform\tests\platformselfcheck.tests\bin\debug\net10.0\platformselfcheck.tests.dll" id="46145be8-08bf-7b72-8a30-de872ce2e1ef">
      <Execution id="6a43c716-47cd-467d-b0b2-5228c4dae530" />
      <TestMethod codeBase="D:\07_WorkSpace\Codex\AutoCADByAI\AI_Mechanical_Engineering_Agent_Platform\tests\PlatformSelfCheck.Tests\bin\Debug\net10.0\PlatformSelfCheck.Tests.dll" adapterTypeName="executor://xunit/VsTestRunner3/netcore/" className="PlatformSelfCheck.Tests.PatternSemanticsTests" name="SignedDotResolvesOppositeMeasuredDirections" />
    </UnitTest>
    <UnitTest name="PlatformSelfCheck.Tests.PatternSemanticsTests.BothHandlersAcceptSignedPrincipalDirections(direction: &quot;-x&quot;)" storage="d:\07_workspace\codex\autocadbyai\ai_mechanical_engineering_agent_platform\tests\platformselfcheck.tests\bin\debug\net10.0\platformselfcheck.tests.dll" id="cdd190d9-66a3-a22d-698c-9b7cd611b880">
      <Execution id="4f13295a-2978-4db4-bdaa-95a5c1c66fec" />
      <TestMethod codeBase="D:\07_WorkSpace\Codex\AutoCADByAI\AI_Mechanical_Engineering_Agent_Platform\tests\PlatformSelfCheck.Tests\bin\Debug\net10.0\PlatformSelfCheck.Tests.dll" adapterTypeName="executor://xunit/VsTestRunner3/netcore/" className="PlatformSelfCheck.Tests.PatternSemanticsTests" name="BothHandlersAcceptSignedPrincipalDirections" />
    </UnitTest>
    <UnitTest name="PlatformSelfCheck.Tests.PatternSemanticsTests.PatternRequiresExactlyOneMatchingReferencedFeature(shape: 3)" storage="d:\07_workspace\codex\autocadbyai\ai_mechanical_engineering_agent_platform\tests\platformselfcheck.tests\bin\debug\net10.0\platformselfcheck.tests.dll" id="c25f5ee7-be3a-02b9-1f3e-16aec9073698">
      <Execution id="58817898-a6fe-40a7-a04b-7b9a187d8984" />
      <TestMethod codeBase="D:\07_WorkSpace\Codex\AutoCADByAI\AI_Mechanical_Engineering_Agent_Platform\tests\PlatformSelfCheck.Tests\bin\Debug\net10.0\PlatformSelfCheck.Tests.dll" adapterTypeName="executor://xunit/VsTestRunner3/netcore/" className="PlatformSelfCheck.Tests.PatternSemanticsTests" name="PatternRequiresExactlyOneMatchingReferencedFeature" />
    </UnitTest>
    <UnitTest name="PlatformSelfCheck.Tests.PatternSemanticsTests.PatternRejectsEmptyOrMultipleSeeds(seed: &quot;seed;&quot;)" storage="d:\07_workspace\codex\autocadbyai\ai_mechanical_engineering_agent_platform\tests\platformselfcheck.tests\bin\debug\net10.0\platformselfcheck.tests.dll" id="2c7c2870-6750-3f1e-3537-1ddec96efc69">
      <Execution id="fb643f5a-b67d-4aed-b6fc-778462909df3" />
      <TestMethod codeBase="D:\07_WorkSpace\Codex\AutoCADByAI\AI_Mechanical_Engineering_Agent_Platform\tests\PlatformSelfCheck.Tests\bin\Debug\net10.0\PlatformSelfCheck.Tests.dll" adapterTypeName="executor://xunit/VsTestRunner3/netcore/" className="PlatformSelfCheck.Tests.PatternSemanticsTests" name="PatternRejectsEmptyOrMultipleSeeds" />
    </UnitTest>
    <UnitTest name="PlatformSelfCheck.Tests.PatternSemanticsTests.PatternRejectsEmptyOrMultipleSeeds(seed: &quot;seed,other&quot;)" storage="d:\07_workspace\codex\autocadbyai\ai_mechanical_engineering_agent_platform\tests\platformselfcheck.tests\bin\debug\net10.0\platformselfcheck.tests.dll" id="73191875-8951-852e-4646-7226c46a6da0">
      <Execution id="dad778a2-4413-4e30-ba2c-edde8699762e" />
      <TestMethod codeBase="D:\07_WorkSpace\Codex\AutoCADByAI\AI_Mechanical_Engineering_Agent_Platform\tests\PlatformSelfCheck.Tests\bin\Debug\net10.0\PlatformSelfCheck.Tests.dll" adapterTypeName="executor://xunit/VsTestRunner3/netcore/" className="PlatformSelfCheck.Tests.PatternSemanticsTests" name="PatternRejectsEmptyOrMultipleSeeds" />
    </UnitTest>
  </TestDefinitions>
  <TestEntries>
    <TestEntry testId="10f2252d-504b-b8dc-327d-1002a7791cfd" executionId="4cae9d81-43db-47eb-a53d-d767a74df671" testListId="8c84fa94-04c1-424b-9868-57a2d4851a1d" />
    <TestEntry testId="8f9956e2-fe32-3fee-5033-7af94ecd5973" executionId="5a585fb7-00a6-401f-bb2f-409618354a18" testListId="8c84fa94-04c1-424b-9868-57a2d4851a1d" />
    <TestEntry testId="deb9ae34-cd2b-b81f-560a-c0e66aa91040" executionId="974eb6df-2348-485e-b3e7-1a4ed1862600" testListId="8c84fa94-04c1-424b-9868-57a2d4851a1d" />
    <TestEntry testId="cdd190d9-66a3-a22d-698c-9b7cd611b880" executionId="4f13295a-2978-4db4-bdaa-95a5c1c66fec" testListId="8c84fa94-04c1-424b-9868-57a2d4851a1d" />
    <TestEntry testId="73191875-8951-852e-4646-7226c46a6da0" executionId="dad778a2-4413-4e30-ba2c-edde8699762e" testListId="8c84fa94-04c1-424b-9868-57a2d4851a1d" />
    <TestEntry testId="23f10ad3-1c7d-0c36-f1c7-c3a9f6464a54" executionId="beee62e0-7716-43d5-ac1b-18067cc45b3c" testListId="8c84fa94-04c1-424b-9868-57a2d4851a1d" />
    <TestEntry testId="2f6e5f74-38ca-d946-5bf7-bb2a9de9dae4" executionId="0de859d3-280b-4d45-b849-fdec2e09cb12" testListId="8c84fa94-04c1-424b-9868-57a2d4851a1d" />
    <TestEntry testId="023964ed-0d7a-25d9-cb1e-7fc29b8d9c01" executionId="612b33bd-ac55-4049-a423-7f53060b5aa1" testListId="8c84fa94-04c1-424b-9868-57a2d4851a1d" />
    <TestEntry testId="5d5045fa-33e4-323b-3761-e56681c42b69" executionId="7d0b2de5-f6ca-4b42-a3a4-572ae674b262" testListId="8c84fa94-04c1-424b-9868-57a2d4851a1d" />
    <TestEntry testId="717de8cb-6f11-fb0d-c462-69b0eb660a5a" executionId="68592fcc-a5d9-4380-b5e1-4f1d718f9b47" testListId="8c84fa94-04c1-424b-9868-57a2d4851a1d" />
    <TestEntry testId="b2c6ec32-a68f-cb26-0530-4d0643de8210" executionId="005a799c-fc08-4527-b4c4-723553addc64" testListId="8c84fa94-04c1-424b-9868-57a2d4851a1d" />
    <TestEntry testId="a8df1477-15ed-6b4a-2c23-5e31ee672bac" executionId="818bd3ce-3231-4d89-a3fa-9da92a00c939" testListId="8c84fa94-04c1-424b-9868-57a2d4851a1d" />
    <TestEntry testId="08706e05-c74a-e894-ef88-19e94044c1f4" executionId="1f5fb726-d69f-4368-b9ff-59b63b71484d" testListId="8c84fa94-04c1-424b-9868-57a2d4851a1d" />
    <TestEntry testId="3f7b17b3-8a76-13f8-49ce-8dab69e2e256" executionId="86421041-aed3-4e3b-86d5-06e41e5d85a0" testListId="8c84fa94-04c1-424b-9868-57a2d4851a1d" />
    <TestEntry testId="40d5f681-7dad-b7be-157f-d8d5a89c555d" executionId="ebdda3e6-c9d6-42fd-a2b5-d66be61dd3cf" testListId="8c84fa94-04c1-424b-9868-57a2d4851a1d" />
    <TestEntry testId="cac6a8ab-fbb3-9685-a925-34386d440698" executionId="3d146cbd-4f8d-489b-9df6-efa43cdf3120" testListId="8c84fa94-04c1-424b-9868-57a2d4851a1d" />
    <TestEntry testId="9124c453-2ed5-e6cd-5dfc-dcbcb9d6d798" executionId="6a6d8177-58c5-4471-88c4-661549038dea" testListId="8c84fa94-04c1-424b-9868-57a2d4851a1d" />
    <TestEntry testId="b1ef11b3-9fb5-3d9f-076c-059c18b5b99a" executionId="0a76146d-b30e-4d31-9471-5d1c9ec04f8a" testListId="8c84fa94-04c1-424b-9868-57a2d4851a1d" />
    <TestEntry testId="c1354363-1668-e539-0624-59d1dcd10755" executionId="dc59c3f8-eb92-4bcb-8383-583a44be280e" testListId="8c84fa94-04c1-424b-9868-57a2d4851a1d" />
    <TestEntry testId="e347d15e-0259-a9cf-ce78-4a761cb8c48e" executionId="c9de5ec8-d442-426f-b609-80d33761107b" testListId="8c84fa94-04c1-424b-9868-57a2d4851a1d" />
    <TestEntry testId="c8e6e58c-b8b7-d30a-16dc-58a01ad394b6" executionId="fd89261c-e2e8-4234-ad1f-b9b6d074cba7" testListId="8c84fa94-04c1-424b-9868-57a2d4851a1d" />
    <TestEntry testId="ca37a1e6-44dd-5d68-fd61-c6de4a10151e" executionId="ac5c8edd-f8d3-446c-a1a6-2c3059c701c6" testListId="8c84fa94-04c1-424b-9868-57a2d4851a1d" />
    <TestEntry testId="47be21c9-15c2-98bd-d85d-92248d7262f1" executionId="61775fb1-ecbd-458b-be02-ef9e3f35cfe2" testListId="8c84fa94-04c1-424b-9868-57a2d4851a1d" />
    <TestEntry testId="4510c0b3-9b33-2bc2-67c8-342452ffffed" executionId="3e4e1522-ac9c-4a2c-8193-e83062816b57" testListId="8c84fa94-04c1-424b-9868-57a2d4851a1d" />
    <TestEntry testId="d3135baa-bc4d-66a0-f6ea-42be298ae441" executionId="32cc6602-db5f-46dd-a0b0-3c42760f133f" testListId="8c84fa94-04c1-424b-9868-57a2d4851a1d" />
    <TestEntry testId="4217bae5-d643-2fed-529c-4ea886e9429b" executionId="8c3e6a0f-08ea-4df5-b828-96f09642434f" testListId="8c84fa94-04c1-424b-9868-57a2d4851a1d" />
    <TestEntry testId="2c7c2870-6750-3f1e-3537-1ddec96efc69" executionId="fb643f5a-b67d-4aed-b6fc-778462909df3" testListId="8c84fa94-04c1-424b-9868-57a2d4851a1d" />
    <TestEntry testId="68d0b409-1128-5fca-81a4-9a3c4289d8e0" executionId="8ce59433-278c-493b-ba75-66070dc4a6fe" testListId="8c84fa94-04c1-424b-9868-57a2d4851a1d" />
    <TestEntry testId="ee320c5e-6dd3-3adc-7d45-f0d26122184d" executionId="57c7090e-255a-4a3c-bec5-f5227ab2d4f5" testListId="8c84fa94-04c1-424b-9868-57a2d4851a1d" />
    <TestEntry testId="5279f80b-77a2-4935-69f2-b200c0c4c347" executionId="831c129e-53bf-4377-aca6-31f313015e46" testListId="8c84fa94-04c1-424b-9868-57a2d4851a1d" />
    <TestEntry testId="47846c92-7777-30a7-8979-55c912807a4a" executionId="ae24a432-923f-4737-a0e1-1af9fe0635e5" testListId="8c84fa94-04c1-424b-9868-57a2d4851a1d" />
    <TestEntry testId="196c0e07-71f8-9de1-23c1-a0bf4e5e95e9" executionId="6c608f5a-eb9c-4e59-b26d-8be803cf7a4f" testListId="8c84fa94-04c1-424b-9868-57a2d4851a1d" />
    <TestEntry testId="84da38ad-5e1a-26b0-cbff-8cf153b48327" executionId="68a116c9-0bf7-4f52-b064-280fcdb18cc5" testListId="8c84fa94-04c1-424b-9868-57a2d4851a1d" />
    <TestEntry testId="5bad9e7e-be29-d8e8-8404-205d1b2ab9fb" executionId="04c42ce5-c553-46a0-8c8b-f3a6fb4c46c4" testListId="8c84fa94-04c1-424b-9868-57a2d4851a1d" />
    <TestEntry testId="c25f5ee7-be3a-02b9-1f3e-16aec9073698" executionId="58817898-a6fe-40a7-a04b-7b9a187d8984" testListId="8c84fa94-04c1-424b-9868-57a2d4851a1d" />
    <TestEntry testId="46145be8-08bf-7b72-8a30-de872ce2e1ef" executionId="6a43c716-47cd-467d-b0b2-5228c4dae530" testListId="8c84fa94-04c1-424b-9868-57a2d4851a1d" />
    <TestEntry testId="c0d97c64-17ca-7c70-1ff4-73d07dad3a9b" executionId="9e99ae8a-1b92-4339-829d-663c7995ce31" testListId="8c84fa94-04c1-424b-9868-57a2d4851a1d" />
    <TestEntry testId="158e77ce-4f96-9fb8-5dea-404efdf4c9bd" executionId="056a0db9-de2b-4a82-8d9b-ba2d51168682" testListId="8c84fa94-04c1-424b-9868-57a2d4851a1d" />
  </TestEntries>
  <TestLists>
    <TestList name="列表中未列出的结果" id="8c84fa94-04c1-424b-9868-57a2d4851a1d" />
    <TestList name="所有已加载的结果" id="19431567-8539-422a-85d7-44ee4e166bda" />
  </TestLists>
  <ResultSummary outcome="Completed">
    <Counters total="38" executed="38" passed="38" failed="0" error="0" timeout="0" aborted="0" inconclusive="0" passedButRunAborted="0" notRunnable="0" notExecuted="0" disconnected="0" warning="0" completed="0" inProgress="0" pending="0" />
    <Output>
      <StdOut>[xUnit.net 00:00:00.00] xUnit.net VSTest Adapter v3.1.4+50e68bbb8b (64-bit .NET 10.0.11)&#xD;
[xUnit.net 00:00:00.54]   Discovering: PlatformSelfCheck.Tests&#xD;
[xUnit.net 00:00:00.61]   Discovered:  PlatformSelfCheck.Tests&#xD;
[xUnit.net 00:00:00.64]   Starting:    PlatformSelfCheck.Tests&#xD;
[xUnit.net 00:00:00.70]   Finished:    PlatformSelfCheck.Tests&#xD;
</StdOut>
    </Output>
  </ResultSummary>
</TestRun>